[2026-09-23T14:05:01.564+0000] {processor.py:186} INFO - Started process (PID=175) to work on /opt/airflow/dags/dss150p_pipeline.py
[2026-09-23T14:05:01.565+0000] {processor.py:914} INFO - Processing file /opt/airflow/dags/dss150p_pipeline.py for tasks to queue
[2026-09-23T14:05:01.568+0000] {logging_mixin.py:190} INFO - [2026-09-23T14:05:01.567+0000] {dagbag.py:588} INFO - Filling up the DagBag from /opt/airflow/dags/dss150p_pipeline.py
[2026-09-23T14:05:01.619+0000] {processor.py:925} INFO - DAG(s) 'dss150p_sales_pipeline' retrieved from /opt/airflow/dags/dss150p_pipeline.py
[2026-09-23T14:05:01.802+0000] {logging_mixin.py:190} INFO - [2026-09-23T14:05:01.801+0000] {override.py:1912} INFO - Created Permission View: can delete on DAG:dss150p_sales_pipeline
[2026-09-23T14:05:01.810+0000] {logging_mixin.py:190} INFO - [2026-09-23T14:05:01.809+0000] {override.py:1912} INFO - Created Permission View: can edit on DAG:dss150p_sales_pipeline
[2026-09-23T14:05:01.816+0000] {logging_mixin.py:190} INFO - [2026-09-23T14:05:01.815+0000] {override.py:1912} INFO - Created Permission View: can read on DAG:dss150p_sales_pipeline
[2026-09-23T14:05:01.823+0000] {logging_mixin.py:190} INFO - [2026-09-23T14:05:01.823+0000] {override.py:1912} INFO - Created Permission View: menu access on DAG Run:dss150p_sales_pipeline
[2026-09-23T14:05:01.829+0000] {logging_mixin.py:190} INFO - [2026-09-23T14:05:01.828+0000] {override.py:1912} INFO - Created Permission View: can delete on DAG Run:dss150p_sales_pipeline
[2026-09-23T14:05:01.836+0000] {logging_mixin.py:190} INFO - [2026-09-23T14:05:01.836+0000] {override.py:1912} INFO - Created Permission View: can read on DAG Run:dss150p_sales_pipeline
[2026-09-23T14:05:01.843+0000] {logging_mixin.py:190} INFO - [2026-09-23T14:05:01.843+0000] {override.py:1912} INFO - Created Permission View: can create on DAG Run:dss150p_sales_pipeline
[2026-09-23T14:05:01.844+0000] {logging_mixin.py:190} INFO - [2026-09-23T14:05:01.844+0000] {dag.py:3239} INFO - Sync 1 DAGs
[2026-09-23T14:05:01.856+0000] {logging_mixin.py:190} INFO - [2026-09-23T14:05:01.855+0000] {dag.py:3262} INFO - Creating ORM DAG for dss150p_sales_pipeline
[2026-09-23T14:05:01.867+0000] {logging_mixin.py:190} INFO - [2026-09-23T14:05:01.866+0000] {dag.py:4180} INFO - Setting next_dagrun for dss150p_sales_pipeline to 2026-09-22 02:00:00+00:00, run_after=2026-09-23 02:00:00+00:00
[2026-09-23T14:05:01.884+0000] {processor.py:208} INFO - Processing /opt/airflow/dags/dss150p_pipeline.py took 0.326 seconds
[2026-09-23T14:05:32.089+0000] {processor.py:186} INFO - Started process (PID=180) to work on /opt/airflow/dags/dss150p_pipeline.py
[2026-09-23T14:05:32.091+0000] {processor.py:914} INFO - Processing file /opt/airflow/dags/dss150p_pipeline.py for tasks to queue
[2026-09-23T14:05:32.094+0000] {logging_mixin.py:190} INFO - [2026-09-23T14:05:32.094+0000] {dagbag.py:588} INFO - Filling up the DagBag from /opt/airflow/dags/dss150p_pipeline.py
[2026-09-23T14:05:32.127+0000] {processor.py:925} INFO - DAG(s) 'dss150p_sales_pipeline' retrieved from /opt/airflow/dags/dss150p_pipeline.py
[2026-09-23T14:05:32.182+0000] {logging_mixin.py:190} INFO - [2026-09-23T14:05:32.182+0000] {dag.py:3239} INFO - Sync 1 DAGs
[2026-09-23T14:05:32.202+0000] {logging_mixin.py:190} INFO - [2026-09-23T14:05:32.202+0000] {dag.py:4180} INFO - Setting next_dagrun for dss150p_sales_pipeline to 2026-09-22 02:00:00+00:00, run_after=2026-09-23 02:00:00+00:00
[2026-09-23T14:05:32.222+0000] {processor.py:208} INFO - Processing /opt/airflow/dags/dss150p_pipeline.py took 0.140 seconds
[2026-09-23T14:06:02.263+0000] {processor.py:186} INFO - Started process (PID=185) to work on /opt/airflow/dags/dss150p_pipeline.py
[2026-09-23T14:06:02.265+0000] {processor.py:914} INFO - Processing file /opt/airflow/dags/dss150p_pipeline.py for tasks to queue
[2026-09-23T14:06:02.267+0000] {logging_mixin.py:190} INFO - [2026-09-23T14:06:02.267+0000] {dagbag.py:588} INFO - Filling up the DagBag from /opt/airflow/dags/dss150p_pipeline.py
[2026-09-23T14:06:02.286+0000] {processor.py:925} INFO - DAG(s) 'dss150p_sales_pipeline' retrieved from /opt/airflow/dags/dss150p_pipeline.py
[2026-09-23T14:06:02.327+0000] {logging_mixin.py:190} INFO - [2026-09-23T14:06:02.327+0000] {dag.py:3239} INFO - Sync 1 DAGs
[2026-09-23T14:06:02.349+0000] {logging_mixin.py:190} INFO - [2026-09-23T14:06:02.348+0000] {dag.py:4180} INFO - Setting next_dagrun for dss150p_sales_pipeline to 2026-09-22 02:00:00+00:00, run_after=2026-09-23 02:00:00+00:00
[2026-09-23T14:06:02.364+0000] {processor.py:208} INFO - Processing /opt/airflow/dags/dss150p_pipeline.py took 0.105 seconds
[2026-09-23T14:06:32.478+0000] {processor.py:186} INFO - Started process (PID=190) to work on /opt/airflow/dags/dss150p_pipeline.py
[2026-09-23T14:06:32.479+0000] {processor.py:914} INFO - Processing file /opt/airflow/dags/dss150p_pipeline.py for tasks to queue
[2026-09-23T14:06:32.481+0000] {logging_mixin.py:190} INFO - [2026-09-23T14:06:32.481+0000] {dagbag.py:588} INFO - Filling up the DagBag from /opt/airflow/dags/dss150p_pipeline.py
[2026-09-23T14:06:32.501+0000] {processor.py:925} INFO - DAG(s) 'dss150p_sales_pipeline' retrieved from /opt/airflow/dags/dss150p_pipeline.py
[2026-09-23T14:06:32.543+0000] {logging_mixin.py:190} INFO - [2026-09-23T14:06:32.543+0000] {dag.py:3239} INFO - Sync 1 DAGs
[2026-09-23T14:06:32.561+0000] {logging_mixin.py:190} INFO - [2026-09-23T14:06:32.560+0000] {dag.py:4180} INFO - Setting next_dagrun for dss150p_sales_pipeline to 2026-09-22 02:00:00+00:00, run_after=2026-09-23 02:00:00+00:00
[2026-09-23T14:06:32.587+0000] {processor.py:208} INFO - Processing /opt/airflow/dags/dss150p_pipeline.py took 0.114 seconds
[2026-09-23T14:07:02.761+0000] {processor.py:186} INFO - Started process (PID=195) to work on /opt/airflow/dags/dss150p_pipeline.py
[2026-09-23T14:07:02.764+0000] {processor.py:914} INFO - Processing file /opt/airflow/dags/dss150p_pipeline.py for tasks to queue
[2026-09-23T14:07:02.768+0000] {logging_mixin.py:190} INFO - [2026-09-23T14:07:02.767+0000] {dagbag.py:588} INFO - Filling up the DagBag from /opt/airflow/dags/dss150p_pipeline.py
[2026-09-23T14:07:02.803+0000] {processor.py:925} INFO - DAG(s) 'dss150p_sales_pipeline' retrieved from /opt/airflow/dags/dss150p_pipeline.py
[2026-09-23T14:07:02.844+0000] {logging_mixin.py:190} INFO - [2026-09-23T14:07:02.844+0000] {dag.py:3239} INFO - Sync 1 DAGs
[2026-09-23T14:07:02.860+0000] {logging_mixin.py:190} INFO - [2026-09-23T14:07:02.860+0000] {dag.py:4180} INFO - Setting next_dagrun for dss150p_sales_pipeline to 2026-09-22 02:00:00+00:00, run_after=2026-09-23 02:00:00+00:00
[2026-09-23T14:07:02.877+0000] {processor.py:208} INFO - Processing /opt/airflow/dags/dss150p_pipeline.py took 0.122 seconds
[2026-09-23T14:07:32.988+0000] {processor.py:186} INFO - Started process (PID=200) to work on /opt/airflow/dags/dss150p_pipeline.py
[2026-09-23T14:07:32.989+0000] {processor.py:914} INFO - Processing file /opt/airflow/dags/dss150p_pipeline.py for tasks to queue
[2026-09-23T14:07:32.991+0000] {logging_mixin.py:190} INFO - [2026-09-23T14:07:32.991+0000] {dagbag.py:588} INFO - Filling up the DagBag from /opt/airflow/dags/dss150p_pipeline.py
[2026-09-23T14:07:33.008+0000] {processor.py:925} INFO - DAG(s) 'dss150p_sales_pipeline' retrieved from /opt/airflow/dags/dss150p_pipeline.py
[2026-09-23T14:07:33.059+0000] {logging_mixin.py:190} INFO - [2026-09-23T14:07:33.059+0000] {dag.py:3239} INFO - Sync 1 DAGs
[2026-09-23T14:07:33.076+0000] {logging_mixin.py:190} INFO - [2026-09-23T14:07:33.076+0000] {dag.py:4180} INFO - Setting next_dagrun for dss150p_sales_pipeline to 2026-09-22 02:00:00+00:00, run_after=2026-09-23 02:00:00+00:00
[2026-09-23T14:07:33.098+0000] {processor.py:208} INFO - Processing /opt/airflow/dags/dss150p_pipeline.py took 0.115 seconds
[2026-09-23T14:08:03.336+0000] {processor.py:186} INFO - Started process (PID=205) to work on /opt/airflow/dags/dss150p_pipeline.py
[2026-09-23T14:08:03.337+0000] {processor.py:914} INFO - Processing file /opt/airflow/dags/dss150p_pipeline.py for tasks to queue
[2026-09-23T14:08:03.339+0000] {logging_mixin.py:190} INFO - [2026-09-23T14:08:03.339+0000] {dagbag.py:588} INFO - Filling up the DagBag from /opt/airflow/dags/dss150p_pipeline.py
[2026-09-23T14:08:03.355+0000] {processor.py:925} INFO - DAG(s) 'dss150p_sales_pipeline' retrieved from /opt/airflow/dags/dss150p_pipeline.py
[2026-09-23T14:08:03.388+0000] {logging_mixin.py:190} INFO - [2026-09-23T14:08:03.388+0000] {dag.py:3239} INFO - Sync 1 DAGs
[2026-09-23T14:08:03.401+0000] {logging_mixin.py:190} INFO - [2026-09-23T14:08:03.401+0000] {dag.py:4180} INFO - Setting next_dagrun for dss150p_sales_pipeline to 2026-09-22 02:00:00+00:00, run_after=2026-09-23 02:00:00+00:00
[2026-09-23T14:08:03.417+0000] {processor.py:208} INFO - Processing /opt/airflow/dags/dss150p_pipeline.py took 0.085 seconds
[2026-09-23T14:08:33.568+0000] {processor.py:186} INFO - Started process (PID=229) to work on /opt/airflow/dags/dss150p_pipeline.py
[2026-09-23T14:08:33.572+0000] {processor.py:914} INFO - Processing file /opt/airflow/dags/dss150p_pipeline.py for tasks to queue
[2026-09-23T14:08:33.576+0000] {logging_mixin.py:190} INFO - [2026-09-23T14:08:33.575+0000] {dagbag.py:588} INFO - Filling up the DagBag from /opt/airflow/dags/dss150p_pipeline.py
[2026-09-23T14:08:33.605+0000] {processor.py:925} INFO - DAG(s) 'dss150p_sales_pipeline' retrieved from /opt/airflow/dags/dss150p_pipeline.py
[2026-09-23T14:08:33.650+0000] {logging_mixin.py:190} INFO - [2026-09-23T14:08:33.650+0000] {dag.py:3239} INFO - Sync 1 DAGs
[2026-09-23T14:08:33.669+0000] {logging_mixin.py:190} INFO - [2026-09-23T14:08:33.668+0000] {dag.py:4180} INFO - Setting next_dagrun for dss150p_sales_pipeline to 2026-09-23 02:00:00+00:00, run_after=2026-09-24 02:00:00+00:00
[2026-09-23T14:08:33.688+0000] {processor.py:208} INFO - Processing /opt/airflow/dags/dss150p_pipeline.py took 0.137 seconds
[2026-09-23T14:09:03.796+0000] {processor.py:186} INFO - Started process (PID=295) to work on /opt/airflow/dags/dss150p_pipeline.py
[2026-09-23T14:09:03.797+0000] {processor.py:914} INFO - Processing file /opt/airflow/dags/dss150p_pipeline.py for tasks to queue
[2026-09-23T14:09:03.799+0000] {logging_mixin.py:190} INFO - [2026-09-23T14:09:03.799+0000] {dagbag.py:588} INFO - Filling up the DagBag from /opt/airflow/dags/dss150p_pipeline.py
[2026-09-23T14:09:03.814+0000] {processor.py:925} INFO - DAG(s) 'dss150p_sales_pipeline' retrieved from /opt/airflow/dags/dss150p_pipeline.py
[2026-09-23T14:09:03.844+0000] {logging_mixin.py:190} INFO - [2026-09-23T14:09:03.844+0000] {dag.py:3239} INFO - Sync 1 DAGs
[2026-09-23T14:09:03.860+0000] {logging_mixin.py:190} INFO - [2026-09-23T14:09:03.860+0000] {dag.py:4180} INFO - Setting next_dagrun for dss150p_sales_pipeline to 2026-09-23 02:00:00+00:00, run_after=2026-09-24 02:00:00+00:00
[2026-09-23T14:09:03.876+0000] {processor.py:208} INFO - Processing /opt/airflow/dags/dss150p_pipeline.py took 0.084 seconds
[2026-09-23T14:09:34.052+0000] {processor.py:186} INFO - Started process (PID=300) to work on /opt/airflow/dags/dss150p_pipeline.py
[2026-09-23T14:09:34.053+0000] {processor.py:914} INFO - Processing file /opt/airflow/dags/dss150p_pipeline.py for tasks to queue
[2026-09-23T14:09:34.056+0000] {logging_mixin.py:190} INFO - [2026-09-23T14:09:34.055+0000] {dagbag.py:588} INFO - Filling up the DagBag from /opt/airflow/dags/dss150p_pipeline.py
[2026-09-23T14:09:34.074+0000] {processor.py:925} INFO - DAG(s) 'dss150p_sales_pipeline' retrieved from /opt/airflow/dags/dss150p_pipeline.py
[2026-09-23T14:09:34.107+0000] {logging_mixin.py:190} INFO - [2026-09-23T14:09:34.107+0000] {dag.py:3239} INFO - Sync 1 DAGs
[2026-09-23T14:09:34.123+0000] {logging_mixin.py:190} INFO - [2026-09-23T14:09:34.123+0000] {dag.py:4180} INFO - Setting next_dagrun for dss150p_sales_pipeline to 2026-09-23 02:00:00+00:00, run_after=2026-09-24 02:00:00+00:00
[2026-09-23T14:09:34.140+0000] {processor.py:208} INFO - Processing /opt/airflow/dags/dss150p_pipeline.py took 0.093 seconds
[2026-09-23T14:10:04.291+0000] {processor.py:186} INFO - Started process (PID=345) to work on /opt/airflow/dags/dss150p_pipeline.py
[2026-09-23T14:10:04.292+0000] {processor.py:914} INFO - Processing file /opt/airflow/dags/dss150p_pipeline.py for tasks to queue
[2026-09-23T14:10:04.294+0000] {logging_mixin.py:190} INFO - [2026-09-23T14:10:04.294+0000] {dagbag.py:588} INFO - Filling up the DagBag from /opt/airflow/dags/dss150p_pipeline.py
[2026-09-23T14:10:04.316+0000] {processor.py:925} INFO - DAG(s) 'dss150p_sales_pipeline' retrieved from /opt/airflow/dags/dss150p_pipeline.py
[2026-09-23T14:10:04.349+0000] {logging_mixin.py:190} INFO - [2026-09-23T14:10:04.349+0000] {dag.py:3239} INFO - Sync 1 DAGs
[2026-09-23T14:10:04.364+0000] {logging_mixin.py:190} INFO - [2026-09-23T14:10:04.363+0000] {dag.py:4180} INFO - Setting next_dagrun for dss150p_sales_pipeline to 2026-09-23 02:00:00+00:00, run_after=2026-09-24 02:00:00+00:00
[2026-09-23T14:10:04.379+0000] {processor.py:208} INFO - Processing /opt/airflow/dags/dss150p_pipeline.py took 0.092 seconds
[2026-09-23T14:10:34.505+0000] {processor.py:186} INFO - Started process (PID=350) to work on /opt/airflow/dags/dss150p_pipeline.py
[2026-09-23T14:10:34.506+0000] {processor.py:914} INFO - Processing file /opt/airflow/dags/dss150p_pipeline.py for tasks to queue
[2026-09-23T14:10:34.508+0000] {logging_mixin.py:190} INFO - [2026-09-23T14:10:34.508+0000] {dagbag.py:588} INFO - Filling up the DagBag from /opt/airflow/dags/dss150p_pipeline.py
[2026-09-23T14:10:34.531+0000] {processor.py:925} INFO - DAG(s) 'dss150p_sales_pipeline' retrieved from /opt/airflow/dags/dss150p_pipeline.py
[2026-09-23T14:10:34.569+0000] {logging_mixin.py:190} INFO - [2026-09-23T14:10:34.569+0000] {dag.py:3239} INFO - Sync 1 DAGs
[2026-09-23T14:10:34.583+0000] {logging_mixin.py:190} INFO - [2026-09-23T14:10:34.583+0000] {dag.py:4180} INFO - Setting next_dagrun for dss150p_sales_pipeline to 2026-09-23 02:00:00+00:00, run_after=2026-09-24 02:00:00+00:00
[2026-09-23T14:10:34.598+0000] {processor.py:208} INFO - Processing /opt/airflow/dags/dss150p_pipeline.py took 0.098 seconds
[2026-09-23T14:11:04.743+0000] {processor.py:186} INFO - Started process (PID=395) to work on /opt/airflow/dags/dss150p_pipeline.py
[2026-09-23T14:11:04.744+0000] {processor.py:914} INFO - Processing file /opt/airflow/dags/dss150p_pipeline.py for tasks to queue
[2026-09-23T14:11:04.748+0000] {logging_mixin.py:190} INFO - [2026-09-23T14:11:04.748+0000] {dagbag.py:588} INFO - Filling up the DagBag from /opt/airflow/dags/dss150p_pipeline.py
[2026-09-23T14:11:04.782+0000] {processor.py:925} INFO - DAG(s) 'dss150p_sales_pipeline' retrieved from /opt/airflow/dags/dss150p_pipeline.py
[2026-09-23T14:11:04.827+0000] {logging_mixin.py:190} INFO - [2026-09-23T14:11:04.827+0000] {dag.py:3239} INFO - Sync 1 DAGs
[2026-09-23T14:11:04.845+0000] {logging_mixin.py:190} INFO - [2026-09-23T14:11:04.845+0000] {dag.py:4180} INFO - Setting next_dagrun for dss150p_sales_pipeline to 2026-09-23 02:00:00+00:00, run_after=2026-09-24 02:00:00+00:00
[2026-09-23T14:11:04.861+0000] {processor.py:208} INFO - Processing /opt/airflow/dags/dss150p_pipeline.py took 0.123 seconds
[2026-09-23T14:11:34.952+0000] {processor.py:186} INFO - Started process (PID=400) to work on /opt/airflow/dags/dss150p_pipeline.py
[2026-09-23T14:11:34.953+0000] {processor.py:914} INFO - Processing file /opt/airflow/dags/dss150p_pipeline.py for tasks to queue
[2026-09-23T14:11:34.955+0000] {logging_mixin.py:190} INFO - [2026-09-23T14:11:34.955+0000] {dagbag.py:588} INFO - Filling up the DagBag from /opt/airflow/dags/dss150p_pipeline.py
[2026-09-23T14:11:34.977+0000] {processor.py:925} INFO - DAG(s) 'dss150p_sales_pipeline' retrieved from /opt/airflow/dags/dss150p_pipeline.py
[2026-09-23T14:11:35.023+0000] {logging_mixin.py:190} INFO - [2026-09-23T14:11:35.023+0000] {dag.py:3239} INFO - Sync 1 DAGs
[2026-09-23T14:11:35.040+0000] {logging_mixin.py:190} INFO - [2026-09-23T14:11:35.040+0000] {dag.py:4180} INFO - Setting next_dagrun for dss150p_sales_pipeline to 2026-09-23 02:00:00+00:00, run_after=2026-09-24 02:00:00+00:00
[2026-09-23T14:11:35.057+0000] {processor.py:208} INFO - Processing /opt/airflow/dags/dss150p_pipeline.py took 0.110 seconds
[2026-09-23T14:12:05.246+0000] {processor.py:186} INFO - Started process (PID=405) to work on /opt/airflow/dags/dss150p_pipeline.py
[2026-09-23T14:12:05.248+0000] {processor.py:914} INFO - Processing file /opt/airflow/dags/dss150p_pipeline.py for tasks to queue
[2026-09-23T14:12:05.251+0000] {logging_mixin.py:190} INFO - [2026-09-23T14:12:05.250+0000] {dagbag.py:588} INFO - Filling up the DagBag from /opt/airflow/dags/dss150p_pipeline.py
[2026-09-23T14:12:05.278+0000] {processor.py:925} INFO - DAG(s) 'dss150p_sales_pipeline' retrieved from /opt/airflow/dags/dss150p_pipeline.py
[2026-09-23T14:12:05.313+0000] {logging_mixin.py:190} INFO - [2026-09-23T14:12:05.313+0000] {dag.py:3239} INFO - Sync 1 DAGs
[2026-09-23T14:12:05.329+0000] {logging_mixin.py:190} INFO - [2026-09-23T14:12:05.329+0000] {dag.py:4180} INFO - Setting next_dagrun for dss150p_sales_pipeline to 2026-09-23 02:00:00+00:00, run_after=2026-09-24 02:00:00+00:00
[2026-09-23T14:12:05.346+0000] {processor.py:208} INFO - Processing /opt/airflow/dags/dss150p_pipeline.py took 0.105 seconds
[2026-09-23T14:12:35.436+0000] {processor.py:186} INFO - Started process (PID=504) to work on /opt/airflow/dags/dss150p_pipeline.py
[2026-09-23T14:12:35.437+0000] {processor.py:914} INFO - Processing file /opt/airflow/dags/dss150p_pipeline.py for tasks to queue
[2026-09-23T14:12:35.441+0000] {logging_mixin.py:190} INFO - [2026-09-23T14:12:35.441+0000] {dagbag.py:588} INFO - Filling up the DagBag from /opt/airflow/dags/dss150p_pipeline.py
[2026-09-23T14:12:35.478+0000] {processor.py:925} INFO - DAG(s) 'dss150p_sales_pipeline' retrieved from /opt/airflow/dags/dss150p_pipeline.py
[2026-09-23T14:12:35.524+0000] {logging_mixin.py:190} INFO - [2026-09-23T14:12:35.523+0000] {dag.py:3239} INFO - Sync 1 DAGs
[2026-09-23T14:12:35.542+0000] {logging_mixin.py:190} INFO - [2026-09-23T14:12:35.542+0000] {dag.py:4180} INFO - Setting next_dagrun for dss150p_sales_pipeline to 2026-09-23 02:00:00+00:00, run_after=2026-09-24 02:00:00+00:00
[2026-09-23T14:12:35.561+0000] {processor.py:208} INFO - Processing /opt/airflow/dags/dss150p_pipeline.py took 0.131 seconds
[2026-09-23T14:13:05.723+0000] {processor.py:186} INFO - Started process (PID=509) to work on /opt/airflow/dags/dss150p_pipeline.py
[2026-09-23T14:13:05.724+0000] {processor.py:914} INFO - Processing file /opt/airflow/dags/dss150p_pipeline.py for tasks to queue
[2026-09-23T14:13:05.728+0000] {logging_mixin.py:190} INFO - [2026-09-23T14:13:05.728+0000] {dagbag.py:588} INFO - Filling up the DagBag from /opt/airflow/dags/dss150p_pipeline.py
[2026-09-23T14:13:05.748+0000] {processor.py:925} INFO - DAG(s) 'dss150p_sales_pipeline' retrieved from /opt/airflow/dags/dss150p_pipeline.py
[2026-09-23T14:13:05.786+0000] {logging_mixin.py:190} INFO - [2026-09-23T14:13:05.786+0000] {dag.py:3239} INFO - Sync 1 DAGs
[2026-09-23T14:13:05.801+0000] {logging_mixin.py:190} INFO - [2026-09-23T14:13:05.801+0000] {dag.py:4180} INFO - Setting next_dagrun for dss150p_sales_pipeline to 2026-09-23 02:00:00+00:00, run_after=2026-09-24 02:00:00+00:00
[2026-09-23T14:13:05.816+0000] {processor.py:208} INFO - Processing /opt/airflow/dags/dss150p_pipeline.py took 0.098 seconds
[2026-09-23T14:13:35.944+0000] {processor.py:186} INFO - Started process (PID=514) to work on /opt/airflow/dags/dss150p_pipeline.py
[2026-09-23T14:13:35.946+0000] {processor.py:914} INFO - Processing file /opt/airflow/dags/dss150p_pipeline.py for tasks to queue
[2026-09-23T14:13:35.950+0000] {logging_mixin.py:190} INFO - [2026-09-23T14:13:35.949+0000] {dagbag.py:588} INFO - Filling up the DagBag from /opt/airflow/dags/dss150p_pipeline.py
[2026-09-23T14:13:35.981+0000] {processor.py:925} INFO - DAG(s) 'dss150p_sales_pipeline' retrieved from /opt/airflow/dags/dss150p_pipeline.py
[2026-09-23T14:13:36.027+0000] {logging_mixin.py:190} INFO - [2026-09-23T14:13:36.027+0000] {dag.py:3239} INFO - Sync 1 DAGs
[2026-09-23T14:13:36.042+0000] {logging_mixin.py:190} INFO - [2026-09-23T14:13:36.041+0000] {dag.py:4180} INFO - Setting next_dagrun for dss150p_sales_pipeline to 2026-09-23 02:00:00+00:00, run_after=2026-09-24 02:00:00+00:00
[2026-09-23T14:13:36.060+0000] {processor.py:208} INFO - Processing /opt/airflow/dags/dss150p_pipeline.py took 0.122 seconds
[2026-09-23T14:14:06.189+0000] {processor.py:186} INFO - Started process (PID=519) to work on /opt/airflow/dags/dss150p_pipeline.py
[2026-09-23T14:14:06.190+0000] {processor.py:914} INFO - Processing file /opt/airflow/dags/dss150p_pipeline.py for tasks to queue
[2026-09-23T14:14:06.192+0000] {logging_mixin.py:190} INFO - [2026-09-23T14:14:06.192+0000] {dagbag.py:588} INFO - Filling up the DagBag from /opt/airflow/dags/dss150p_pipeline.py
[2026-09-23T14:14:06.212+0000] {processor.py:925} INFO - DAG(s) 'dss150p_sales_pipeline' retrieved from /opt/airflow/dags/dss150p_pipeline.py
[2026-09-23T14:14:06.247+0000] {logging_mixin.py:190} INFO - [2026-09-23T14:14:06.247+0000] {dag.py:3239} INFO - Sync 1 DAGs
[2026-09-23T14:14:06.263+0000] {logging_mixin.py:190} INFO - [2026-09-23T14:14:06.263+0000] {dag.py:4180} INFO - Setting next_dagrun for dss150p_sales_pipeline to 2026-09-23 02:00:00+00:00, run_after=2026-09-24 02:00:00+00:00
[2026-09-23T14:14:06.278+0000] {processor.py:208} INFO - Processing /opt/airflow/dags/dss150p_pipeline.py took 0.094 seconds
[2026-09-23T14:14:36.467+0000] {processor.py:186} INFO - Started process (PID=524) to work on /opt/airflow/dags/dss150p_pipeline.py
[2026-09-23T14:14:36.468+0000] {processor.py:914} INFO - Processing file /opt/airflow/dags/dss150p_pipeline.py for tasks to queue
[2026-09-23T14:14:36.472+0000] {logging_mixin.py:190} INFO - [2026-09-23T14:14:36.472+0000] {dagbag.py:588} INFO - Filling up the DagBag from /opt/airflow/dags/dss150p_pipeline.py
[2026-09-23T14:14:36.494+0000] {processor.py:925} INFO - DAG(s) 'dss150p_sales_pipeline' retrieved from /opt/airflow/dags/dss150p_pipeline.py
[2026-09-23T14:14:36.529+0000] {logging_mixin.py:190} INFO - [2026-09-23T14:14:36.529+0000] {dag.py:3239} INFO - Sync 1 DAGs
[2026-09-23T14:14:36.546+0000] {logging_mixin.py:190} INFO - [2026-09-23T14:14:36.546+0000] {dag.py:4180} INFO - Setting next_dagrun for dss150p_sales_pipeline to 2026-09-23 02:00:00+00:00, run_after=2026-09-24 02:00:00+00:00
[2026-09-23T14:14:36.563+0000] {processor.py:208} INFO - Processing /opt/airflow/dags/dss150p_pipeline.py took 0.101 seconds
[2026-09-23T14:15:06.713+0000] {processor.py:186} INFO - Started process (PID=529) to work on /opt/airflow/dags/dss150p_pipeline.py
[2026-09-23T14:15:06.715+0000] {processor.py:914} INFO - Processing file /opt/airflow/dags/dss150p_pipeline.py for tasks to queue
[2026-09-23T14:15:06.717+0000] {logging_mixin.py:190} INFO - [2026-09-23T14:15:06.717+0000] {dagbag.py:588} INFO - Filling up the DagBag from /opt/airflow/dags/dss150p_pipeline.py
[2026-09-23T14:15:06.744+0000] {processor.py:925} INFO - DAG(s) 'dss150p_sales_pipeline' retrieved from /opt/airflow/dags/dss150p_pipeline.py
[2026-09-23T14:15:06.785+0000] {logging_mixin.py:190} INFO - [2026-09-23T14:15:06.785+0000] {dag.py:3239} INFO - Sync 1 DAGs
[2026-09-23T14:15:06.799+0000] {logging_mixin.py:190} INFO - [2026-09-23T14:15:06.799+0000] {dag.py:4180} INFO - Setting next_dagrun for dss150p_sales_pipeline to 2026-09-23 02:00:00+00:00, run_after=2026-09-24 02:00:00+00:00
[2026-09-23T14:15:06.815+0000] {processor.py:208} INFO - Processing /opt/airflow/dags/dss150p_pipeline.py took 0.107 seconds
[2026-09-23T14:15:36.934+0000] {processor.py:186} INFO - Started process (PID=651) to work on /opt/airflow/dags/dss150p_pipeline.py
[2026-09-23T14:15:36.935+0000] {processor.py:914} INFO - Processing file /opt/airflow/dags/dss150p_pipeline.py for tasks to queue
[2026-09-23T14:15:36.937+0000] {logging_mixin.py:190} INFO - [2026-09-23T14:15:36.937+0000] {dagbag.py:588} INFO - Filling up the DagBag from /opt/airflow/dags/dss150p_pipeline.py
[2026-09-23T14:15:36.956+0000] {processor.py:925} INFO - DAG(s) 'dss150p_sales_pipeline' retrieved from /opt/airflow/dags/dss150p_pipeline.py
[2026-09-23T14:15:36.992+0000] {logging_mixin.py:190} INFO - [2026-09-23T14:15:36.992+0000] {dag.py:3239} INFO - Sync 1 DAGs
[2026-09-23T14:15:37.008+0000] {logging_mixin.py:190} INFO - [2026-09-23T14:15:37.008+0000] {dag.py:4180} INFO - Setting next_dagrun for dss150p_sales_pipeline to 2026-09-23 02:00:00+00:00, run_after=2026-09-24 02:00:00+00:00
[2026-09-23T14:15:37.023+0000] {processor.py:208} INFO - Processing /opt/airflow/dags/dss150p_pipeline.py took 0.094 seconds
[2026-09-23T14:16:07.162+0000] {processor.py:186} INFO - Started process (PID=656) to work on /opt/airflow/dags/dss150p_pipeline.py
[2026-09-23T14:16:07.163+0000] {processor.py:914} INFO - Processing file /opt/airflow/dags/dss150p_pipeline.py for tasks to queue
[2026-09-23T14:16:07.165+0000] {logging_mixin.py:190} INFO - [2026-09-23T14:16:07.164+0000] {dagbag.py:588} INFO - Filling up the DagBag from /opt/airflow/dags/dss150p_pipeline.py
[2026-09-23T14:16:07.197+0000] {processor.py:925} INFO - DAG(s) 'dss150p_sales_pipeline' retrieved from /opt/airflow/dags/dss150p_pipeline.py
[2026-09-23T14:16:07.226+0000] {logging_mixin.py:190} INFO - [2026-09-23T14:16:07.226+0000] {dag.py:3239} INFO - Sync 1 DAGs
[2026-09-23T14:16:07.240+0000] {logging_mixin.py:190} INFO - [2026-09-23T14:16:07.240+0000] {dag.py:4180} INFO - Setting next_dagrun for dss150p_sales_pipeline to 2026-09-23 02:00:00+00:00, run_after=2026-09-24 02:00:00+00:00
[2026-09-23T14:16:07.257+0000] {processor.py:208} INFO - Processing /opt/airflow/dags/dss150p_pipeline.py took 0.099 seconds
[2026-09-23T14:16:37.380+0000] {processor.py:186} INFO - Started process (PID=661) to work on /opt/airflow/dags/dss150p_pipeline.py
[2026-09-23T14:16:37.382+0000] {processor.py:914} INFO - Processing file /opt/airflow/dags/dss150p_pipeline.py for tasks to queue
[2026-09-23T14:16:37.384+0000] {logging_mixin.py:190} INFO - [2026-09-23T14:16:37.384+0000] {dagbag.py:588} INFO - Filling up the DagBag from /opt/airflow/dags/dss150p_pipeline.py
[2026-09-23T14:16:37.403+0000] {processor.py:925} INFO - DAG(s) 'dss150p_sales_pipeline' retrieved from /opt/airflow/dags/dss150p_pipeline.py
[2026-09-23T14:16:37.438+0000] {logging_mixin.py:190} INFO - [2026-09-23T14:16:37.438+0000] {dag.py:3239} INFO - Sync 1 DAGs
[2026-09-23T14:16:37.454+0000] {logging_mixin.py:190} INFO - [2026-09-23T14:16:37.454+0000] {dag.py:4180} INFO - Setting next_dagrun for dss150p_sales_pipeline to 2026-09-23 02:00:00+00:00, run_after=2026-09-24 02:00:00+00:00
[2026-09-23T14:16:37.470+0000] {processor.py:208} INFO - Processing /opt/airflow/dags/dss150p_pipeline.py took 0.096 seconds
[2026-09-23T14:17:07.622+0000] {processor.py:186} INFO - Started process (PID=666) to work on /opt/airflow/dags/dss150p_pipeline.py
[2026-09-23T14:17:07.623+0000] {processor.py:914} INFO - Processing file /opt/airflow/dags/dss150p_pipeline.py for tasks to queue
[2026-09-23T14:17:07.626+0000] {logging_mixin.py:190} INFO - [2026-09-23T14:17:07.626+0000] {dagbag.py:588} INFO - Filling up the DagBag from /opt/airflow/dags/dss150p_pipeline.py
[2026-09-23T14:17:07.657+0000] {processor.py:925} INFO - DAG(s) 'dss150p_sales_pipeline' retrieved from /opt/airflow/dags/dss150p_pipeline.py
[2026-09-23T14:17:07.694+0000] {logging_mixin.py:190} INFO - [2026-09-23T14:17:07.694+0000] {dag.py:3239} INFO - Sync 1 DAGs
[2026-09-23T14:17:07.709+0000] {logging_mixin.py:190} INFO - [2026-09-23T14:17:07.709+0000] {dag.py:4180} INFO - Setting next_dagrun for dss150p_sales_pipeline to 2026-09-23 02:00:00+00:00, run_after=2026-09-24 02:00:00+00:00
[2026-09-23T14:17:07.723+0000] {processor.py:208} INFO - Processing /opt/airflow/dags/dss150p_pipeline.py took 0.106 seconds
[2026-09-23T14:17:37.824+0000] {processor.py:186} INFO - Started process (PID=711) to work on /opt/airflow/dags/dss150p_pipeline.py
[2026-09-23T14:17:37.825+0000] {processor.py:914} INFO - Processing file /opt/airflow/dags/dss150p_pipeline.py for tasks to queue
[2026-09-23T14:17:37.827+0000] {logging_mixin.py:190} INFO - [2026-09-23T14:17:37.827+0000] {dagbag.py:588} INFO - Filling up the DagBag from /opt/airflow/dags/dss150p_pipeline.py
[2026-09-23T14:17:37.845+0000] {processor.py:925} INFO - DAG(s) 'dss150p_sales_pipeline' retrieved from /opt/airflow/dags/dss150p_pipeline.py
[2026-09-23T14:17:37.884+0000] {logging_mixin.py:190} INFO - [2026-09-23T14:17:37.884+0000] {dag.py:3239} INFO - Sync 1 DAGs
[2026-09-23T14:17:37.899+0000] {logging_mixin.py:190} INFO - [2026-09-23T14:17:37.899+0000] {dag.py:4180} INFO - Setting next_dagrun for dss150p_sales_pipeline to 2026-09-23 02:00:00+00:00, run_after=2026-09-24 02:00:00+00:00
[2026-09-23T14:17:37.916+0000] {processor.py:208} INFO - Processing /opt/airflow/dags/dss150p_pipeline.py took 0.097 seconds
[2026-09-23T14:18:08.133+0000] {processor.py:186} INFO - Started process (PID=716) to work on /opt/airflow/dags/dss150p_pipeline.py
[2026-09-23T14:18:08.135+0000] {processor.py:914} INFO - Processing file /opt/airflow/dags/dss150p_pipeline.py for tasks to queue
[2026-09-23T14:18:08.137+0000] {logging_mixin.py:190} INFO - [2026-09-23T14:18:08.136+0000] {dagbag.py:588} INFO - Filling up the DagBag from /opt/airflow/dags/dss150p_pipeline.py
[2026-09-23T14:18:08.165+0000] {processor.py:925} INFO - DAG(s) 'dss150p_sales_pipeline' retrieved from /opt/airflow/dags/dss150p_pipeline.py
[2026-09-23T14:18:08.211+0000] {logging_mixin.py:190} INFO - [2026-09-23T14:18:08.211+0000] {dag.py:3239} INFO - Sync 1 DAGs
[2026-09-23T14:18:08.229+0000] {logging_mixin.py:190} INFO - [2026-09-23T14:18:08.229+0000] {dag.py:4180} INFO - Setting next_dagrun for dss150p_sales_pipeline to 2026-09-23 02:00:00+00:00, run_after=2026-09-24 02:00:00+00:00
[2026-09-23T14:18:08.245+0000] {processor.py:208} INFO - Processing /opt/airflow/dags/dss150p_pipeline.py took 0.116 seconds
[2026-09-23T14:18:38.344+0000] {processor.py:186} INFO - Started process (PID=781) to work on /opt/airflow/dags/dss150p_pipeline.py
[2026-09-23T14:18:38.345+0000] {processor.py:914} INFO - Processing file /opt/airflow/dags/dss150p_pipeline.py for tasks to queue
[2026-09-23T14:18:38.348+0000] {logging_mixin.py:190} INFO - [2026-09-23T14:18:38.347+0000] {dagbag.py:588} INFO - Filling up the DagBag from /opt/airflow/dags/dss150p_pipeline.py
[2026-09-23T14:18:38.367+0000] {processor.py:925} INFO - DAG(s) 'dss150p_sales_pipeline' retrieved from /opt/airflow/dags/dss150p_pipeline.py
[2026-09-23T14:18:38.411+0000] {logging_mixin.py:190} INFO - [2026-09-23T14:18:38.411+0000] {dag.py:3239} INFO - Sync 1 DAGs
[2026-09-23T14:18:38.430+0000] {logging_mixin.py:190} INFO - [2026-09-23T14:18:38.430+0000] {dag.py:4180} INFO - Setting next_dagrun for dss150p_sales_pipeline to 2026-09-23 02:00:00+00:00, run_after=2026-09-24 02:00:00+00:00
[2026-09-23T14:18:38.449+0000] {processor.py:208} INFO - Processing /opt/airflow/dags/dss150p_pipeline.py took 0.111 seconds
[2026-09-23T14:19:08.628+0000] {processor.py:186} INFO - Started process (PID=786) to work on /opt/airflow/dags/dss150p_pipeline.py
[2026-09-23T14:19:08.629+0000] {processor.py:914} INFO - Processing file /opt/airflow/dags/dss150p_pipeline.py for tasks to queue
[2026-09-23T14:19:08.631+0000] {logging_mixin.py:190} INFO - [2026-09-23T14:19:08.631+0000] {dagbag.py:588} INFO - Filling up the DagBag from /opt/airflow/dags/dss150p_pipeline.py
[2026-09-23T14:19:08.647+0000] {processor.py:925} INFO - DAG(s) 'dss150p_sales_pipeline' retrieved from /opt/airflow/dags/dss150p_pipeline.py
[2026-09-23T14:19:08.678+0000] {logging_mixin.py:190} INFO - [2026-09-23T14:19:08.678+0000] {dag.py:3239} INFO - Sync 1 DAGs
[2026-09-23T14:19:08.693+0000] {logging_mixin.py:190} INFO - [2026-09-23T14:19:08.693+0000] {dag.py:4180} INFO - Setting next_dagrun for dss150p_sales_pipeline to 2026-09-23 02:00:00+00:00, run_after=2026-09-24 02:00:00+00:00
[2026-09-23T14:19:08.707+0000] {processor.py:208} INFO - Processing /opt/airflow/dags/dss150p_pipeline.py took 0.084 seconds
[2026-09-23T14:19:38.826+0000] {processor.py:186} INFO - Started process (PID=831) to work on /opt/airflow/dags/dss150p_pipeline.py
[2026-09-23T14:19:38.827+0000] {processor.py:914} INFO - Processing file /opt/airflow/dags/dss150p_pipeline.py for tasks to queue
[2026-09-23T14:19:38.829+0000] {logging_mixin.py:190} INFO - [2026-09-23T14:19:38.829+0000] {dagbag.py:588} INFO - Filling up the DagBag from /opt/airflow/dags/dss150p_pipeline.py
[2026-09-23T14:19:38.848+0000] {processor.py:925} INFO - DAG(s) 'dss150p_sales_pipeline' retrieved from /opt/airflow/dags/dss150p_pipeline.py
[2026-09-23T14:19:38.885+0000] {logging_mixin.py:190} INFO - [2026-09-23T14:19:38.885+0000] {dag.py:3239} INFO - Sync 1 DAGs
[2026-09-23T14:19:38.902+0000] {logging_mixin.py:190} INFO - [2026-09-23T14:19:38.902+0000] {dag.py:4180} INFO - Setting next_dagrun for dss150p_sales_pipeline to 2026-09-23 02:00:00+00:00, run_after=2026-09-24 02:00:00+00:00
[2026-09-23T14:19:38.918+0000] {processor.py:208} INFO - Processing /opt/airflow/dags/dss150p_pipeline.py took 0.097 seconds
[2026-09-23T14:20:09.171+0000] {processor.py:186} INFO - Started process (PID=836) to work on /opt/airflow/dags/dss150p_pipeline.py
[2026-09-23T14:20:09.172+0000] {processor.py:914} INFO - Processing file /opt/airflow/dags/dss150p_pipeline.py for tasks to queue
[2026-09-23T14:20:09.175+0000] {logging_mixin.py:190} INFO - [2026-09-23T14:20:09.174+0000] {dagbag.py:588} INFO - Filling up the DagBag from /opt/airflow/dags/dss150p_pipeline.py
[2026-09-23T14:20:09.193+0000] {processor.py:925} INFO - DAG(s) 'dss150p_sales_pipeline' retrieved from /opt/airflow/dags/dss150p_pipeline.py
[2026-09-23T14:20:09.225+0000] {logging_mixin.py:190} INFO - [2026-09-23T14:20:09.225+0000] {dag.py:3239} INFO - Sync 1 DAGs
[2026-09-23T14:20:09.239+0000] {logging_mixin.py:190} INFO - [2026-09-23T14:20:09.239+0000] {dag.py:4180} INFO - Setting next_dagrun for dss150p_sales_pipeline to 2026-09-23 02:00:00+00:00, run_after=2026-09-24 02:00:00+00:00
[2026-09-23T14:20:09.253+0000] {processor.py:208} INFO - Processing /opt/airflow/dags/dss150p_pipeline.py took 0.087 seconds
[2026-09-23T14:20:39.373+0000] {processor.py:186} INFO - Started process (PID=861) to work on /opt/airflow/dags/dss150p_pipeline.py
[2026-09-23T14:20:39.375+0000] {processor.py:914} INFO - Processing file /opt/airflow/dags/dss150p_pipeline.py for tasks to queue
[2026-09-23T14:20:39.378+0000] {logging_mixin.py:190} INFO - [2026-09-23T14:20:39.378+0000] {dagbag.py:588} INFO - Filling up the DagBag from /opt/airflow/dags/dss150p_pipeline.py
[2026-09-23T14:20:39.408+0000] {processor.py:925} INFO - DAG(s) 'dss150p_sales_pipeline' retrieved from /opt/airflow/dags/dss150p_pipeline.py
[2026-09-23T14:20:39.452+0000] {logging_mixin.py:190} INFO - [2026-09-23T14:20:39.452+0000] {dag.py:3239} INFO - Sync 1 DAGs
[2026-09-23T14:20:39.469+0000] {logging_mixin.py:190} INFO - [2026-09-23T14:20:39.469+0000] {dag.py:4180} INFO - Setting next_dagrun for dss150p_sales_pipeline to 2026-09-23 02:00:00+00:00, run_after=2026-09-24 02:00:00+00:00
[2026-09-23T14:20:39.482+0000] {processor.py:208} INFO - Processing /opt/airflow/dags/dss150p_pipeline.py took 0.115 seconds
[2026-09-23T14:21:09.613+0000] {processor.py:186} INFO - Started process (PID=866) to work on /opt/airflow/dags/dss150p_pipeline.py
[2026-09-23T14:21:09.614+0000] {processor.py:914} INFO - Processing file /opt/airflow/dags/dss150p_pipeline.py for tasks to queue
[2026-09-23T14:21:09.616+0000] {logging_mixin.py:190} INFO - [2026-09-23T14:21:09.616+0000] {dagbag.py:588} INFO - Filling up the DagBag from /opt/airflow/dags/dss150p_pipeline.py
[2026-09-23T14:21:09.633+0000] {processor.py:925} INFO - DAG(s) 'dss150p_sales_pipeline' retrieved from /opt/airflow/dags/dss150p_pipeline.py
[2026-09-23T14:21:09.665+0000] {logging_mixin.py:190} INFO - [2026-09-23T14:21:09.664+0000] {dag.py:3239} INFO - Sync 1 DAGs
[2026-09-23T14:21:09.678+0000] {logging_mixin.py:190} INFO - [2026-09-23T14:21:09.678+0000] {dag.py:4180} INFO - Setting next_dagrun for dss150p_sales_pipeline to 2026-09-23 02:00:00+00:00, run_after=2026-09-24 02:00:00+00:00
[2026-09-23T14:21:09.693+0000] {processor.py:208} INFO - Processing /opt/airflow/dags/dss150p_pipeline.py took 0.084 seconds
[2026-09-23T14:21:39.848+0000] {processor.py:186} INFO - Started process (PID=871) to work on /opt/airflow/dags/dss150p_pipeline.py
[2026-09-23T14:21:39.850+0000] {processor.py:914} INFO - Processing file /opt/airflow/dags/dss150p_pipeline.py for tasks to queue
[2026-09-23T14:21:39.852+0000] {logging_mixin.py:190} INFO - [2026-09-23T14:21:39.852+0000] {dagbag.py:588} INFO - Filling up the DagBag from /opt/airflow/dags/dss150p_pipeline.py
[2026-09-23T14:21:39.887+0000] {processor.py:925} INFO - DAG(s) 'dss150p_sales_pipeline' retrieved from /opt/airflow/dags/dss150p_pipeline.py
[2026-09-23T14:21:39.936+0000] {logging_mixin.py:190} INFO - [2026-09-23T14:21:39.936+0000] {dag.py:3239} INFO - Sync 1 DAGs
[2026-09-23T14:21:39.953+0000] {logging_mixin.py:190} INFO - [2026-09-23T14:21:39.953+0000] {dag.py:4180} INFO - Setting next_dagrun for dss150p_sales_pipeline to 2026-09-23 02:00:00+00:00, run_after=2026-09-24 02:00:00+00:00
[2026-09-23T14:21:39.970+0000] {processor.py:208} INFO - Processing /opt/airflow/dags/dss150p_pipeline.py took 0.130 seconds
[2026-09-23T14:22:10.230+0000] {processor.py:186} INFO - Started process (PID=876) to work on /opt/airflow/dags/dss150p_pipeline.py
[2026-09-23T14:22:10.232+0000] {processor.py:914} INFO - Processing file /opt/airflow/dags/dss150p_pipeline.py for tasks to queue
[2026-09-23T14:22:10.234+0000] {logging_mixin.py:190} INFO - [2026-09-23T14:22:10.234+0000] {dagbag.py:588} INFO - Filling up the DagBag from /opt/airflow/dags/dss150p_pipeline.py
[2026-09-23T14:22:10.268+0000] {processor.py:925} INFO - DAG(s) 'dss150p_sales_pipeline' retrieved from /opt/airflow/dags/dss150p_pipeline.py
[2026-09-23T14:22:10.316+0000] {logging_mixin.py:190} INFO - [2026-09-23T14:22:10.316+0000] {dag.py:3239} INFO - Sync 1 DAGs
[2026-09-23T14:22:10.331+0000] {logging_mixin.py:190} INFO - [2026-09-23T14:22:10.331+0000] {dag.py:4180} INFO - Setting next_dagrun for dss150p_sales_pipeline to 2026-09-23 02:00:00+00:00, run_after=2026-09-24 02:00:00+00:00
[2026-09-23T14:22:10.349+0000] {processor.py:208} INFO - Processing /opt/airflow/dags/dss150p_pipeline.py took 0.124 seconds
[2026-09-23T14:22:40.414+0000] {processor.py:186} INFO - Started process (PID=881) to work on /opt/airflow/dags/dss150p_pipeline.py
[2026-09-23T14:22:40.415+0000] {processor.py:914} INFO - Processing file /opt/airflow/dags/dss150p_pipeline.py for tasks to queue
[2026-09-23T14:22:40.418+0000] {logging_mixin.py:190} INFO - [2026-09-23T14:22:40.418+0000] {dagbag.py:588} INFO - Filling up the DagBag from /opt/airflow/dags/dss150p_pipeline.py
[2026-09-23T14:22:40.449+0000] {processor.py:925} INFO - DAG(s) 'dss150p_sales_pipeline' retrieved from /opt/airflow/dags/dss150p_pipeline.py
[2026-09-23T14:22:40.486+0000] {logging_mixin.py:190} INFO - [2026-09-23T14:22:40.486+0000] {dag.py:3239} INFO - Sync 1 DAGs
[2026-09-23T14:22:40.502+0000] {logging_mixin.py:190} INFO - [2026-09-23T14:22:40.502+0000] {dag.py:4180} INFO - Setting next_dagrun for dss150p_sales_pipeline to 2026-09-23 02:00:00+00:00, run_after=2026-09-24 02:00:00+00:00
[2026-09-23T14:22:40.517+0000] {processor.py:208} INFO - Processing /opt/airflow/dags/dss150p_pipeline.py took 0.108 seconds
[2026-09-23T14:23:10.740+0000] {processor.py:186} INFO - Started process (PID=926) to work on /opt/airflow/dags/dss150p_pipeline.py
[2026-09-23T14:23:10.741+0000] {processor.py:914} INFO - Processing file /opt/airflow/dags/dss150p_pipeline.py for tasks to queue
[2026-09-23T14:23:10.743+0000] {logging_mixin.py:190} INFO - [2026-09-23T14:23:10.742+0000] {dagbag.py:588} INFO - Filling up the DagBag from /opt/airflow/dags/dss150p_pipeline.py
[2026-09-23T14:23:10.763+0000] {processor.py:925} INFO - DAG(s) 'dss150p_sales_pipeline' retrieved from /opt/airflow/dags/dss150p_pipeline.py
[2026-09-23T14:23:10.800+0000] {logging_mixin.py:190} INFO - [2026-09-23T14:23:10.799+0000] {dag.py:3239} INFO - Sync 1 DAGs
[2026-09-23T14:23:10.815+0000] {logging_mixin.py:190} INFO - [2026-09-23T14:23:10.815+0000] {dag.py:4180} INFO - Setting next_dagrun for dss150p_sales_pipeline to 2026-09-23 02:00:00+00:00, run_after=2026-09-24 02:00:00+00:00
[2026-09-23T14:23:10.833+0000] {processor.py:208} INFO - Processing /opt/airflow/dags/dss150p_pipeline.py took 0.098 seconds
[2026-09-23T14:23:40.942+0000] {processor.py:186} INFO - Started process (PID=943) to work on /opt/airflow/dags/dss150p_pipeline.py
[2026-09-23T14:23:40.942+0000] {processor.py:914} INFO - Processing file /opt/airflow/dags/dss150p_pipeline.py for tasks to queue
[2026-09-23T14:23:40.947+0000] {logging_mixin.py:190} INFO - [2026-09-23T14:23:40.947+0000] {dagbag.py:588} INFO - Filling up the DagBag from /opt/airflow/dags/dss150p_pipeline.py
[2026-09-23T14:23:40.970+0000] {processor.py:925} INFO - DAG(s) 'dss150p_sales_pipeline' retrieved from /opt/airflow/dags/dss150p_pipeline.py
[2026-09-23T14:23:41.003+0000] {logging_mixin.py:190} INFO - [2026-09-23T14:23:41.003+0000] {dag.py:3239} INFO - Sync 1 DAGs
[2026-09-23T14:23:41.019+0000] {logging_mixin.py:190} INFO - [2026-09-23T14:23:41.019+0000] {dag.py:4180} INFO - Setting next_dagrun for dss150p_sales_pipeline to 2026-09-23 02:00:00+00:00, run_after=2026-09-24 02:00:00+00:00
[2026-09-23T14:23:41.035+0000] {processor.py:208} INFO - Processing /opt/airflow/dags/dss150p_pipeline.py took 0.099 seconds
[2026-09-23T14:24:11.255+0000] {processor.py:186} INFO - Started process (PID=968) to work on /opt/airflow/dags/dss150p_pipeline.py
[2026-09-23T14:24:11.256+0000] {processor.py:914} INFO - Processing file /opt/airflow/dags/dss150p_pipeline.py for tasks to queue
[2026-09-23T14:24:11.259+0000] {logging_mixin.py:190} INFO - [2026-09-23T14:24:11.259+0000] {dagbag.py:588} INFO - Filling up the DagBag from /opt/airflow/dags/dss150p_pipeline.py
[2026-09-23T14:24:11.287+0000] {processor.py:925} INFO - DAG(s) 'dss150p_sales_pipeline' retrieved from /opt/airflow/dags/dss150p_pipeline.py
[2026-09-23T14:24:11.337+0000] {logging_mixin.py:190} INFO - [2026-09-23T14:24:11.337+0000] {dag.py:3239} INFO - Sync 1 DAGs
[2026-09-23T14:24:11.355+0000] {logging_mixin.py:190} INFO - [2026-09-23T14:24:11.355+0000] {dag.py:4180} INFO - Setting next_dagrun for dss150p_sales_pipeline to 2026-09-23 02:00:00+00:00, run_after=2026-09-24 02:00:00+00:00
[2026-09-23T14:24:11.371+0000] {processor.py:208} INFO - Processing /opt/airflow/dags/dss150p_pipeline.py took 0.122 seconds
[2026-09-23T14:24:41.417+0000] {processor.py:186} INFO - Started process (PID=973) to work on /opt/airflow/dags/dss150p_pipeline.py
[2026-09-23T14:24:41.418+0000] {processor.py:914} INFO - Processing file /opt/airflow/dags/dss150p_pipeline.py for tasks to queue
[2026-09-23T14:24:41.420+0000] {logging_mixin.py:190} INFO - [2026-09-23T14:24:41.420+0000] {dagbag.py:588} INFO - Filling up the DagBag from /opt/airflow/dags/dss150p_pipeline.py
[2026-09-23T14:24:41.438+0000] {processor.py:925} INFO - DAG(s) 'dss150p_sales_pipeline' retrieved from /opt/airflow/dags/dss150p_pipeline.py
[2026-09-23T14:24:41.480+0000] {logging_mixin.py:190} INFO - [2026-09-23T14:24:41.480+0000] {dag.py:3239} INFO - Sync 1 DAGs
[2026-09-23T14:24:41.494+0000] {logging_mixin.py:190} INFO - [2026-09-23T14:24:41.494+0000] {dag.py:4180} INFO - Setting next_dagrun for dss150p_sales_pipeline to 2026-09-23 02:00:00+00:00, run_after=2026-09-24 02:00:00+00:00
[2026-09-23T14:24:41.506+0000] {processor.py:208} INFO - Processing /opt/airflow/dags/dss150p_pipeline.py took 0.094 seconds
[2026-09-23T14:25:11.667+0000] {processor.py:186} INFO - Started process (PID=978) to work on /opt/airflow/dags/dss150p_pipeline.py
[2026-09-23T14:25:11.668+0000] {processor.py:914} INFO - Processing file /opt/airflow/dags/dss150p_pipeline.py for tasks to queue
[2026-09-23T14:25:11.670+0000] {logging_mixin.py:190} INFO - [2026-09-23T14:25:11.670+0000] {dagbag.py:588} INFO - Filling up the DagBag from /opt/airflow/dags/dss150p_pipeline.py
[2026-09-23T14:25:11.691+0000] {processor.py:925} INFO - DAG(s) 'dss150p_sales_pipeline' retrieved from /opt/airflow/dags/dss150p_pipeline.py
[2026-09-23T14:25:11.732+0000] {logging_mixin.py:190} INFO - [2026-09-23T14:25:11.731+0000] {dag.py:3239} INFO - Sync 1 DAGs
[2026-09-23T14:25:11.747+0000] {logging_mixin.py:190} INFO - [2026-09-23T14:25:11.747+0000] {dag.py:4180} INFO - Setting next_dagrun for dss150p_sales_pipeline to 2026-09-23 02:00:00+00:00, run_after=2026-09-24 02:00:00+00:00
[2026-09-23T14:25:11.760+0000] {processor.py:208} INFO - Processing /opt/airflow/dags/dss150p_pipeline.py took 0.101 seconds
[2026-09-23T14:25:41.868+0000] {processor.py:186} INFO - Started process (PID=1003) to work on /opt/airflow/dags/dss150p_pipeline.py
[2026-09-23T14:25:41.870+0000] {processor.py:914} INFO - Processing file /opt/airflow/dags/dss150p_pipeline.py for tasks to queue
[2026-09-23T14:25:41.873+0000] {logging_mixin.py:190} INFO - [2026-09-23T14:25:41.872+0000] {dagbag.py:588} INFO - Filling up the DagBag from /opt/airflow/dags/dss150p_pipeline.py
[2026-09-23T14:25:41.890+0000] {processor.py:925} INFO - DAG(s) 'dss150p_sales_pipeline' retrieved from /opt/airflow/dags/dss150p_pipeline.py
[2026-09-23T14:25:41.924+0000] {logging_mixin.py:190} INFO - [2026-09-23T14:25:41.923+0000] {dag.py:3239} INFO - Sync 1 DAGs
[2026-09-23T14:25:41.940+0000] {logging_mixin.py:190} INFO - [2026-09-23T14:25:41.940+0000] {dag.py:4180} INFO - Setting next_dagrun for dss150p_sales_pipeline to 2026-09-23 02:00:00+00:00, run_after=2026-09-24 02:00:00+00:00
[2026-09-23T14:25:41.956+0000] {processor.py:208} INFO - Processing /opt/airflow/dags/dss150p_pipeline.py took 0.094 seconds
[2026-09-23T14:26:12.115+0000] {processor.py:186} INFO - Started process (PID=1039) to work on /opt/airflow/dags/dss150p_pipeline.py
[2026-09-23T14:26:12.116+0000] {processor.py:914} INFO - Processing file /opt/airflow/dags/dss150p_pipeline.py for tasks to queue
[2026-09-23T14:26:12.118+0000] {logging_mixin.py:190} INFO - [2026-09-23T14:26:12.117+0000] {dagbag.py:588} INFO - Filling up the DagBag from /opt/airflow/dags/dss150p_pipeline.py
[2026-09-23T14:26:12.143+0000] {processor.py:925} INFO - DAG(s) 'dss150p_sales_pipeline' retrieved from /opt/airflow/dags/dss150p_pipeline.py
[2026-09-23T14:26:12.193+0000] {logging_mixin.py:190} INFO - [2026-09-23T14:26:12.193+0000] {dag.py:3239} INFO - Sync 1 DAGs
[2026-09-23T14:26:12.208+0000] {logging_mixin.py:190} INFO - [2026-09-23T14:26:12.208+0000] {dag.py:4180} INFO - Setting next_dagrun for dss150p_sales_pipeline to 2026-09-23 02:00:00+00:00, run_after=2026-09-24 02:00:00+00:00
[2026-09-23T14:26:12.223+0000] {processor.py:208} INFO - Processing /opt/airflow/dags/dss150p_pipeline.py took 0.117 seconds
[2026-09-23T14:26:42.342+0000] {processor.py:186} INFO - Started process (PID=1044) to work on /opt/airflow/dags/dss150p_pipeline.py
[2026-09-23T14:26:42.346+0000] {processor.py:914} INFO - Processing file /opt/airflow/dags/dss150p_pipeline.py for tasks to queue
[2026-09-23T14:26:42.350+0000] {logging_mixin.py:190} INFO - [2026-09-23T14:26:42.350+0000] {dagbag.py:588} INFO - Filling up the DagBag from /opt/airflow/dags/dss150p_pipeline.py
[2026-09-23T14:26:42.393+0000] {processor.py:925} INFO - DAG(s) 'dss150p_sales_pipeline' retrieved from /opt/airflow/dags/dss150p_pipeline.py
[2026-09-23T14:26:42.444+0000] {logging_mixin.py:190} INFO - [2026-09-23T14:26:42.444+0000] {dag.py:3239} INFO - Sync 1 DAGs
[2026-09-23T14:26:42.461+0000] {logging_mixin.py:190} INFO - [2026-09-23T14:26:42.461+0000] {dag.py:4180} INFO - Setting next_dagrun for dss150p_sales_pipeline to 2026-09-23 02:00:00+00:00, run_after=2026-09-24 02:00:00+00:00
[2026-09-23T14:26:42.475+0000] {processor.py:208} INFO - Processing /opt/airflow/dags/dss150p_pipeline.py took 0.139 seconds
[2026-09-23T14:27:12.638+0000] {processor.py:186} INFO - Started process (PID=1049) to work on /opt/airflow/dags/dss150p_pipeline.py
[2026-09-23T14:27:12.639+0000] {processor.py:914} INFO - Processing file /opt/airflow/dags/dss150p_pipeline.py for tasks to queue
[2026-09-23T14:27:12.642+0000] {logging_mixin.py:190} INFO - [2026-09-23T14:27:12.642+0000] {dagbag.py:588} INFO - Filling up the DagBag from /opt/airflow/dags/dss150p_pipeline.py
[2026-09-23T14:27:12.662+0000] {processor.py:925} INFO - DAG(s) 'dss150p_sales_pipeline' retrieved from /opt/airflow/dags/dss150p_pipeline.py
[2026-09-23T14:27:12.695+0000] {logging_mixin.py:190} INFO - [2026-09-23T14:27:12.695+0000] {dag.py:3239} INFO - Sync 1 DAGs
[2026-09-23T14:27:12.711+0000] {logging_mixin.py:190} INFO - [2026-09-23T14:27:12.711+0000] {dag.py:4180} INFO - Setting next_dagrun for dss150p_sales_pipeline to 2026-09-23 02:00:00+00:00, run_after=2026-09-24 02:00:00+00:00
[2026-09-23T14:27:12.727+0000] {processor.py:208} INFO - Processing /opt/airflow/dags/dss150p_pipeline.py took 0.094 seconds
[2026-09-23T14:27:42.883+0000] {processor.py:186} INFO - Started process (PID=1074) to work on /opt/airflow/dags/dss150p_pipeline.py
[2026-09-23T14:27:42.884+0000] {processor.py:914} INFO - Processing file /opt/airflow/dags/dss150p_pipeline.py for tasks to queue
[2026-09-23T14:27:42.887+0000] {logging_mixin.py:190} INFO - [2026-09-23T14:27:42.886+0000] {dagbag.py:588} INFO - Filling up the DagBag from /opt/airflow/dags/dss150p_pipeline.py
[2026-09-23T14:27:42.911+0000] {processor.py:925} INFO - DAG(s) 'dss150p_sales_pipeline' retrieved from /opt/airflow/dags/dss150p_pipeline.py
[2026-09-23T14:27:42.953+0000] {logging_mixin.py:190} INFO - [2026-09-23T14:27:42.953+0000] {dag.py:3239} INFO - Sync 1 DAGs
[2026-09-23T14:27:42.968+0000] {logging_mixin.py:190} INFO - [2026-09-23T14:27:42.967+0000] {dag.py:4180} INFO - Setting next_dagrun for dss150p_sales_pipeline to 2026-09-23 02:00:00+00:00, run_after=2026-09-24 02:00:00+00:00
[2026-09-23T14:27:42.983+0000] {processor.py:208} INFO - Processing /opt/airflow/dags/dss150p_pipeline.py took 0.107 seconds
[2026-09-23T14:28:13.084+0000] {processor.py:186} INFO - Started process (PID=1079) to work on /opt/airflow/dags/dss150p_pipeline.py
[2026-09-23T14:28:13.085+0000] {processor.py:914} INFO - Processing file /opt/airflow/dags/dss150p_pipeline.py for tasks to queue
[2026-09-23T14:28:13.087+0000] {logging_mixin.py:190} INFO - [2026-09-23T14:28:13.087+0000] {dagbag.py:588} INFO - Filling up the DagBag from /opt/airflow/dags/dss150p_pipeline.py
[2026-09-23T14:28:13.107+0000] {processor.py:925} INFO - DAG(s) 'dss150p_sales_pipeline' retrieved from /opt/airflow/dags/dss150p_pipeline.py
[2026-09-23T14:28:13.147+0000] {logging_mixin.py:190} INFO - [2026-09-23T14:28:13.147+0000] {dag.py:3239} INFO - Sync 1 DAGs
[2026-09-23T14:28:13.162+0000] {logging_mixin.py:190} INFO - [2026-09-23T14:28:13.162+0000] {dag.py:4180} INFO - Setting next_dagrun for dss150p_sales_pipeline to 2026-09-23 02:00:00+00:00, run_after=2026-09-24 02:00:00+00:00
[2026-09-23T14:28:13.176+0000] {processor.py:208} INFO - Processing /opt/airflow/dags/dss150p_pipeline.py took 0.099 seconds
[2026-09-23T14:28:43.357+0000] {processor.py:186} INFO - Started process (PID=1104) to work on /opt/airflow/dags/dss150p_pipeline.py
[2026-09-23T14:28:43.359+0000] {processor.py:914} INFO - Processing file /opt/airflow/dags/dss150p_pipeline.py for tasks to queue
[2026-09-23T14:28:43.361+0000] {logging_mixin.py:190} INFO - [2026-09-23T14:28:43.360+0000] {dagbag.py:588} INFO - Filling up the DagBag from /opt/airflow/dags/dss150p_pipeline.py
[2026-09-23T14:28:43.380+0000] {processor.py:925} INFO - DAG(s) 'dss150p_sales_pipeline' retrieved from /opt/airflow/dags/dss150p_pipeline.py
[2026-09-23T14:28:43.435+0000] {logging_mixin.py:190} INFO - [2026-09-23T14:28:43.435+0000] {dag.py:3239} INFO - Sync 1 DAGs
[2026-09-23T14:28:43.451+0000] {logging_mixin.py:190} INFO - [2026-09-23T14:28:43.451+0000] {dag.py:4180} INFO - Setting next_dagrun for dss150p_sales_pipeline to 2026-09-23 02:00:00+00:00, run_after=2026-09-24 02:00:00+00:00
[2026-09-23T14:28:43.467+0000] {processor.py:208} INFO - Processing /opt/airflow/dags/dss150p_pipeline.py took 0.116 seconds
[2026-09-23T14:29:13.573+0000] {processor.py:186} INFO - Started process (PID=1109) to work on /opt/airflow/dags/dss150p_pipeline.py
[2026-09-23T14:29:13.574+0000] {processor.py:914} INFO - Processing file /opt/airflow/dags/dss150p_pipeline.py for tasks to queue
[2026-09-23T14:29:13.576+0000] {logging_mixin.py:190} INFO - [2026-09-23T14:29:13.576+0000] {dagbag.py:588} INFO - Filling up the DagBag from /opt/airflow/dags/dss150p_pipeline.py
[2026-09-23T14:29:13.597+0000] {processor.py:925} INFO - DAG(s) 'dss150p_sales_pipeline' retrieved from /opt/airflow/dags/dss150p_pipeline.py
[2026-09-23T14:29:13.642+0000] {logging_mixin.py:190} INFO - [2026-09-23T14:29:13.642+0000] {dag.py:3239} INFO - Sync 1 DAGs
[2026-09-23T14:29:13.663+0000] {logging_mixin.py:190} INFO - [2026-09-23T14:29:13.662+0000] {dag.py:4180} INFO - Setting next_dagrun for dss150p_sales_pipeline to 2026-09-23 02:00:00+00:00, run_after=2026-09-24 02:00:00+00:00
[2026-09-23T14:29:13.680+0000] {processor.py:208} INFO - Processing /opt/airflow/dags/dss150p_pipeline.py took 0.116 seconds
[2026-09-23T14:29:43.849+0000] {processor.py:186} INFO - Started process (PID=1134) to work on /opt/airflow/dags/dss150p_pipeline.py
[2026-09-23T14:29:43.850+0000] {processor.py:914} INFO - Processing file /opt/airflow/dags/dss150p_pipeline.py for tasks to queue
[2026-09-23T14:29:43.852+0000] {logging_mixin.py:190} INFO - [2026-09-23T14:29:43.851+0000] {dagbag.py:588} INFO - Filling up the DagBag from /opt/airflow/dags/dss150p_pipeline.py
[2026-09-23T14:29:43.880+0000] {processor.py:925} INFO - DAG(s) 'dss150p_sales_pipeline' retrieved from /opt/airflow/dags/dss150p_pipeline.py
[2026-09-23T14:29:43.925+0000] {logging_mixin.py:190} INFO - [2026-09-23T14:29:43.925+0000] {dag.py:3239} INFO - Sync 1 DAGs
[2026-09-23T14:29:43.941+0000] {logging_mixin.py:190} INFO - [2026-09-23T14:29:43.941+0000] {dag.py:4180} INFO - Setting next_dagrun for dss150p_sales_pipeline to 2026-09-23 02:00:00+00:00, run_after=2026-09-24 02:00:00+00:00
[2026-09-23T14:29:43.959+0000] {processor.py:208} INFO - Processing /opt/airflow/dags/dss150p_pipeline.py took 0.116 seconds
[2026-09-23T14:30:14.060+0000] {processor.py:186} INFO - Started process (PID=1139) to work on /opt/airflow/dags/dss150p_pipeline.py
[2026-09-23T14:30:14.061+0000] {processor.py:914} INFO - Processing file /opt/airflow/dags/dss150p_pipeline.py for tasks to queue
[2026-09-23T14:30:14.064+0000] {logging_mixin.py:190} INFO - [2026-09-23T14:30:14.063+0000] {dagbag.py:588} INFO - Filling up the DagBag from /opt/airflow/dags/dss150p_pipeline.py
[2026-09-23T14:30:14.083+0000] {processor.py:925} INFO - DAG(s) 'dss150p_sales_pipeline' retrieved from /opt/airflow/dags/dss150p_pipeline.py
[2026-09-23T14:30:14.123+0000] {logging_mixin.py:190} INFO - [2026-09-23T14:30:14.123+0000] {dag.py:3239} INFO - Sync 1 DAGs
[2026-09-23T14:30:14.140+0000] {logging_mixin.py:190} INFO - [2026-09-23T14:30:14.140+0000] {dag.py:4180} INFO - Setting next_dagrun for dss150p_sales_pipeline to 2026-09-23 02:00:00+00:00, run_after=2026-09-24 02:00:00+00:00
[2026-09-23T14:30:14.155+0000] {processor.py:208} INFO - Processing /opt/airflow/dags/dss150p_pipeline.py took 0.101 seconds
[2026-09-23T14:30:44.348+0000] {processor.py:186} INFO - Started process (PID=1144) to work on /opt/airflow/dags/dss150p_pipeline.py
[2026-09-23T14:30:44.350+0000] {processor.py:914} INFO - Processing file /opt/airflow/dags/dss150p_pipeline.py for tasks to queue
[2026-09-23T14:30:44.352+0000] {logging_mixin.py:190} INFO - [2026-09-23T14:30:44.352+0000] {dagbag.py:588} INFO - Filling up the DagBag from /opt/airflow/dags/dss150p_pipeline.py
[2026-09-23T14:30:44.368+0000] {processor.py:925} INFO - DAG(s) 'dss150p_sales_pipeline' retrieved from /opt/airflow/dags/dss150p_pipeline.py
[2026-09-23T14:30:44.398+0000] {logging_mixin.py:190} INFO - [2026-09-23T14:30:44.398+0000] {dag.py:3239} INFO - Sync 1 DAGs
[2026-09-23T14:30:44.412+0000] {logging_mixin.py:190} INFO - [2026-09-23T14:30:44.412+0000] {dag.py:4180} INFO - Setting next_dagrun for dss150p_sales_pipeline to 2026-09-23 02:00:00+00:00, run_after=2026-09-24 02:00:00+00:00
[2026-09-23T14:30:44.429+0000] {processor.py:208} INFO - Processing /opt/airflow/dags/dss150p_pipeline.py took 0.085 seconds
[2026-09-23T14:31:14.547+0000] {processor.py:186} INFO - Started process (PID=1149) to work on /opt/airflow/dags/dss150p_pipeline.py
[2026-09-23T14:31:14.548+0000] {processor.py:914} INFO - Processing file /opt/airflow/dags/dss150p_pipeline.py for tasks to queue
[2026-09-23T14:31:14.553+0000] {logging_mixin.py:190} INFO - [2026-09-23T14:31:14.552+0000] {dagbag.py:588} INFO - Filling up the DagBag from /opt/airflow/dags/dss150p_pipeline.py
[2026-09-23T14:31:14.574+0000] {processor.py:925} INFO - DAG(s) 'dss150p_sales_pipeline' retrieved from /opt/airflow/dags/dss150p_pipeline.py
[2026-09-23T14:31:14.611+0000] {logging_mixin.py:190} INFO - [2026-09-23T14:31:14.611+0000] {dag.py:3239} INFO - Sync 1 DAGs
[2026-09-23T14:31:14.627+0000] {logging_mixin.py:190} INFO - [2026-09-23T14:31:14.627+0000] {dag.py:4180} INFO - Setting next_dagrun for dss150p_sales_pipeline to 2026-09-23 02:00:00+00:00, run_after=2026-09-24 02:00:00+00:00
[2026-09-23T14:31:14.646+0000] {processor.py:208} INFO - Processing /opt/airflow/dags/dss150p_pipeline.py took 0.105 seconds
[2026-09-23T14:31:44.811+0000] {processor.py:186} INFO - Started process (PID=1154) to work on /opt/airflow/dags/dss150p_pipeline.py
[2026-09-23T14:31:44.812+0000] {processor.py:914} INFO - Processing file /opt/airflow/dags/dss150p_pipeline.py for tasks to queue
[2026-09-23T14:31:44.814+0000] {logging_mixin.py:190} INFO - [2026-09-23T14:31:44.814+0000] {dagbag.py:588} INFO - Filling up the DagBag from /opt/airflow/dags/dss150p_pipeline.py
[2026-09-23T14:31:44.838+0000] {processor.py:925} INFO - DAG(s) 'dss150p_sales_pipeline' retrieved from /opt/airflow/dags/dss150p_pipeline.py
[2026-09-23T14:31:44.877+0000] {logging_mixin.py:190} INFO - [2026-09-23T14:31:44.877+0000] {dag.py:3239} INFO - Sync 1 DAGs
[2026-09-23T14:31:44.895+0000] {logging_mixin.py:190} INFO - [2026-09-23T14:31:44.895+0000] {dag.py:4180} INFO - Setting next_dagrun for dss150p_sales_pipeline to 2026-09-23 02:00:00+00:00, run_after=2026-09-24 02:00:00+00:00
[2026-09-23T14:31:44.914+0000] {processor.py:208} INFO - Processing /opt/airflow/dags/dss150p_pipeline.py took 0.108 seconds
[2026-09-23T14:32:15.049+0000] {processor.py:186} INFO - Started process (PID=1159) to work on /opt/airflow/dags/dss150p_pipeline.py
[2026-09-23T14:32:15.050+0000] {processor.py:914} INFO - Processing file /opt/airflow/dags/dss150p_pipeline.py for tasks to queue
[2026-09-23T14:32:15.052+0000] {logging_mixin.py:190} INFO - [2026-09-23T14:32:15.052+0000] {dagbag.py:588} INFO - Filling up the DagBag from /opt/airflow/dags/dss150p_pipeline.py
[2026-09-23T14:32:15.075+0000] {processor.py:925} INFO - DAG(s) 'dss150p_sales_pipeline' retrieved from /opt/airflow/dags/dss150p_pipeline.py
[2026-09-23T14:32:15.121+0000] {logging_mixin.py:190} INFO - [2026-09-23T14:32:15.120+0000] {dag.py:3239} INFO - Sync 1 DAGs
[2026-09-23T14:32:15.137+0000] {logging_mixin.py:190} INFO - [2026-09-23T14:32:15.136+0000] {dag.py:4180} INFO - Setting next_dagrun for dss150p_sales_pipeline to 2026-09-23 02:00:00+00:00, run_after=2026-09-24 02:00:00+00:00
[2026-09-23T14:32:15.157+0000] {processor.py:208} INFO - Processing /opt/airflow/dags/dss150p_pipeline.py took 0.114 seconds
[2026-09-23T14:32:45.301+0000] {processor.py:186} INFO - Started process (PID=1184) to work on /opt/airflow/dags/dss150p_pipeline.py
[2026-09-23T14:32:45.303+0000] {processor.py:914} INFO - Processing file /opt/airflow/dags/dss150p_pipeline.py for tasks to queue
[2026-09-23T14:32:45.305+0000] {logging_mixin.py:190} INFO - [2026-09-23T14:32:45.305+0000] {dagbag.py:588} INFO - Filling up the DagBag from /opt/airflow/dags/dss150p_pipeline.py
[2026-09-23T14:32:45.332+0000] {processor.py:925} INFO - DAG(s) 'dss150p_sales_pipeline' retrieved from /opt/airflow/dags/dss150p_pipeline.py
[2026-09-23T14:32:45.374+0000] {logging_mixin.py:190} INFO - [2026-09-23T14:32:45.374+0000] {dag.py:3239} INFO - Sync 1 DAGs
[2026-09-23T14:32:45.389+0000] {logging_mixin.py:190} INFO - [2026-09-23T14:32:45.388+0000] {dag.py:4180} INFO - Setting next_dagrun for dss150p_sales_pipeline to 2026-09-23 02:00:00+00:00, run_after=2026-09-24 02:00:00+00:00
[2026-09-23T14:32:45.404+0000] {processor.py:208} INFO - Processing /opt/airflow/dags/dss150p_pipeline.py took 0.109 seconds
[2026-09-23T14:33:15.508+0000] {processor.py:186} INFO - Started process (PID=1229) to work on /opt/airflow/dags/dss150p_pipeline.py
[2026-09-23T14:33:15.509+0000] {processor.py:914} INFO - Processing file /opt/airflow/dags/dss150p_pipeline.py for tasks to queue
[2026-09-23T14:33:15.511+0000] {logging_mixin.py:190} INFO - [2026-09-23T14:33:15.511+0000] {dagbag.py:588} INFO - Filling up the DagBag from /opt/airflow/dags/dss150p_pipeline.py
[2026-09-23T14:33:15.533+0000] {processor.py:925} INFO - DAG(s) 'dss150p_sales_pipeline' retrieved from /opt/airflow/dags/dss150p_pipeline.py
[2026-09-23T14:33:15.570+0000] {logging_mixin.py:190} INFO - [2026-09-23T14:33:15.570+0000] {dag.py:3239} INFO - Sync 1 DAGs
[2026-09-23T14:33:15.585+0000] {logging_mixin.py:190} INFO - [2026-09-23T14:33:15.584+0000] {dag.py:4180} INFO - Setting next_dagrun for dss150p_sales_pipeline to 2026-09-23 02:00:00+00:00, run_after=2026-09-24 02:00:00+00:00
[2026-09-23T14:33:15.614+0000] {processor.py:208} INFO - Processing /opt/airflow/dags/dss150p_pipeline.py took 0.111 seconds
[2026-09-23T14:33:45.769+0000] {processor.py:186} INFO - Started process (PID=1274) to work on /opt/airflow/dags/dss150p_pipeline.py
[2026-09-23T14:33:45.770+0000] {processor.py:914} INFO - Processing file /opt/airflow/dags/dss150p_pipeline.py for tasks to queue
[2026-09-23T14:33:45.773+0000] {logging_mixin.py:190} INFO - [2026-09-23T14:33:45.773+0000] {dagbag.py:588} INFO - Filling up the DagBag from /opt/airflow/dags/dss150p_pipeline.py
[2026-09-23T14:33:45.795+0000] {processor.py:925} INFO - DAG(s) 'dss150p_sales_pipeline' retrieved from /opt/airflow/dags/dss150p_pipeline.py
[2026-09-23T14:33:45.839+0000] {logging_mixin.py:190} INFO - [2026-09-23T14:33:45.838+0000] {dag.py:3239} INFO - Sync 1 DAGs
[2026-09-23T14:33:45.857+0000] {logging_mixin.py:190} INFO - [2026-09-23T14:33:45.857+0000] {dag.py:4180} INFO - Setting next_dagrun for dss150p_sales_pipeline to 2026-09-23 02:00:00+00:00, run_after=2026-09-24 02:00:00+00:00
[2026-09-23T14:33:45.872+0000] {processor.py:208} INFO - Processing /opt/airflow/dags/dss150p_pipeline.py took 0.108 seconds
[2026-09-23T14:34:15.976+0000] {processor.py:186} INFO - Started process (PID=1299) to work on /opt/airflow/dags/dss150p_pipeline.py
[2026-09-23T14:34:15.977+0000] {processor.py:914} INFO - Processing file /opt/airflow/dags/dss150p_pipeline.py for tasks to queue
[2026-09-23T14:34:15.979+0000] {logging_mixin.py:190} INFO - [2026-09-23T14:34:15.979+0000] {dagbag.py:588} INFO - Filling up the DagBag from /opt/airflow/dags/dss150p_pipeline.py
[2026-09-23T14:34:15.999+0000] {processor.py:925} INFO - DAG(s) 'dss150p_sales_pipeline' retrieved from /opt/airflow/dags/dss150p_pipeline.py
[2026-09-23T14:34:16.038+0000] {logging_mixin.py:190} INFO - [2026-09-23T14:34:16.037+0000] {dag.py:3239} INFO - Sync 1 DAGs
[2026-09-23T14:34:16.052+0000] {logging_mixin.py:190} INFO - [2026-09-23T14:34:16.051+0000] {dag.py:4180} INFO - Setting next_dagrun for dss150p_sales_pipeline to 2026-09-23 02:00:00+00:00, run_after=2026-09-24 02:00:00+00:00
[2026-09-23T14:34:16.068+0000] {processor.py:208} INFO - Processing /opt/airflow/dags/dss150p_pipeline.py took 0.098 seconds
[2026-09-23T14:34:46.257+0000] {processor.py:186} INFO - Started process (PID=1324) to work on /opt/airflow/dags/dss150p_pipeline.py
[2026-09-23T14:34:46.258+0000] {processor.py:914} INFO - Processing file /opt/airflow/dags/dss150p_pipeline.py for tasks to queue
[2026-09-23T14:34:46.261+0000] {logging_mixin.py:190} INFO - [2026-09-23T14:34:46.260+0000] {dagbag.py:588} INFO - Filling up the DagBag from /opt/airflow/dags/dss150p_pipeline.py
[2026-09-23T14:34:46.279+0000] {processor.py:925} INFO - DAG(s) 'dss150p_sales_pipeline' retrieved from /opt/airflow/dags/dss150p_pipeline.py
[2026-09-23T14:34:46.319+0000] {logging_mixin.py:190} INFO - [2026-09-23T14:34:46.319+0000] {dag.py:3239} INFO - Sync 1 DAGs
[2026-09-23T14:34:46.336+0000] {logging_mixin.py:190} INFO - [2026-09-23T14:34:46.336+0000] {dag.py:4180} INFO - Setting next_dagrun for dss150p_sales_pipeline to 2026-09-23 02:00:00+00:00, run_after=2026-09-24 02:00:00+00:00
[2026-09-23T14:34:46.350+0000] {processor.py:208} INFO - Processing /opt/airflow/dags/dss150p_pipeline.py took 0.098 seconds
[2026-09-23T14:35:16.541+0000] {processor.py:186} INFO - Started process (PID=1369) to work on /opt/airflow/dags/dss150p_pipeline.py
[2026-09-23T14:35:16.543+0000] {processor.py:914} INFO - Processing file /opt/airflow/dags/dss150p_pipeline.py for tasks to queue
[2026-09-23T14:35:16.545+0000] {logging_mixin.py:190} INFO - [2026-09-23T14:35:16.545+0000] {dagbag.py:588} INFO - Filling up the DagBag from /opt/airflow/dags/dss150p_pipeline.py
[2026-09-23T14:35:16.572+0000] {processor.py:925} INFO - DAG(s) 'dss150p_sales_pipeline' retrieved from /opt/airflow/dags/dss150p_pipeline.py
[2026-09-23T14:35:16.611+0000] {logging_mixin.py:190} INFO - [2026-09-23T14:35:16.611+0000] {dag.py:3239} INFO - Sync 1 DAGs
[2026-09-23T14:35:16.625+0000] {logging_mixin.py:190} INFO - [2026-09-23T14:35:16.625+0000] {dag.py:4180} INFO - Setting next_dagrun for dss150p_sales_pipeline to 2026-09-23 02:00:00+00:00, run_after=2026-09-24 02:00:00+00:00
[2026-09-23T14:35:16.640+0000] {processor.py:208} INFO - Processing /opt/airflow/dags/dss150p_pipeline.py took 0.104 seconds
[2026-09-23T14:35:46.751+0000] {processor.py:186} INFO - Started process (PID=1377) to work on /opt/airflow/dags/dss150p_pipeline.py
[2026-09-23T14:35:46.752+0000] {processor.py:914} INFO - Processing file /opt/airflow/dags/dss150p_pipeline.py for tasks to queue
[2026-09-23T14:35:46.755+0000] {logging_mixin.py:190} INFO - [2026-09-23T14:35:46.754+0000] {dagbag.py:588} INFO - Filling up the DagBag from /opt/airflow/dags/dss150p_pipeline.py
[2026-09-23T14:35:46.782+0000] {processor.py:925} INFO - DAG(s) 'dss150p_sales_pipeline' retrieved from /opt/airflow/dags/dss150p_pipeline.py
[2026-09-23T14:35:46.827+0000] {logging_mixin.py:190} INFO - [2026-09-23T14:35:46.827+0000] {dag.py:3239} INFO - Sync 1 DAGs
[2026-09-23T14:35:46.845+0000] {logging_mixin.py:190} INFO - [2026-09-23T14:35:46.845+0000] {dag.py:4180} INFO - Setting next_dagrun for dss150p_sales_pipeline to 2026-09-23 02:00:00+00:00, run_after=2026-09-24 02:00:00+00:00
[2026-09-23T14:35:46.867+0000] {processor.py:208} INFO - Processing /opt/airflow/dags/dss150p_pipeline.py took 0.121 seconds
[2026-09-23T14:36:17.053+0000] {processor.py:186} INFO - Started process (PID=1419) to work on /opt/airflow/dags/dss150p_pipeline.py
[2026-09-23T14:36:17.054+0000] {processor.py:914} INFO - Processing file /opt/airflow/dags/dss150p_pipeline.py for tasks to queue
[2026-09-23T14:36:17.057+0000] {logging_mixin.py:190} INFO - [2026-09-23T14:36:17.056+0000] {dagbag.py:588} INFO - Filling up the DagBag from /opt/airflow/dags/dss150p_pipeline.py
[2026-09-23T14:36:17.078+0000] {processor.py:925} INFO - DAG(s) 'dss150p_sales_pipeline' retrieved from /opt/airflow/dags/dss150p_pipeline.py
[2026-09-23T14:36:17.115+0000] {logging_mixin.py:190} INFO - [2026-09-23T14:36:17.115+0000] {dag.py:3239} INFO - Sync 1 DAGs
[2026-09-23T14:36:17.131+0000] {logging_mixin.py:190} INFO - [2026-09-23T14:36:17.130+0000] {dag.py:4180} INFO - Setting next_dagrun for dss150p_sales_pipeline to 2026-09-23 02:00:00+00:00, run_after=2026-09-24 02:00:00+00:00
[2026-09-23T14:36:17.150+0000] {processor.py:208} INFO - Processing /opt/airflow/dags/dss150p_pipeline.py took 0.101 seconds
[2026-09-23T14:36:47.247+0000] {processor.py:186} INFO - Started process (PID=1424) to work on /opt/airflow/dags/dss150p_pipeline.py
[2026-09-23T14:36:47.248+0000] {processor.py:914} INFO - Processing file /opt/airflow/dags/dss150p_pipeline.py for tasks to queue
[2026-09-23T14:36:47.250+0000] {logging_mixin.py:190} INFO - [2026-09-23T14:36:47.250+0000] {dagbag.py:588} INFO - Filling up the DagBag from /opt/airflow/dags/dss150p_pipeline.py
[2026-09-23T14:36:47.272+0000] {processor.py:925} INFO - DAG(s) 'dss150p_sales_pipeline' retrieved from /opt/airflow/dags/dss150p_pipeline.py
[2026-09-23T14:36:47.309+0000] {logging_mixin.py:190} INFO - [2026-09-23T14:36:47.309+0000] {dag.py:3239} INFO - Sync 1 DAGs
[2026-09-23T14:36:47.326+0000] {logging_mixin.py:190} INFO - [2026-09-23T14:36:47.326+0000] {dag.py:4180} INFO - Setting next_dagrun for dss150p_sales_pipeline to 2026-09-23 02:00:00+00:00, run_after=2026-09-24 02:00:00+00:00
[2026-09-23T14:36:47.342+0000] {processor.py:208} INFO - Processing /opt/airflow/dags/dss150p_pipeline.py took 0.100 seconds
[2026-09-23T14:37:17.632+0000] {processor.py:186} INFO - Started process (PID=1449) to work on /opt/airflow/dags/dss150p_pipeline.py
[2026-09-23T14:37:17.634+0000] {processor.py:914} INFO - Processing file /opt/airflow/dags/dss150p_pipeline.py for tasks to queue
[2026-09-23T14:37:17.639+0000] {logging_mixin.py:190} INFO - [2026-09-23T14:37:17.639+0000] {dagbag.py:588} INFO - Filling up the DagBag from /opt/airflow/dags/dss150p_pipeline.py
[2026-09-23T14:37:17.714+0000] {processor.py:925} INFO - DAG(s) 'dss150p_sales_pipeline' retrieved from /opt/airflow/dags/dss150p_pipeline.py
[2026-09-23T14:37:17.774+0000] {logging_mixin.py:190} INFO - [2026-09-23T14:37:17.774+0000] {dag.py:3239} INFO - Sync 1 DAGs
[2026-09-23T14:37:17.792+0000] {logging_mixin.py:190} INFO - [2026-09-23T14:37:17.792+0000] {dag.py:4180} INFO - Setting next_dagrun for dss150p_sales_pipeline to 2026-09-23 02:00:00+00:00, run_after=2026-09-24 02:00:00+00:00
[2026-09-23T14:37:17.810+0000] {processor.py:208} INFO - Processing /opt/airflow/dags/dss150p_pipeline.py took 0.186 seconds
[2026-09-23T14:37:48.012+0000] {processor.py:186} INFO - Started process (PID=1454) to work on /opt/airflow/dags/dss150p_pipeline.py
[2026-09-23T14:37:48.013+0000] {processor.py:914} INFO - Processing file /opt/airflow/dags/dss150p_pipeline.py for tasks to queue
[2026-09-23T14:37:48.016+0000] {logging_mixin.py:190} INFO - [2026-09-23T14:37:48.016+0000] {dagbag.py:588} INFO - Filling up the DagBag from /opt/airflow/dags/dss150p_pipeline.py
[2026-09-23T14:37:48.049+0000] {processor.py:925} INFO - DAG(s) 'dss150p_sales_pipeline' retrieved from /opt/airflow/dags/dss150p_pipeline.py
[2026-09-23T14:37:48.098+0000] {logging_mixin.py:190} INFO - [2026-09-23T14:37:48.097+0000] {dag.py:3239} INFO - Sync 1 DAGs
[2026-09-23T14:37:48.116+0000] {logging_mixin.py:190} INFO - [2026-09-23T14:37:48.115+0000] {dag.py:4180} INFO - Setting next_dagrun for dss150p_sales_pipeline to 2026-09-23 02:00:00+00:00, run_after=2026-09-24 02:00:00+00:00
[2026-09-23T14:37:48.134+0000] {processor.py:208} INFO - Processing /opt/airflow/dags/dss150p_pipeline.py took 0.128 seconds
[2026-09-23T14:38:18.224+0000] {processor.py:186} INFO - Started process (PID=1459) to work on /opt/airflow/dags/dss150p_pipeline.py
[2026-09-23T14:38:18.226+0000] {processor.py:914} INFO - Processing file /opt/airflow/dags/dss150p_pipeline.py for tasks to queue
[2026-09-23T14:38:18.228+0000] {logging_mixin.py:190} INFO - [2026-09-23T14:38:18.228+0000] {dagbag.py:588} INFO - Filling up the DagBag from /opt/airflow/dags/dss150p_pipeline.py
[2026-09-23T14:38:18.251+0000] {processor.py:925} INFO - DAG(s) 'dss150p_sales_pipeline' retrieved from /opt/airflow/dags/dss150p_pipeline.py
[2026-09-23T14:38:18.289+0000] {logging_mixin.py:190} INFO - [2026-09-23T14:38:18.288+0000] {dag.py:3239} INFO - Sync 1 DAGs
[2026-09-23T14:38:18.304+0000] {logging_mixin.py:190} INFO - [2026-09-23T14:38:18.304+0000] {dag.py:4180} INFO - Setting next_dagrun for dss150p_sales_pipeline to 2026-09-23 02:00:00+00:00, run_after=2026-09-24 02:00:00+00:00
[2026-09-23T14:38:18.323+0000] {processor.py:208} INFO - Processing /opt/airflow/dags/dss150p_pipeline.py took 0.108 seconds
[2026-09-23T14:38:48.489+0000] {processor.py:186} INFO - Started process (PID=1580) to work on /opt/airflow/dags/dss150p_pipeline.py
[2026-09-23T14:38:48.490+0000] {processor.py:914} INFO - Processing file /opt/airflow/dags/dss150p_pipeline.py for tasks to queue
[2026-09-23T14:38:48.492+0000] {logging_mixin.py:190} INFO - [2026-09-23T14:38:48.492+0000] {dagbag.py:588} INFO - Filling up the DagBag from /opt/airflow/dags/dss150p_pipeline.py
[2026-09-23T14:38:48.514+0000] {processor.py:925} INFO - DAG(s) 'dss150p_sales_pipeline' retrieved from /opt/airflow/dags/dss150p_pipeline.py
[2026-09-23T14:38:48.549+0000] {logging_mixin.py:190} INFO - [2026-09-23T14:38:48.549+0000] {dag.py:3239} INFO - Sync 1 DAGs
[2026-09-23T14:38:48.566+0000] {logging_mixin.py:190} INFO - [2026-09-23T14:38:48.566+0000] {dag.py:4180} INFO - Setting next_dagrun for dss150p_sales_pipeline to 2026-09-23 02:00:00+00:00, run_after=2026-09-24 02:00:00+00:00
[2026-09-23T14:38:48.583+0000] {processor.py:208} INFO - Processing /opt/airflow/dags/dss150p_pipeline.py took 0.100 seconds
[2026-09-23T14:39:18.711+0000] {processor.py:186} INFO - Started process (PID=1585) to work on /opt/airflow/dags/dss150p_pipeline.py
[2026-09-23T14:39:18.712+0000] {processor.py:914} INFO - Processing file /opt/airflow/dags/dss150p_pipeline.py for tasks to queue
[2026-09-23T14:39:18.715+0000] {logging_mixin.py:190} INFO - [2026-09-23T14:39:18.715+0000] {dagbag.py:588} INFO - Filling up the DagBag from /opt/airflow/dags/dss150p_pipeline.py
[2026-09-23T14:39:18.747+0000] {processor.py:925} INFO - DAG(s) 'dss150p_sales_pipeline' retrieved from /opt/airflow/dags/dss150p_pipeline.py
[2026-09-23T14:39:18.799+0000] {logging_mixin.py:190} INFO - [2026-09-23T14:39:18.799+0000] {dag.py:3239} INFO - Sync 1 DAGs
[2026-09-23T14:39:18.816+0000] {logging_mixin.py:190} INFO - [2026-09-23T14:39:18.816+0000] {dag.py:4180} INFO - Setting next_dagrun for dss150p_sales_pipeline to 2026-09-23 02:00:00+00:00, run_after=2026-09-24 02:00:00+00:00
[2026-09-23T14:39:18.834+0000] {processor.py:208} INFO - Processing /opt/airflow/dags/dss150p_pipeline.py took 0.132 seconds
[2026-09-23T14:39:48.996+0000] {processor.py:186} INFO - Started process (PID=1590) to work on /opt/airflow/dags/dss150p_pipeline.py
[2026-09-23T14:39:48.997+0000] {processor.py:914} INFO - Processing file /opt/airflow/dags/dss150p_pipeline.py for tasks to queue
[2026-09-23T14:39:49.000+0000] {logging_mixin.py:190} INFO - [2026-09-23T14:39:48.999+0000] {dagbag.py:588} INFO - Filling up the DagBag from /opt/airflow/dags/dss150p_pipeline.py
[2026-09-23T14:39:49.039+0000] {processor.py:925} INFO - DAG(s) 'dss150p_sales_pipeline' retrieved from /opt/airflow/dags/dss150p_pipeline.py
[2026-09-23T14:39:49.117+0000] {logging_mixin.py:190} INFO - [2026-09-23T14:39:49.117+0000] {dag.py:3239} INFO - Sync 1 DAGs
[2026-09-23T14:39:49.146+0000] {logging_mixin.py:190} INFO - [2026-09-23T14:39:49.146+0000] {dag.py:4180} INFO - Setting next_dagrun for dss150p_sales_pipeline to 2026-09-23 02:00:00+00:00, run_after=2026-09-24 02:00:00+00:00
[2026-09-23T14:39:49.172+0000] {processor.py:208} INFO - Processing /opt/airflow/dags/dss150p_pipeline.py took 0.183 seconds
[2026-09-23T14:40:19.265+0000] {processor.py:186} INFO - Started process (PID=1595) to work on /opt/airflow/dags/dss150p_pipeline.py
[2026-09-23T14:40:19.266+0000] {processor.py:914} INFO - Processing file /opt/airflow/dags/dss150p_pipeline.py for tasks to queue
[2026-09-23T14:40:19.268+0000] {logging_mixin.py:190} INFO - [2026-09-23T14:40:19.268+0000] {dagbag.py:588} INFO - Filling up the DagBag from /opt/airflow/dags/dss150p_pipeline.py
[2026-09-23T14:40:19.288+0000] {processor.py:925} INFO - DAG(s) 'dss150p_sales_pipeline' retrieved from /opt/airflow/dags/dss150p_pipeline.py
[2026-09-23T14:40:19.322+0000] {logging_mixin.py:190} INFO - [2026-09-23T14:40:19.322+0000] {dag.py:3239} INFO - Sync 1 DAGs
[2026-09-23T14:40:19.337+0000] {logging_mixin.py:190} INFO - [2026-09-23T14:40:19.336+0000] {dag.py:4180} INFO - Setting next_dagrun for dss150p_sales_pipeline to 2026-09-23 02:00:00+00:00, run_after=2026-09-24 02:00:00+00:00
[2026-09-23T14:40:19.352+0000] {processor.py:208} INFO - Processing /opt/airflow/dags/dss150p_pipeline.py took 0.092 seconds
[2026-09-23T14:40:49.570+0000] {processor.py:186} INFO - Started process (PID=1600) to work on /opt/airflow/dags/dss150p_pipeline.py
[2026-09-23T14:40:49.572+0000] {processor.py:914} INFO - Processing file /opt/airflow/dags/dss150p_pipeline.py for tasks to queue
[2026-09-23T14:40:49.575+0000] {logging_mixin.py:190} INFO - [2026-09-23T14:40:49.575+0000] {dagbag.py:588} INFO - Filling up the DagBag from /opt/airflow/dags/dss150p_pipeline.py
[2026-09-23T14:40:49.595+0000] {processor.py:925} INFO - DAG(s) 'dss150p_sales_pipeline' retrieved from /opt/airflow/dags/dss150p_pipeline.py
[2026-09-23T14:40:49.639+0000] {logging_mixin.py:190} INFO - [2026-09-23T14:40:49.639+0000] {dag.py:3239} INFO - Sync 1 DAGs
[2026-09-23T14:40:49.654+0000] {logging_mixin.py:190} INFO - [2026-09-23T14:40:49.653+0000] {dag.py:4180} INFO - Setting next_dagrun for dss150p_sales_pipeline to 2026-09-23 02:00:00+00:00, run_after=2026-09-24 02:00:00+00:00
[2026-09-23T14:40:49.670+0000] {processor.py:208} INFO - Processing /opt/airflow/dags/dss150p_pipeline.py took 0.105 seconds
[2026-09-23T14:41:19.787+0000] {processor.py:186} INFO - Started process (PID=1605) to work on /opt/airflow/dags/dss150p_pipeline.py
[2026-09-23T14:41:19.788+0000] {processor.py:914} INFO - Processing file /opt/airflow/dags/dss150p_pipeline.py for tasks to queue
[2026-09-23T14:41:19.791+0000] {logging_mixin.py:190} INFO - [2026-09-23T14:41:19.791+0000] {dagbag.py:588} INFO - Filling up the DagBag from /opt/airflow/dags/dss150p_pipeline.py
[2026-09-23T14:41:19.823+0000] {processor.py:925} INFO - DAG(s) 'dss150p_sales_pipeline' retrieved from /opt/airflow/dags/dss150p_pipeline.py
[2026-09-23T14:41:19.865+0000] {logging_mixin.py:190} INFO - [2026-09-23T14:41:19.865+0000] {dag.py:3239} INFO - Sync 1 DAGs
[2026-09-23T14:41:19.881+0000] {logging_mixin.py:190} INFO - [2026-09-23T14:41:19.881+0000] {dag.py:4180} INFO - Setting next_dagrun for dss150p_sales_pipeline to 2026-09-23 02:00:00+00:00, run_after=2026-09-24 02:00:00+00:00
[2026-09-23T14:41:19.895+0000] {processor.py:208} INFO - Processing /opt/airflow/dags/dss150p_pipeline.py took 0.114 seconds
[2026-09-23T14:41:50.057+0000] {processor.py:186} INFO - Started process (PID=1610) to work on /opt/airflow/dags/dss150p_pipeline.py
[2026-09-23T14:41:50.058+0000] {processor.py:914} INFO - Processing file /opt/airflow/dags/dss150p_pipeline.py for tasks to queue
[2026-09-23T14:41:50.063+0000] {logging_mixin.py:190} INFO - [2026-09-23T14:41:50.062+0000] {dagbag.py:588} INFO - Filling up the DagBag from /opt/airflow/dags/dss150p_pipeline.py
[2026-09-23T14:41:50.091+0000] {processor.py:925} INFO - DAG(s) 'dss150p_sales_pipeline' retrieved from /opt/airflow/dags/dss150p_pipeline.py
[2026-09-23T14:41:50.135+0000] {logging_mixin.py:190} INFO - [2026-09-23T14:41:50.135+0000] {dag.py:3239} INFO - Sync 1 DAGs
[2026-09-23T14:41:50.150+0000] {logging_mixin.py:190} INFO - [2026-09-23T14:41:50.150+0000] {dag.py:4180} INFO - Setting next_dagrun for dss150p_sales_pipeline to 2026-09-23 02:00:00+00:00, run_after=2026-09-24 02:00:00+00:00
[2026-09-23T14:41:50.166+0000] {processor.py:208} INFO - Processing /opt/airflow/dags/dss150p_pipeline.py took 0.116 seconds
[2026-09-23T14:42:20.300+0000] {processor.py:186} INFO - Started process (PID=1615) to work on /opt/airflow/dags/dss150p_pipeline.py
[2026-09-23T14:42:20.302+0000] {processor.py:914} INFO - Processing file /opt/airflow/dags/dss150p_pipeline.py for tasks to queue
[2026-09-23T14:42:20.305+0000] {logging_mixin.py:190} INFO - [2026-09-23T14:42:20.305+0000] {dagbag.py:588} INFO - Filling up the DagBag from /opt/airflow/dags/dss150p_pipeline.py
[2026-09-23T14:42:20.340+0000] {processor.py:925} INFO - DAG(s) 'dss150p_sales_pipeline' retrieved from /opt/airflow/dags/dss150p_pipeline.py
[2026-09-23T14:42:20.384+0000] {logging_mixin.py:190} INFO - [2026-09-23T14:42:20.384+0000] {dag.py:3239} INFO - Sync 1 DAGs
[2026-09-23T14:42:20.399+0000] {logging_mixin.py:190} INFO - [2026-09-23T14:42:20.399+0000] {dag.py:4180} INFO - Setting next_dagrun for dss150p_sales_pipeline to 2026-09-23 02:00:00+00:00, run_after=2026-09-24 02:00:00+00:00
[2026-09-23T14:42:20.418+0000] {processor.py:208} INFO - Processing /opt/airflow/dags/dss150p_pipeline.py took 0.123 seconds
[2026-09-23T14:42:50.558+0000] {processor.py:186} INFO - Started process (PID=1620) to work on /opt/airflow/dags/dss150p_pipeline.py
[2026-09-23T14:42:50.559+0000] {processor.py:914} INFO - Processing file /opt/airflow/dags/dss150p_pipeline.py for tasks to queue
[2026-09-23T14:42:50.561+0000] {logging_mixin.py:190} INFO - [2026-09-23T14:42:50.561+0000] {dagbag.py:588} INFO - Filling up the DagBag from /opt/airflow/dags/dss150p_pipeline.py
[2026-09-23T14:42:50.587+0000] {processor.py:925} INFO - DAG(s) 'dss150p_sales_pipeline' retrieved from /opt/airflow/dags/dss150p_pipeline.py
[2026-09-23T14:42:50.623+0000] {logging_mixin.py:190} INFO - [2026-09-23T14:42:50.622+0000] {dag.py:3239} INFO - Sync 1 DAGs
[2026-09-23T14:42:50.638+0000] {logging_mixin.py:190} INFO - [2026-09-23T14:42:50.638+0000] {dag.py:4180} INFO - Setting next_dagrun for dss150p_sales_pipeline to 2026-09-23 02:00:00+00:00, run_after=2026-09-24 02:00:00+00:00
[2026-09-23T14:42:50.651+0000] {processor.py:208} INFO - Processing /opt/airflow/dags/dss150p_pipeline.py took 0.098 seconds
[2026-09-23T14:43:20.820+0000] {processor.py:186} INFO - Started process (PID=1625) to work on /opt/airflow/dags/dss150p_pipeline.py
[2026-09-23T14:43:20.822+0000] {processor.py:914} INFO - Processing file /opt/airflow/dags/dss150p_pipeline.py for tasks to queue
[2026-09-23T14:43:20.825+0000] {logging_mixin.py:190} INFO - [2026-09-23T14:43:20.824+0000] {dagbag.py:588} INFO - Filling up the DagBag from /opt/airflow/dags/dss150p_pipeline.py
[2026-09-23T14:43:20.868+0000] {processor.py:925} INFO - DAG(s) 'dss150p_sales_pipeline' retrieved from /opt/airflow/dags/dss150p_pipeline.py
[2026-09-23T14:43:20.902+0000] {logging_mixin.py:190} INFO - [2026-09-23T14:43:20.902+0000] {dag.py:3239} INFO - Sync 1 DAGs
[2026-09-23T14:43:20.917+0000] {logging_mixin.py:190} INFO - [2026-09-23T14:43:20.917+0000] {dag.py:4180} INFO - Setting next_dagrun for dss150p_sales_pipeline to 2026-09-23 02:00:00+00:00, run_after=2026-09-24 02:00:00+00:00
[2026-09-23T14:43:20.932+0000] {processor.py:208} INFO - Processing /opt/airflow/dags/dss150p_pipeline.py took 0.117 seconds
[2026-09-23T14:43:51.037+0000] {processor.py:186} INFO - Started process (PID=1630) to work on /opt/airflow/dags/dss150p_pipeline.py
[2026-09-23T14:43:51.038+0000] {processor.py:914} INFO - Processing file /opt/airflow/dags/dss150p_pipeline.py for tasks to queue
[2026-09-23T14:43:51.040+0000] {logging_mixin.py:190} INFO - [2026-09-23T14:43:51.040+0000] {dagbag.py:588} INFO - Filling up the DagBag from /opt/airflow/dags/dss150p_pipeline.py
[2026-09-23T14:43:51.061+0000] {processor.py:925} INFO - DAG(s) 'dss150p_sales_pipeline' retrieved from /opt/airflow/dags/dss150p_pipeline.py
[2026-09-23T14:43:51.095+0000] {logging_mixin.py:190} INFO - [2026-09-23T14:43:51.095+0000] {dag.py:3239} INFO - Sync 1 DAGs
[2026-09-23T14:43:51.109+0000] {logging_mixin.py:190} INFO - [2026-09-23T14:43:51.109+0000] {dag.py:4180} INFO - Setting next_dagrun for dss150p_sales_pipeline to 2026-09-23 02:00:00+00:00, run_after=2026-09-24 02:00:00+00:00
[2026-09-23T14:43:51.126+0000] {processor.py:208} INFO - Processing /opt/airflow/dags/dss150p_pipeline.py took 0.094 seconds
[2026-09-23T14:44:21.342+0000] {processor.py:186} INFO - Started process (PID=1635) to work on /opt/airflow/dags/dss150p_pipeline.py
[2026-09-23T14:44:21.343+0000] {processor.py:914} INFO - Processing file /opt/airflow/dags/dss150p_pipeline.py for tasks to queue
[2026-09-23T14:44:21.345+0000] {logging_mixin.py:190} INFO - [2026-09-23T14:44:21.345+0000] {dagbag.py:588} INFO - Filling up the DagBag from /opt/airflow/dags/dss150p_pipeline.py
[2026-09-23T14:44:21.365+0000] {processor.py:925} INFO - DAG(s) 'dss150p_sales_pipeline' retrieved from /opt/airflow/dags/dss150p_pipeline.py
[2026-09-23T14:44:21.398+0000] {logging_mixin.py:190} INFO - [2026-09-23T14:44:21.397+0000] {dag.py:3239} INFO - Sync 1 DAGs
[2026-09-23T14:44:21.412+0000] {logging_mixin.py:190} INFO - [2026-09-23T14:44:21.412+0000] {dag.py:4180} INFO - Setting next_dagrun for dss150p_sales_pipeline to 2026-09-23 02:00:00+00:00, run_after=2026-09-24 02:00:00+00:00
[2026-09-23T14:44:21.427+0000] {processor.py:208} INFO - Processing /opt/airflow/dags/dss150p_pipeline.py took 0.089 seconds
[2026-09-23T14:44:51.551+0000] {processor.py:186} INFO - Started process (PID=1640) to work on /opt/airflow/dags/dss150p_pipeline.py
[2026-09-23T14:44:51.552+0000] {processor.py:914} INFO - Processing file /opt/airflow/dags/dss150p_pipeline.py for tasks to queue
[2026-09-23T14:44:51.555+0000] {logging_mixin.py:190} INFO - [2026-09-23T14:44:51.555+0000] {dagbag.py:588} INFO - Filling up the DagBag from /opt/airflow/dags/dss150p_pipeline.py
[2026-09-23T14:44:51.581+0000] {processor.py:925} INFO - DAG(s) 'dss150p_sales_pipeline' retrieved from /opt/airflow/dags/dss150p_pipeline.py
[2026-09-23T14:44:51.625+0000] {logging_mixin.py:190} INFO - [2026-09-23T14:44:51.624+0000] {dag.py:3239} INFO - Sync 1 DAGs
[2026-09-23T14:44:51.641+0000] {logging_mixin.py:190} INFO - [2026-09-23T14:44:51.641+0000] {dag.py:4180} INFO - Setting next_dagrun for dss150p_sales_pipeline to 2026-09-23 02:00:00+00:00, run_after=2026-09-24 02:00:00+00:00
[2026-09-23T14:44:51.659+0000] {processor.py:208} INFO - Processing /opt/airflow/dags/dss150p_pipeline.py took 0.114 seconds
[2026-09-23T14:45:21.874+0000] {processor.py:186} INFO - Started process (PID=1651) to work on /opt/airflow/dags/dss150p_pipeline.py
[2026-09-23T14:45:21.875+0000] {processor.py:914} INFO - Processing file /opt/airflow/dags/dss150p_pipeline.py for tasks to queue
[2026-09-23T14:45:21.878+0000] {logging_mixin.py:190} INFO - [2026-09-23T14:45:21.878+0000] {dagbag.py:588} INFO - Filling up the DagBag from /opt/airflow/dags/dss150p_pipeline.py
[2026-09-23T14:45:21.897+0000] {processor.py:925} INFO - DAG(s) 'dss150p_sales_pipeline' retrieved from /opt/airflow/dags/dss150p_pipeline.py
[2026-09-23T14:45:21.934+0000] {logging_mixin.py:190} INFO - [2026-09-23T14:45:21.934+0000] {dag.py:3239} INFO - Sync 1 DAGs
[2026-09-23T14:45:21.951+0000] {logging_mixin.py:190} INFO - [2026-09-23T14:45:21.951+0000] {dag.py:4180} INFO - Setting next_dagrun for dss150p_sales_pipeline to 2026-09-23 02:00:00+00:00, run_after=2026-09-24 02:00:00+00:00
[2026-09-23T14:45:21.964+0000] {processor.py:208} INFO - Processing /opt/airflow/dags/dss150p_pipeline.py took 0.095 seconds
[2026-09-23T14:45:52.080+0000] {processor.py:186} INFO - Started process (PID=1657) to work on /opt/airflow/dags/dss150p_pipeline.py
[2026-09-23T14:45:52.081+0000] {processor.py:914} INFO - Processing file /opt/airflow/dags/dss150p_pipeline.py for tasks to queue
[2026-09-23T14:45:52.085+0000] {logging_mixin.py:190} INFO - [2026-09-23T14:45:52.085+0000] {dagbag.py:588} INFO - Filling up the DagBag from /opt/airflow/dags/dss150p_pipeline.py
[2026-09-23T14:45:52.113+0000] {processor.py:925} INFO - DAG(s) 'dss150p_sales_pipeline' retrieved from /opt/airflow/dags/dss150p_pipeline.py
[2026-09-23T14:45:52.161+0000] {logging_mixin.py:190} INFO - [2026-09-23T14:45:52.161+0000] {dag.py:3239} INFO - Sync 1 DAGs
[2026-09-23T14:45:52.186+0000] {logging_mixin.py:190} INFO - [2026-09-23T14:45:52.186+0000] {dag.py:4180} INFO - Setting next_dagrun for dss150p_sales_pipeline to 2026-09-23 02:00:00+00:00, run_after=2026-09-24 02:00:00+00:00
[2026-09-23T14:45:52.204+0000] {processor.py:208} INFO - Processing /opt/airflow/dags/dss150p_pipeline.py took 0.131 seconds
[2026-09-23T14:46:22.384+0000] {processor.py:186} INFO - Started process (PID=1662) to work on /opt/airflow/dags/dss150p_pipeline.py
[2026-09-23T14:46:22.385+0000] {processor.py:914} INFO - Processing file /opt/airflow/dags/dss150p_pipeline.py for tasks to queue
[2026-09-23T14:46:22.390+0000] {logging_mixin.py:190} INFO - [2026-09-23T14:46:22.389+0000] {dagbag.py:588} INFO - Filling up the DagBag from /opt/airflow/dags/dss150p_pipeline.py
[2026-09-23T14:46:22.419+0000] {processor.py:925} INFO - DAG(s) 'dss150p_sales_pipeline' retrieved from /opt/airflow/dags/dss150p_pipeline.py
[2026-09-23T14:46:22.462+0000] {logging_mixin.py:190} INFO - [2026-09-23T14:46:22.462+0000] {dag.py:3239} INFO - Sync 1 DAGs
[2026-09-23T14:46:22.480+0000] {logging_mixin.py:190} INFO - [2026-09-23T14:46:22.480+0000] {dag.py:4180} INFO - Setting next_dagrun for dss150p_sales_pipeline to 2026-09-23 02:00:00+00:00, run_after=2026-09-24 02:00:00+00:00
[2026-09-23T14:46:22.495+0000] {processor.py:208} INFO - Processing /opt/airflow/dags/dss150p_pipeline.py took 0.119 seconds
