[2026-09-23T14:15:17.465+0000] {local_task_job_runner.py:123} INFO - ::group::Pre task execution logs
[2026-09-23T14:15:17.481+0000] {taskinstance.py:2614} INFO - Dependencies all met for dep_context=non-requeueable deps ti=<TaskInstance: dss150p_sales_pipeline.load manual__2026-09-23T14:14:42+00:00 [queued]>
[2026-09-23T14:15:17.489+0000] {taskinstance.py:2614} INFO - Dependencies all met for dep_context=requeueable deps ti=<TaskInstance: dss150p_sales_pipeline.load manual__2026-09-23T14:14:42+00:00 [queued]>
[2026-09-23T14:15:17.492+0000] {taskinstance.py:2867} INFO - Starting attempt 1 of 3
[2026-09-23T14:15:17.502+0000] {taskinstance.py:2890} INFO - Executing <Task(BashOperator): load> on 2026-09-23 14:14:42+00:00
[2026-09-23T14:15:17.507+0000] {standard_task_runner.py:72} INFO - Started process 595 to run task
[2026-09-23T14:15:17.510+0000] {standard_task_runner.py:104} INFO - Running: ['airflow', 'tasks', 'run', 'dss150p_sales_pipeline', 'load', 'manual__2026-09-23T14:14:42+00:00', '--job-id', '15', '--raw', '--subdir', 'DAGS_FOLDER/dss150p_pipeline.py', '--cfg-path', '/tmp/tmp65x8qk93']
[2026-09-23T14:15:17.513+0000] {standard_task_runner.py:105} INFO - Job 15: Subtask load
[2026-09-23T14:15:17.553+0000] {task_command.py:467} INFO - Running <TaskInstance: dss150p_sales_pipeline.load manual__2026-09-23T14:14:42+00:00 [running]> on host d86c79f1ad0d
[2026-09-23T14:15:17.616+0000] {taskinstance.py:3134} INFO - Exporting env vars: AIRFLOW_CTX_DAG_OWNER='dss150p' AIRFLOW_CTX_DAG_ID='dss150p_sales_pipeline' AIRFLOW_CTX_TASK_ID='load' AIRFLOW_CTX_EXECUTION_DATE='2026-09-23T14:14:42+00:00' AIRFLOW_CTX_TRY_NUMBER='1' AIRFLOW_CTX_DAG_RUN_ID='manual__2026-09-23T14:14:42+00:00'
[2026-09-23T14:15:17.620+0000] {taskinstance.py:732} INFO - ::endgroup::
[2026-09-23T14:15:17.631+0000] {subprocess.py:78} INFO - Tmp dir root location: /tmp
[2026-09-23T14:15:17.633+0000] {subprocess.py:88} INFO - Running command: ['/usr/bin/bash', '-c', 'cd /opt/airflow/project && PIPELINE_RUN_ID="manual__2026-09-23T14:14:42+00:00" python -m src.cli load']
[2026-09-23T14:15:17.640+0000] {subprocess.py:99} INFO - Output:
[2026-09-23T14:15:20.215+0000] {subprocess.py:110} INFO - Command exited with return code 0
[2026-09-23T14:15:20.234+0000] {taskinstance.py:341} INFO - ::group::Post task execution logs
[2026-09-23T14:15:20.236+0000] {taskinstance.py:353} INFO - Marking task as SUCCESS. dag_id=dss150p_sales_pipeline, task_id=load, run_id=manual__2026-09-23T14:14:42+00:00, execution_date=20260923T141442, start_date=20260923T141517, end_date=20260923T141520
[2026-09-23T14:15:20.297+0000] {local_task_job_runner.py:266} INFO - Task exited with return code 0
[2026-09-23T14:15:20.311+0000] {taskinstance.py:3901} INFO - 1 downstream tasks scheduled from follow-on schedule check
[2026-09-23T14:15:20.314+0000] {local_task_job_runner.py:245} INFO - ::endgroup::
