[2026-09-23T14:05:01.454+0000] {manager.py:483} INFO - Processing files using up to 2 processes at a time 
[2026-09-23T14:05:01.456+0000] {manager.py:484} INFO - Process each file at most once every 30 seconds
[2026-09-23T14:05:01.458+0000] {manager.py:485} INFO - Checking for new files in /opt/airflow/dags every 300 seconds
[2026-09-23T14:05:01.461+0000] {manager.py:821} INFO - Searching for files in /opt/airflow/dags
[2026-09-23T14:05:01.478+0000] {manager.py:824} INFO - There are 1 files in /opt/airflow/dags
[2026-09-23T14:05:01.557+0000] {manager.py:997} INFO - 
================================================================================
DAG File Processing Stats

File Path                                PID  Runtime      # DAGs    # Errors  Last Runtime    Last Run      Last # of DB Queries
-------------------------------------  -----  ---------  --------  ----------  --------------  ----------  ----------------------
/opt/airflow/dags/dss150p_pipeline.py    175  0.02s             0           0                                                   0
================================================================================
[2026-09-23T14:05:31.729+0000] {manager.py:997} INFO - 
================================================================================
DAG File Processing Stats

File Path                              PID    Runtime      # DAGs    # Errors  Last Runtime    Last Run               Last # of DB Queries
-------------------------------------  -----  ---------  --------  ----------  --------------  -------------------  ----------------------
/opt/airflow/dags/dss150p_pipeline.py                           1           0  0.36s           2026-09-23T14:05:01                      45
================================================================================
[2026-09-23T14:06:02.248+0000] {manager.py:997} INFO - 
================================================================================
DAG File Processing Stats

File Path                                PID  Runtime      # DAGs    # Errors  Last Runtime    Last Run               Last # of DB Queries
-------------------------------------  -----  ---------  --------  ----------  --------------  -------------------  ----------------------
/opt/airflow/dags/dss150p_pipeline.py    185  0.00s             1           0  0.17s           2026-09-23T14:05:32                      12
================================================================================
[2026-09-23T14:06:32.449+0000] {manager.py:997} INFO - 
================================================================================
DAG File Processing Stats

File Path                                PID  Runtime      # DAGs    # Errors  Last Runtime    Last Run               Last # of DB Queries
-------------------------------------  -----  ---------  --------  ----------  --------------  -------------------  ----------------------
/opt/airflow/dags/dss150p_pipeline.py    190  0.00s             1           0  0.13s           2026-09-23T14:06:02                      12
================================================================================
[2026-09-23T14:07:02.734+0000] {manager.py:997} INFO - 
================================================================================
DAG File Processing Stats

File Path                                PID  Runtime      # DAGs    # Errors  Last Runtime    Last Run               Last # of DB Queries
-------------------------------------  -----  ---------  --------  ----------  --------------  -------------------  ----------------------
/opt/airflow/dags/dss150p_pipeline.py    195  0.00s             1           0  0.15s           2026-09-23T14:06:32                      12
================================================================================
[2026-09-23T14:07:32.971+0000] {manager.py:997} INFO - 
================================================================================
DAG File Processing Stats

File Path                                PID  Runtime      # DAGs    # Errors  Last Runtime    Last Run               Last # of DB Queries
-------------------------------------  -----  ---------  --------  ----------  --------------  -------------------  ----------------------
/opt/airflow/dags/dss150p_pipeline.py    200  0.00s             1           0  0.15s           2026-09-23T14:07:02                      12
================================================================================
[2026-09-23T14:08:03.318+0000] {manager.py:997} INFO - 
================================================================================
DAG File Processing Stats

File Path                                PID  Runtime      # DAGs    # Errors  Last Runtime    Last Run               Last # of DB Queries
-------------------------------------  -----  ---------  --------  ----------  --------------  -------------------  ----------------------
/opt/airflow/dags/dss150p_pipeline.py    205  0.00s             1           0  0.14s           2026-09-23T14:07:33                      12
================================================================================
[2026-09-23T14:08:33.524+0000] {manager.py:997} INFO - 
================================================================================
DAG File Processing Stats

File Path                                PID  Runtime      # DAGs    # Errors  Last Runtime    Last Run               Last # of DB Queries
-------------------------------------  -----  ---------  --------  ----------  --------------  -------------------  ----------------------
/opt/airflow/dags/dss150p_pipeline.py    229  0.01s             1           0  0.11s           2026-09-23T14:08:03                      12
================================================================================
[2026-09-23T14:09:03.782+0000] {manager.py:997} INFO - 
================================================================================
DAG File Processing Stats

File Path                                PID  Runtime      # DAGs    # Errors  Last Runtime    Last Run               Last # of DB Queries
-------------------------------------  -----  ---------  --------  ----------  --------------  -------------------  ----------------------
/opt/airflow/dags/dss150p_pipeline.py    295  0.00s             1           0  0.18s           2026-09-23T14:08:33                      12
================================================================================
[2026-09-23T14:09:34.027+0000] {manager.py:997} INFO - 
================================================================================
DAG File Processing Stats

File Path                                PID  Runtime      # DAGs    # Errors  Last Runtime    Last Run               Last # of DB Queries
-------------------------------------  -----  ---------  --------  ----------  --------------  -------------------  ----------------------
/opt/airflow/dags/dss150p_pipeline.py    300  0.00s             1           0  0.10s           2026-09-23T14:09:03                      12
================================================================================
[2026-09-23T14:10:02.212+0000] {manager.py:821} INFO - Searching for files in /opt/airflow/dags
[2026-09-23T14:10:02.230+0000] {manager.py:824} INFO - There are 1 files in /opt/airflow/dags
[2026-09-23T14:10:04.263+0000] {manager.py:997} INFO - 
================================================================================
DAG File Processing Stats

File Path                                PID  Runtime      # DAGs    # Errors  Last Runtime    Last Run               Last # of DB Queries
-------------------------------------  -----  ---------  --------  ----------  --------------  -------------------  ----------------------
/opt/airflow/dags/dss150p_pipeline.py    345  0.00s             1           0  0.12s           2026-09-23T14:09:34                      12
================================================================================
[2026-09-23T14:10:34.487+0000] {manager.py:997} INFO - 
================================================================================
DAG File Processing Stats

File Path                                PID  Runtime      # DAGs    # Errors  Last Runtime    Last Run               Last # of DB Queries
-------------------------------------  -----  ---------  --------  ----------  --------------  -------------------  ----------------------
/opt/airflow/dags/dss150p_pipeline.py    350  0.00s             1           0  0.13s           2026-09-23T14:10:04                      12
================================================================================
[2026-09-23T14:11:04.724+0000] {manager.py:997} INFO - 
================================================================================
DAG File Processing Stats

File Path                                PID  Runtime      # DAGs    # Errors  Last Runtime    Last Run               Last # of DB Queries
-------------------------------------  -----  ---------  --------  ----------  --------------  -------------------  ----------------------
/opt/airflow/dags/dss150p_pipeline.py    395  0.00s             1           0  0.12s           2026-09-23T14:10:34                      12
================================================================================
[2026-09-23T14:11:34.937+0000] {manager.py:997} INFO - 
================================================================================
DAG File Processing Stats

File Path                                PID  Runtime      # DAGs    # Errors  Last Runtime    Last Run               Last # of DB Queries
-------------------------------------  -----  ---------  --------  ----------  --------------  -------------------  ----------------------
/opt/airflow/dags/dss150p_pipeline.py    400  0.00s             1           0  0.15s           2026-09-23T14:11:04                      12
================================================================================
[2026-09-23T14:12:05.220+0000] {manager.py:997} INFO - 
================================================================================
DAG File Processing Stats

File Path                                PID  Runtime      # DAGs    # Errors  Last Runtime    Last Run               Last # of DB Queries
-------------------------------------  -----  ---------  --------  ----------  --------------  -------------------  ----------------------
/opt/airflow/dags/dss150p_pipeline.py    405  0.00s             1           0  0.13s           2026-09-23T14:11:35                      12
================================================================================
[2026-09-23T14:12:35.419+0000] {manager.py:997} INFO - 
================================================================================
DAG File Processing Stats

File Path                                PID  Runtime      # DAGs    # Errors  Last Runtime    Last Run               Last # of DB Queries
-------------------------------------  -----  ---------  --------  ----------  --------------  -------------------  ----------------------
/opt/airflow/dags/dss150p_pipeline.py    504  0.00s             1           0  0.14s           2026-09-23T14:12:05                      12
================================================================================
[2026-09-23T14:13:05.696+0000] {manager.py:997} INFO - 
================================================================================
DAG File Processing Stats

File Path                                PID  Runtime      # DAGs    # Errors  Last Runtime    Last Run               Last # of DB Queries
-------------------------------------  -----  ---------  --------  ----------  --------------  -------------------  ----------------------
/opt/airflow/dags/dss150p_pipeline.py    509  0.00s             1           0  0.15s           2026-09-23T14:12:35                      12
================================================================================
[2026-09-23T14:13:35.920+0000] {manager.py:997} INFO - 
================================================================================
DAG File Processing Stats

File Path                                PID  Runtime      # DAGs    # Errors  Last Runtime    Last Run               Last # of DB Queries
-------------------------------------  -----  ---------  --------  ----------  --------------  -------------------  ----------------------
/opt/airflow/dags/dss150p_pipeline.py    514  0.00s             1           0  0.13s           2026-09-23T14:13:05                      12
================================================================================
[2026-09-23T14:14:06.174+0000] {manager.py:997} INFO - 
================================================================================
DAG File Processing Stats

File Path                                PID  Runtime      # DAGs    # Errors  Last Runtime    Last Run               Last # of DB Queries
-------------------------------------  -----  ---------  --------  ----------  --------------  -------------------  ----------------------
/opt/airflow/dags/dss150p_pipeline.py    519  0.00s             1           0  0.15s           2026-09-23T14:13:36                      12
================================================================================
[2026-09-23T14:14:36.442+0000] {manager.py:997} INFO - 
================================================================================
DAG File Processing Stats

File Path                                PID  Runtime      # DAGs    # Errors  Last Runtime    Last Run               Last # of DB Queries
-------------------------------------  -----  ---------  --------  ----------  --------------  -------------------  ----------------------
/opt/airflow/dags/dss150p_pipeline.py    524  0.00s             1           0  0.11s           2026-09-23T14:14:06                      12
================================================================================
[2026-09-23T14:15:02.620+0000] {manager.py:821} INFO - Searching for files in /opt/airflow/dags
[2026-09-23T14:15:02.636+0000] {manager.py:824} INFO - There are 1 files in /opt/airflow/dags
[2026-09-23T14:15:06.685+0000] {manager.py:997} INFO - 
================================================================================
DAG File Processing Stats

File Path                                PID  Runtime      # DAGs    # Errors  Last Runtime    Last Run               Last # of DB Queries
-------------------------------------  -----  ---------  --------  ----------  --------------  -------------------  ----------------------
/opt/airflow/dags/dss150p_pipeline.py    529  0.00s             1           0  0.13s           2026-09-23T14:14:36                      12
================================================================================
[2026-09-23T14:15:36.917+0000] {manager.py:997} INFO - 
================================================================================
DAG File Processing Stats

File Path                                PID  Runtime      # DAGs    # Errors  Last Runtime    Last Run               Last # of DB Queries
-------------------------------------  -----  ---------  --------  ----------  --------------  -------------------  ----------------------
/opt/airflow/dags/dss150p_pipeline.py    651  0.00s             1           0  0.14s           2026-09-23T14:15:06                      12
================================================================================
[2026-09-23T14:16:07.142+0000] {manager.py:997} INFO - 
================================================================================
DAG File Processing Stats

File Path                                PID  Runtime      # DAGs    # Errors  Last Runtime    Last Run               Last # of DB Queries
-------------------------------------  -----  ---------  --------  ----------  --------------  -------------------  ----------------------
/opt/airflow/dags/dss150p_pipeline.py    656  0.00s             1           0  0.12s           2026-09-23T14:15:37                      12
================================================================================
[2026-09-23T14:16:37.363+0000] {manager.py:997} INFO - 
================================================================================
DAG File Processing Stats

File Path                                PID  Runtime      # DAGs    # Errors  Last Runtime    Last Run               Last # of DB Queries
-------------------------------------  -----  ---------  --------  ----------  --------------  -------------------  ----------------------
/opt/airflow/dags/dss150p_pipeline.py    661  0.00s             1           0  0.12s           2026-09-23T14:16:07                      12
================================================================================
[2026-09-23T14:17:07.602+0000] {manager.py:997} INFO - 
================================================================================
DAG File Processing Stats

File Path                                PID  Runtime      # DAGs    # Errors  Last Runtime    Last Run               Last # of DB Queries
-------------------------------------  -----  ---------  --------  ----------  --------------  -------------------  ----------------------
/opt/airflow/dags/dss150p_pipeline.py    666  0.00s             1           0  0.12s           2026-09-23T14:16:37                      12
================================================================================
[2026-09-23T14:17:37.806+0000] {manager.py:997} INFO - 
================================================================================
DAG File Processing Stats

File Path                                PID  Runtime      # DAGs    # Errors  Last Runtime    Last Run               Last # of DB Queries
-------------------------------------  -----  ---------  --------  ----------  --------------  -------------------  ----------------------
/opt/airflow/dags/dss150p_pipeline.py    711  0.00s             1           0  0.13s           2026-09-23T14:17:07                      12
================================================================================
[2026-09-23T14:18:08.112+0000] {manager.py:997} INFO - 
================================================================================
DAG File Processing Stats

File Path                                PID  Runtime      # DAGs    # Errors  Last Runtime    Last Run               Last # of DB Queries
-------------------------------------  -----  ---------  --------  ----------  --------------  -------------------  ----------------------
/opt/airflow/dags/dss150p_pipeline.py    716  0.00s             1           0  0.12s           2026-09-23T14:17:37                      12
================================================================================
[2026-09-23T14:18:38.315+0000] {manager.py:997} INFO - 
================================================================================
DAG File Processing Stats

File Path                                PID  Runtime      # DAGs    # Errors  Last Runtime    Last Run               Last # of DB Queries
-------------------------------------  -----  ---------  --------  ----------  --------------  -------------------  ----------------------
/opt/airflow/dags/dss150p_pipeline.py    781  0.00s             1           0  0.14s           2026-09-23T14:18:08                      12
================================================================================
[2026-09-23T14:19:08.611+0000] {manager.py:997} INFO - 
================================================================================
DAG File Processing Stats

File Path                                PID  Runtime      # DAGs    # Errors  Last Runtime    Last Run               Last # of DB Queries
-------------------------------------  -----  ---------  --------  ----------  --------------  -------------------  ----------------------
/opt/airflow/dags/dss150p_pipeline.py    786  0.00s             1           0  0.15s           2026-09-23T14:18:38                      12
================================================================================
[2026-09-23T14:19:38.802+0000] {manager.py:997} INFO - 
================================================================================
DAG File Processing Stats

File Path                                PID  Runtime      # DAGs    # Errors  Last Runtime    Last Run               Last # of DB Queries
-------------------------------------  -----  ---------  --------  ----------  --------------  -------------------  ----------------------
/opt/airflow/dags/dss150p_pipeline.py    831  0.00s             1           0  0.11s           2026-09-23T14:19:08                      12
================================================================================
[2026-09-23T14:20:03.038+0000] {manager.py:821} INFO - Searching for files in /opt/airflow/dags
[2026-09-23T14:20:03.080+0000] {manager.py:824} INFO - There are 1 files in /opt/airflow/dags
[2026-09-23T14:20:09.150+0000] {manager.py:997} INFO - 
================================================================================
DAG File Processing Stats

File Path                                PID  Runtime      # DAGs    # Errors  Last Runtime    Last Run               Last # of DB Queries
-------------------------------------  -----  ---------  --------  ----------  --------------  -------------------  ----------------------
/opt/airflow/dags/dss150p_pipeline.py    836  0.00s             1           0  0.13s           2026-09-23T14:19:38                      12
================================================================================
[2026-09-23T14:20:39.335+0000] {manager.py:997} INFO - 
================================================================================
DAG File Processing Stats

File Path                                PID  Runtime      # DAGs    # Errors  Last Runtime    Last Run               Last # of DB Queries
-------------------------------------  -----  ---------  --------  ----------  --------------  -------------------  ----------------------
/opt/airflow/dags/dss150p_pipeline.py    861  0.00s             1           0  0.11s           2026-09-23T14:20:09                      12
================================================================================
[2026-09-23T14:21:09.595+0000] {manager.py:997} INFO - 
================================================================================
DAG File Processing Stats

File Path                                PID  Runtime      # DAGs    # Errors  Last Runtime    Last Run               Last # of DB Queries
-------------------------------------  -----  ---------  --------  ----------  --------------  -------------------  ----------------------
/opt/airflow/dags/dss150p_pipeline.py    866  0.00s             1           0  0.16s           2026-09-23T14:20:39                      12
================================================================================
[2026-09-23T14:21:39.818+0000] {manager.py:997} INFO - 
================================================================================
DAG File Processing Stats

File Path                                PID  Runtime      # DAGs    # Errors  Last Runtime    Last Run               Last # of DB Queries
-------------------------------------  -----  ---------  --------  ----------  --------------  -------------------  ----------------------
/opt/airflow/dags/dss150p_pipeline.py    871  0.00s             1           0  0.11s           2026-09-23T14:21:09                      12
================================================================================
[2026-09-23T14:22:10.183+0000] {manager.py:997} INFO - 
================================================================================
DAG File Processing Stats

File Path                                PID  Runtime      # DAGs    # Errors  Last Runtime    Last Run               Last # of DB Queries
-------------------------------------  -----  ---------  --------  ----------  --------------  -------------------  ----------------------
/opt/airflow/dags/dss150p_pipeline.py    876  0.00s             1           0  0.16s           2026-09-23T14:21:39                      12
================================================================================
[2026-09-23T14:22:40.398+0000] {manager.py:997} INFO - 
================================================================================
DAG File Processing Stats

File Path                                PID  Runtime      # DAGs    # Errors  Last Runtime    Last Run               Last # of DB Queries
-------------------------------------  -----  ---------  --------  ----------  --------------  -------------------  ----------------------
/opt/airflow/dags/dss150p_pipeline.py    881  0.00s             1           0  0.18s           2026-09-23T14:22:10                      12
================================================================================
[2026-09-23T14:23:10.720+0000] {manager.py:997} INFO - 
================================================================================
DAG File Processing Stats

File Path                                PID  Runtime      # DAGs    # Errors  Last Runtime    Last Run               Last # of DB Queries
-------------------------------------  -----  ---------  --------  ----------  --------------  -------------------  ----------------------
/opt/airflow/dags/dss150p_pipeline.py    926  0.00s             1           0  0.13s           2026-09-23T14:22:40                      12
================================================================================
[2026-09-23T14:23:40.926+0000] {manager.py:997} INFO - 
================================================================================
DAG File Processing Stats

File Path                                PID  Runtime      # DAGs    # Errors  Last Runtime    Last Run               Last # of DB Queries
-------------------------------------  -----  ---------  --------  ----------  --------------  -------------------  ----------------------
/opt/airflow/dags/dss150p_pipeline.py    943  0.00s             1           0  0.12s           2026-09-23T14:23:10                      12
================================================================================
[2026-09-23T14:24:11.215+0000] {manager.py:997} INFO - 
================================================================================
DAG File Processing Stats

File Path                                PID  Runtime      # DAGs    # Errors  Last Runtime    Last Run               Last # of DB Queries
-------------------------------------  -----  ---------  --------  ----------  --------------  -------------------  ----------------------
/opt/airflow/dags/dss150p_pipeline.py    968  0.00s             1           0  0.12s           2026-09-23T14:23:41                      12
================================================================================
[2026-09-23T14:24:41.403+0000] {manager.py:997} INFO - 
================================================================================
DAG File Processing Stats

File Path                                PID  Runtime      # DAGs    # Errors  Last Runtime    Last Run               Last # of DB Queries
-------------------------------------  -----  ---------  --------  ----------  --------------  -------------------  ----------------------
/opt/airflow/dags/dss150p_pipeline.py    973  0.00s             1           0  0.17s           2026-09-23T14:24:11                      12
================================================================================
[2026-09-23T14:25:03.528+0000] {manager.py:821} INFO - Searching for files in /opt/airflow/dags
[2026-09-23T14:25:03.575+0000] {manager.py:824} INFO - There are 1 files in /opt/airflow/dags
[2026-09-23T14:25:11.646+0000] {manager.py:997} INFO - 
================================================================================
DAG File Processing Stats

File Path                                PID  Runtime      # DAGs    # Errors  Last Runtime    Last Run               Last # of DB Queries
-------------------------------------  -----  ---------  --------  ----------  --------------  -------------------  ----------------------
/opt/airflow/dags/dss150p_pipeline.py    978  0.00s             1           0  0.11s           2026-09-23T14:24:41                      12
================================================================================
[2026-09-23T14:25:41.852+0000] {manager.py:997} INFO - 
================================================================================
DAG File Processing Stats

File Path                                PID  Runtime      # DAGs    # Errors  Last Runtime    Last Run               Last # of DB Queries
-------------------------------------  -----  ---------  --------  ----------  --------------  -------------------  ----------------------
/opt/airflow/dags/dss150p_pipeline.py   1003  0.00s             1           0  0.12s           2026-09-23T14:25:11                      12
================================================================================
[2026-09-23T14:26:12.096+0000] {manager.py:997} INFO - 
================================================================================
DAG File Processing Stats

File Path                                PID  Runtime      # DAGs    # Errors  Last Runtime    Last Run               Last # of DB Queries
-------------------------------------  -----  ---------  --------  ----------  --------------  -------------------  ----------------------
/opt/airflow/dags/dss150p_pipeline.py   1039  0.00s             1           0  0.12s           2026-09-23T14:25:41                      12
================================================================================
[2026-09-23T14:26:42.323+0000] {manager.py:997} INFO - 
================================================================================
DAG File Processing Stats

File Path                                PID  Runtime      # DAGs    # Errors  Last Runtime    Last Run               Last # of DB Queries
-------------------------------------  -----  ---------  --------  ----------  --------------  -------------------  ----------------------
/opt/airflow/dags/dss150p_pipeline.py   1044  0.00s             1           0  0.14s           2026-09-23T14:26:12                      12
================================================================================
[2026-09-23T14:27:12.612+0000] {manager.py:997} INFO - 
================================================================================
DAG File Processing Stats

File Path                                PID  Runtime      # DAGs    # Errors  Last Runtime    Last Run               Last # of DB Queries
-------------------------------------  -----  ---------  --------  ----------  --------------  -------------------  ----------------------
/opt/airflow/dags/dss150p_pipeline.py   1049  0.00s             1           0  0.16s           2026-09-23T14:26:42                      12
================================================================================
[2026-09-23T14:27:42.860+0000] {manager.py:997} INFO - 
================================================================================
DAG File Processing Stats

File Path                                PID  Runtime      # DAGs    # Errors  Last Runtime    Last Run               Last # of DB Queries
-------------------------------------  -----  ---------  --------  ----------  --------------  -------------------  ----------------------
/opt/airflow/dags/dss150p_pipeline.py   1074  0.00s             1           0  0.13s           2026-09-23T14:27:12                      12
================================================================================
[2026-09-23T14:28:13.067+0000] {manager.py:997} INFO - 
================================================================================
DAG File Processing Stats

File Path                                PID  Runtime      # DAGs    # Errors  Last Runtime    Last Run               Last # of DB Queries
-------------------------------------  -----  ---------  --------  ----------  --------------  -------------------  ----------------------
/opt/airflow/dags/dss150p_pipeline.py   1079  0.00s             1           0  0.14s           2026-09-23T14:27:42                      12
================================================================================
[2026-09-23T14:28:43.338+0000] {manager.py:997} INFO - 
================================================================================
DAG File Processing Stats

File Path                                PID  Runtime      # DAGs    # Errors  Last Runtime    Last Run               Last # of DB Queries
-------------------------------------  -----  ---------  --------  ----------  --------------  -------------------  ----------------------
/opt/airflow/dags/dss150p_pipeline.py   1104  0.00s             1           0  0.12s           2026-09-23T14:28:13                      12
================================================================================
[2026-09-23T14:29:13.550+0000] {manager.py:997} INFO - 
================================================================================
DAG File Processing Stats

File Path                                PID  Runtime      # DAGs    # Errors  Last Runtime    Last Run               Last # of DB Queries
-------------------------------------  -----  ---------  --------  ----------  --------------  -------------------  ----------------------
/opt/airflow/dags/dss150p_pipeline.py   1109  0.00s             1           0  0.14s           2026-09-23T14:28:43                      12
================================================================================
[2026-09-23T14:29:43.828+0000] {manager.py:997} INFO - 
================================================================================
DAG File Processing Stats

File Path                                PID  Runtime      # DAGs    # Errors  Last Runtime    Last Run               Last # of DB Queries
-------------------------------------  -----  ---------  --------  ----------  --------------  -------------------  ----------------------
/opt/airflow/dags/dss150p_pipeline.py   1134  0.00s             1           0  0.14s           2026-09-23T14:29:13                      12
================================================================================
[2026-09-23T14:30:03.945+0000] {manager.py:821} INFO - Searching for files in /opt/airflow/dags
[2026-09-23T14:30:03.958+0000] {manager.py:824} INFO - There are 1 files in /opt/airflow/dags
[2026-09-23T14:30:14.038+0000] {manager.py:997} INFO - 
================================================================================
DAG File Processing Stats

File Path                                PID  Runtime      # DAGs    # Errors  Last Runtime    Last Run               Last # of DB Queries
-------------------------------------  -----  ---------  --------  ----------  --------------  -------------------  ----------------------
/opt/airflow/dags/dss150p_pipeline.py   1139  0.00s             1           0  0.14s           2026-09-23T14:29:43                      12
================================================================================
[2026-09-23T14:30:44.321+0000] {manager.py:997} INFO - 
================================================================================
DAG File Processing Stats

File Path                                PID  Runtime      # DAGs    # Errors  Last Runtime    Last Run               Last # of DB Queries
-------------------------------------  -----  ---------  --------  ----------  --------------  -------------------  ----------------------
/opt/airflow/dags/dss150p_pipeline.py   1144  0.00s             1           0  0.13s           2026-09-23T14:30:14                      12
================================================================================
[2026-09-23T14:31:14.523+0000] {manager.py:997} INFO - 
================================================================================
DAG File Processing Stats

File Path                                PID  Runtime      # DAGs    # Errors  Last Runtime    Last Run               Last # of DB Queries
-------------------------------------  -----  ---------  --------  ----------  --------------  -------------------  ----------------------
/opt/airflow/dags/dss150p_pipeline.py   1149  0.00s             1           0  0.12s           2026-09-23T14:30:44                      12
================================================================================
[2026-09-23T14:31:44.790+0000] {manager.py:997} INFO - 
================================================================================
DAG File Processing Stats

File Path                                PID  Runtime      # DAGs    # Errors  Last Runtime    Last Run               Last # of DB Queries
-------------------------------------  -----  ---------  --------  ----------  --------------  -------------------  ----------------------
/opt/airflow/dags/dss150p_pipeline.py   1154  0.00s             1           0  0.13s           2026-09-23T14:31:14                      12
================================================================================
[2026-09-23T14:32:15.030+0000] {manager.py:997} INFO - 
================================================================================
DAG File Processing Stats

File Path                                PID  Runtime      # DAGs    # Errors  Last Runtime    Last Run               Last # of DB Queries
-------------------------------------  -----  ---------  --------  ----------  --------------  -------------------  ----------------------
/opt/airflow/dags/dss150p_pipeline.py   1159  0.00s             1           0  0.13s           2026-09-23T14:31:44                      12
================================================================================
[2026-09-23T14:32:45.273+0000] {manager.py:997} INFO - 
================================================================================
DAG File Processing Stats

File Path                                PID  Runtime      # DAGs    # Errors  Last Runtime    Last Run               Last # of DB Queries
-------------------------------------  -----  ---------  --------  ----------  --------------  -------------------  ----------------------
/opt/airflow/dags/dss150p_pipeline.py   1184  0.00s             1           0  0.14s           2026-09-23T14:32:15                      12
================================================================================
[2026-09-23T14:33:15.491+0000] {manager.py:997} INFO - 
================================================================================
DAG File Processing Stats

File Path                                PID  Runtime      # DAGs    # Errors  Last Runtime    Last Run               Last # of DB Queries
-------------------------------------  -----  ---------  --------  ----------  --------------  -------------------  ----------------------
/opt/airflow/dags/dss150p_pipeline.py   1229  0.00s             1           0  0.14s           2026-09-23T14:32:45                      12
================================================================================
[2026-09-23T14:33:45.754+0000] {manager.py:997} INFO - 
================================================================================
DAG File Processing Stats

File Path                                PID  Runtime      # DAGs    # Errors  Last Runtime    Last Run               Last # of DB Queries
-------------------------------------  -----  ---------  --------  ----------  --------------  -------------------  ----------------------
/opt/airflow/dags/dss150p_pipeline.py   1274  0.00s             1           0  0.13s           2026-09-23T14:33:15                      12
================================================================================
[2026-09-23T14:34:15.959+0000] {manager.py:997} INFO - 
================================================================================
DAG File Processing Stats

File Path                                PID  Runtime      # DAGs    # Errors  Last Runtime    Last Run               Last # of DB Queries
-------------------------------------  -----  ---------  --------  ----------  --------------  -------------------  ----------------------
/opt/airflow/dags/dss150p_pipeline.py   1299  0.00s             1           0  0.13s           2026-09-23T14:33:45                      12
================================================================================
[2026-09-23T14:34:46.242+0000] {manager.py:997} INFO - 
================================================================================
DAG File Processing Stats

File Path                                PID  Runtime      # DAGs    # Errors  Last Runtime    Last Run               Last # of DB Queries
-------------------------------------  -----  ---------  --------  ----------  --------------  -------------------  ----------------------
/opt/airflow/dags/dss150p_pipeline.py   1324  0.00s             1           0  0.12s           2026-09-23T14:34:16                      12
================================================================================
[2026-09-23T14:35:04.372+0000] {manager.py:821} INFO - Searching for files in /opt/airflow/dags
[2026-09-23T14:35:04.389+0000] {manager.py:824} INFO - There are 1 files in /opt/airflow/dags
[2026-09-23T14:35:16.504+0000] {manager.py:997} INFO - 
================================================================================
DAG File Processing Stats

File Path                                PID  Runtime      # DAGs    # Errors  Last Runtime    Last Run               Last # of DB Queries
-------------------------------------  -----  ---------  --------  ----------  --------------  -------------------  ----------------------
/opt/airflow/dags/dss150p_pipeline.py   1369  0.00s             1           0  0.12s           2026-09-23T14:34:46                      12
================================================================================
[2026-09-23T14:35:46.726+0000] {manager.py:997} INFO - 
================================================================================
DAG File Processing Stats

File Path                                PID  Runtime      # DAGs    # Errors  Last Runtime    Last Run               Last # of DB Queries
-------------------------------------  -----  ---------  --------  ----------  --------------  -------------------  ----------------------
/opt/airflow/dags/dss150p_pipeline.py   1377  0.00s             1           0  0.15s           2026-09-23T14:35:16                      12
================================================================================
[2026-09-23T14:36:17.035+0000] {manager.py:997} INFO - 
================================================================================
DAG File Processing Stats

File Path                                PID  Runtime      # DAGs    # Errors  Last Runtime    Last Run               Last # of DB Queries
-------------------------------------  -----  ---------  --------  ----------  --------------  -------------------  ----------------------
/opt/airflow/dags/dss150p_pipeline.py   1419  0.00s             1           0  0.15s           2026-09-23T14:35:46                      12
================================================================================
[2026-09-23T14:36:47.229+0000] {manager.py:997} INFO - 
================================================================================
DAG File Processing Stats

File Path                                PID  Runtime      # DAGs    # Errors  Last Runtime    Last Run               Last # of DB Queries
-------------------------------------  -----  ---------  --------  ----------  --------------  -------------------  ----------------------
/opt/airflow/dags/dss150p_pipeline.py   1424  0.00s             1           0  0.13s           2026-09-23T14:36:17                      12
================================================================================
[2026-09-23T14:37:17.579+0000] {manager.py:997} INFO - 
================================================================================
DAG File Processing Stats

File Path                                PID  Runtime      # DAGs    # Errors  Last Runtime    Last Run               Last # of DB Queries
-------------------------------------  -----  ---------  --------  ----------  --------------  -------------------  ----------------------
/opt/airflow/dags/dss150p_pipeline.py   1449  0.00s             1           0  0.12s           2026-09-23T14:36:47                      12
================================================================================
[2026-09-23T14:37:47.775+0000] {manager.py:997} INFO - 
================================================================================
DAG File Processing Stats

File Path                              PID    Runtime      # DAGs    # Errors  Last Runtime    Last Run               Last # of DB Queries
-------------------------------------  -----  ---------  --------  ----------  --------------  -------------------  ----------------------
/opt/airflow/dags/dss150p_pipeline.py                           1           0  0.24s           2026-09-23T14:37:17                      12
================================================================================
[2026-09-23T14:38:18.201+0000] {manager.py:997} INFO - 
================================================================================
DAG File Processing Stats

File Path                                PID  Runtime      # DAGs    # Errors  Last Runtime    Last Run               Last # of DB Queries
-------------------------------------  -----  ---------  --------  ----------  --------------  -------------------  ----------------------
/opt/airflow/dags/dss150p_pipeline.py   1459  0.00s             1           0  0.16s           2026-09-23T14:37:48                      12
================================================================================
[2026-09-23T14:38:48.468+0000] {manager.py:997} INFO - 
================================================================================
DAG File Processing Stats

File Path                                PID  Runtime      # DAGs    # Errors  Last Runtime    Last Run               Last # of DB Queries
-------------------------------------  -----  ---------  --------  ----------  --------------  -------------------  ----------------------
/opt/airflow/dags/dss150p_pipeline.py   1580  0.00s             1           0  0.13s           2026-09-23T14:38:18                      12
================================================================================
[2026-09-23T14:39:18.687+0000] {manager.py:997} INFO - 
================================================================================
DAG File Processing Stats

File Path                                PID  Runtime      # DAGs    # Errors  Last Runtime    Last Run               Last # of DB Queries
-------------------------------------  -----  ---------  --------  ----------  --------------  -------------------  ----------------------
/opt/airflow/dags/dss150p_pipeline.py   1585  0.00s             1           0  0.13s           2026-09-23T14:38:48                      12
================================================================================
[2026-09-23T14:39:48.968+0000] {manager.py:997} INFO - 
================================================================================
DAG File Processing Stats

File Path                                PID  Runtime      # DAGs    # Errors  Last Runtime    Last Run               Last # of DB Queries
-------------------------------------  -----  ---------  --------  ----------  --------------  -------------------  ----------------------
/opt/airflow/dags/dss150p_pipeline.py   1590  0.00s             1           0  0.16s           2026-09-23T14:39:18                      12
================================================================================
[2026-09-23T14:40:05.125+0000] {manager.py:821} INFO - Searching for files in /opt/airflow/dags
[2026-09-23T14:40:05.145+0000] {manager.py:824} INFO - There are 1 files in /opt/airflow/dags
[2026-09-23T14:40:19.246+0000] {manager.py:997} INFO - 
================================================================================
DAG File Processing Stats

File Path                                PID  Runtime      # DAGs    # Errors  Last Runtime    Last Run               Last # of DB Queries
-------------------------------------  -----  ---------  --------  ----------  --------------  -------------------  ----------------------
/opt/airflow/dags/dss150p_pipeline.py   1595  0.00s             1           0  0.22s           2026-09-23T14:39:49                      12
================================================================================
[2026-09-23T14:40:49.550+0000] {manager.py:997} INFO - 
================================================================================
DAG File Processing Stats

File Path                                PID  Runtime      # DAGs    # Errors  Last Runtime    Last Run               Last # of DB Queries
-------------------------------------  -----  ---------  --------  ----------  --------------  -------------------  ----------------------
/opt/airflow/dags/dss150p_pipeline.py   1600  0.00s             1           0  0.12s           2026-09-23T14:40:19                      12
================================================================================
[2026-09-23T14:41:19.768+0000] {manager.py:997} INFO - 
================================================================================
DAG File Processing Stats

File Path                                PID  Runtime      # DAGs    # Errors  Last Runtime    Last Run               Last # of DB Queries
-------------------------------------  -----  ---------  --------  ----------  --------------  -------------------  ----------------------
/opt/airflow/dags/dss150p_pipeline.py   1605  0.00s             1           0  0.13s           2026-09-23T14:40:49                      12
================================================================================
[2026-09-23T14:41:50.028+0000] {manager.py:997} INFO - 
================================================================================
DAG File Processing Stats

File Path                                PID  Runtime      # DAGs    # Errors  Last Runtime    Last Run               Last # of DB Queries
-------------------------------------  -----  ---------  --------  ----------  --------------  -------------------  ----------------------
/opt/airflow/dags/dss150p_pipeline.py   1610  0.00s             1           0  0.14s           2026-09-23T14:41:19                      12
================================================================================
[2026-09-23T14:42:20.284+0000] {manager.py:997} INFO - 
================================================================================
DAG File Processing Stats

File Path                                PID  Runtime      # DAGs    # Errors  Last Runtime    Last Run               Last # of DB Queries
-------------------------------------  -----  ---------  --------  ----------  --------------  -------------------  ----------------------
/opt/airflow/dags/dss150p_pipeline.py   1615  0.00s             1           0  0.15s           2026-09-23T14:41:50                      12
================================================================================
[2026-09-23T14:42:50.543+0000] {manager.py:997} INFO - 
================================================================================
DAG File Processing Stats

File Path                                PID  Runtime      # DAGs    # Errors  Last Runtime    Last Run               Last # of DB Queries
-------------------------------------  -----  ---------  --------  ----------  --------------  -------------------  ----------------------
/opt/airflow/dags/dss150p_pipeline.py   1620  0.00s             1           0  0.14s           2026-09-23T14:42:20                      12
================================================================================
[2026-09-23T14:43:20.805+0000] {manager.py:997} INFO - 
================================================================================
DAG File Processing Stats

File Path                                PID  Runtime      # DAGs    # Errors  Last Runtime    Last Run               Last # of DB Queries
-------------------------------------  -----  ---------  --------  ----------  --------------  -------------------  ----------------------
/opt/airflow/dags/dss150p_pipeline.py   1625  0.00s             1           0  0.12s           2026-09-23T14:42:50                      12
================================================================================
[2026-09-23T14:43:51.022+0000] {manager.py:997} INFO - 
================================================================================
DAG File Processing Stats

File Path                                PID  Runtime      # DAGs    # Errors  Last Runtime    Last Run               Last # of DB Queries
-------------------------------------  -----  ---------  --------  ----------  --------------  -------------------  ----------------------
/opt/airflow/dags/dss150p_pipeline.py   1630  0.00s             1           0  0.14s           2026-09-23T14:43:20                      12
================================================================================
[2026-09-23T14:44:21.322+0000] {manager.py:997} INFO - 
================================================================================
DAG File Processing Stats

File Path                                PID  Runtime      # DAGs    # Errors  Last Runtime    Last Run               Last # of DB Queries
-------------------------------------  -----  ---------  --------  ----------  --------------  -------------------  ----------------------
/opt/airflow/dags/dss150p_pipeline.py   1635  0.00s             1           0  0.12s           2026-09-23T14:43:51                      12
================================================================================
[2026-09-23T14:44:51.525+0000] {manager.py:997} INFO - 
================================================================================
DAG File Processing Stats

File Path                                PID  Runtime      # DAGs    # Errors  Last Runtime    Last Run               Last # of DB Queries
-------------------------------------  -----  ---------  --------  ----------  --------------  -------------------  ----------------------
/opt/airflow/dags/dss150p_pipeline.py   1640  0.00s             1           0  0.12s           2026-09-23T14:44:21                      12
================================================================================
[2026-09-23T14:45:05.731+0000] {manager.py:821} INFO - Searching for files in /opt/airflow/dags
[2026-09-23T14:45:05.749+0000] {manager.py:824} INFO - There are 1 files in /opt/airflow/dags
[2026-09-23T14:45:21.859+0000] {manager.py:997} INFO - 
================================================================================
DAG File Processing Stats

File Path                                PID  Runtime      # DAGs    # Errors  Last Runtime    Last Run               Last # of DB Queries
-------------------------------------  -----  ---------  --------  ----------  --------------  -------------------  ----------------------
/opt/airflow/dags/dss150p_pipeline.py   1651  0.00s             1           0  0.15s           2026-09-23T14:44:51                      12
================================================================================
[2026-09-23T14:45:52.057+0000] {manager.py:997} INFO - 
================================================================================
DAG File Processing Stats

File Path                                PID  Runtime      # DAGs    # Errors  Last Runtime    Last Run               Last # of DB Queries
-------------------------------------  -----  ---------  --------  ----------  --------------  -------------------  ----------------------
/opt/airflow/dags/dss150p_pipeline.py   1657  0.00s             1           0  0.12s           2026-09-23T14:45:21                      12
================================================================================
