[2026-09-23T14:12:13.100+0000] {local_task_job_runner.py:123} INFO - ::group::Pre task execution logs
[2026-09-23T14:12:13.116+0000] {taskinstance.py:2614} INFO - Dependencies all met for dep_context=non-requeueable deps ti=<TaskInstance: dss150p_sales_pipeline.transform manual__2026-09-23T14:08:35+00:00 [queued]>
[2026-09-23T14:12:13.124+0000] {taskinstance.py:2614} INFO - Dependencies all met for dep_context=requeueable deps ti=<TaskInstance: dss150p_sales_pipeline.transform manual__2026-09-23T14:08:35+00:00 [queued]>
[2026-09-23T14:12:13.128+0000] {taskinstance.py:2867} INFO - Starting attempt 4 of 6
[2026-09-23T14:12:13.138+0000] {taskinstance.py:2890} INFO - Executing <Task(BashOperator): transform> on 2026-09-23 14:08:35+00:00
[2026-09-23T14:12:13.144+0000] {standard_task_runner.py:72} INFO - Started process 411 to run task
[2026-09-23T14:12:13.146+0000] {standard_task_runner.py:104} INFO - Running: ['airflow', 'tasks', 'run', 'dss150p_sales_pipeline', 'transform', 'manual__2026-09-23T14:08:35+00:00', '--job-id', '10', '--raw', '--subdir', 'DAGS_FOLDER/dss150p_pipeline.py', '--cfg-path', '/tmp/tmp_nltnvfy']
[2026-09-23T14:12:13.150+0000] {standard_task_runner.py:105} INFO - Job 10: Subtask transform
[2026-09-23T14:12:13.195+0000] {task_command.py:467} INFO - Running <TaskInstance: dss150p_sales_pipeline.transform manual__2026-09-23T14:08:35+00:00 [running]> on host d86c79f1ad0d
[2026-09-23T14:12:13.258+0000] {taskinstance.py:3134} INFO - Exporting env vars: AIRFLOW_CTX_DAG_OWNER='dss150p' AIRFLOW_CTX_DAG_ID='dss150p_sales_pipeline' AIRFLOW_CTX_TASK_ID='transform' AIRFLOW_CTX_EXECUTION_DATE='2026-09-23T14:08:35+00:00' AIRFLOW_CTX_TRY_NUMBER='4' AIRFLOW_CTX_DAG_RUN_ID='manual__2026-09-23T14:08:35+00:00'
[2026-09-23T14:12:13.261+0000] {taskinstance.py:732} INFO - ::endgroup::
[2026-09-23T14:12:13.272+0000] {subprocess.py:78} INFO - Tmp dir root location: /tmp
[2026-09-23T14:12:13.276+0000] {subprocess.py:88} INFO - Running command: ['/usr/bin/bash', '-c', 'cd /opt/airflow/project && PIPELINE_RUN_ID="manual__2026-09-23T14:08:35+00:00" python -m src.cli transform']
[2026-09-23T14:12:13.286+0000] {subprocess.py:99} INFO - Output:
[2026-09-23T14:12:16.136+0000] {subprocess.py:110} INFO - Command exited with return code 0
[2026-09-23T14:12:16.159+0000] {taskinstance.py:341} INFO - ::group::Post task execution logs
[2026-09-23T14:12:16.162+0000] {taskinstance.py:353} INFO - Marking task as SUCCESS. dag_id=dss150p_sales_pipeline, task_id=transform, run_id=manual__2026-09-23T14:08:35+00:00, execution_date=20260923T140835, start_date=20260923T141213, end_date=20260923T141216
[2026-09-23T14:12:16.215+0000] {local_task_job_runner.py:266} INFO - Task exited with return code 0
[2026-09-23T14:12:16.235+0000] {taskinstance.py:3901} INFO - 1 downstream tasks scheduled from follow-on schedule check
[2026-09-23T14:12:16.240+0000] {local_task_job_runner.py:245} INFO - ::endgroup::
