[2026-09-23T14:10:48.293+0000] {local_task_job_runner.py:123} INFO - ::group::Pre task execution logs
[2026-09-23T14:10:48.309+0000] {taskinstance.py:2614} INFO - Dependencies all met for dep_context=non-requeueable deps ti=<TaskInstance: dss150p_sales_pipeline.transform manual__2026-09-23T14:08:35+00:00 [queued]>
[2026-09-23T14:10:48.318+0000] {taskinstance.py:2614} INFO - Dependencies all met for dep_context=requeueable deps ti=<TaskInstance: dss150p_sales_pipeline.transform manual__2026-09-23T14:08:35+00:00 [queued]>
[2026-09-23T14:10:48.321+0000] {taskinstance.py:2867} INFO - Starting attempt 3 of 3
[2026-09-23T14:10:48.331+0000] {taskinstance.py:2890} INFO - Executing <Task(BashOperator): transform> on 2026-09-23 14:08:35+00:00
[2026-09-23T14:10:48.336+0000] {standard_task_runner.py:72} INFO - Started process 376 to run task
[2026-09-23T14:10:48.339+0000] {standard_task_runner.py:104} INFO - Running: ['airflow', 'tasks', 'run', 'dss150p_sales_pipeline', 'transform', 'manual__2026-09-23T14:08:35+00:00', '--job-id', '9', '--raw', '--subdir', 'DAGS_FOLDER/dss150p_pipeline.py', '--cfg-path', '/tmp/tmp_3kudcu0']
[2026-09-23T14:10:48.342+0000] {standard_task_runner.py:105} INFO - Job 9: Subtask transform
[2026-09-23T14:10:48.381+0000] {task_command.py:467} INFO - Running <TaskInstance: dss150p_sales_pipeline.transform manual__2026-09-23T14:08:35+00:00 [running]> on host d86c79f1ad0d
[2026-09-23T14:10:48.434+0000] {taskinstance.py:3134} INFO - Exporting env vars: AIRFLOW_CTX_DAG_OWNER='dss150p' AIRFLOW_CTX_DAG_ID='dss150p_sales_pipeline' AIRFLOW_CTX_TASK_ID='transform' AIRFLOW_CTX_EXECUTION_DATE='2026-09-23T14:08:35+00:00' AIRFLOW_CTX_TRY_NUMBER='3' AIRFLOW_CTX_DAG_RUN_ID='manual__2026-09-23T14:08:35+00:00'
[2026-09-23T14:10:48.437+0000] {taskinstance.py:732} INFO - ::endgroup::
[2026-09-23T14:10:48.450+0000] {subprocess.py:78} INFO - Tmp dir root location: /tmp
[2026-09-23T14:10:48.452+0000] {subprocess.py:88} INFO - Running command: ['/usr/bin/bash', '-c', 'cd /opt/airflow/project && PIPELINE_RUN_ID="manual__2026-09-23T14:08:35+00:00" python -m src.cli transform']
[2026-09-23T14:10:48.459+0000] {subprocess.py:99} INFO - Output:
[2026-09-23T14:10:49.241+0000] {subprocess.py:106} INFO - Transformation stage failed for run_id run_c891f96aca58: [Errno 13] Permission denied: 'data/curated/run_id=run_c891f96aca58'
[2026-09-23T14:10:49.242+0000] {subprocess.py:106} INFO - Traceback (most recent call last):
[2026-09-23T14:10:49.244+0000] {subprocess.py:106} INFO -   File "/opt/airflow/project/src/transform/transformer.py", line 13, in transform_data
[2026-09-23T14:10:49.246+0000] {subprocess.py:106} INFO -     curated_dir.mkdir(parents=True, exist_ok=True)
[2026-09-23T14:10:49.249+0000] {subprocess.py:106} INFO -   File "/usr/local/lib/python3.11/pathlib.py", line 1116, in mkdir
[2026-09-23T14:10:49.251+0000] {subprocess.py:106} INFO -     os.mkdir(self, mode)
[2026-09-23T14:10:49.253+0000] {subprocess.py:106} INFO - PermissionError: [Errno 13] Permission denied: 'data/curated/run_id=run_c891f96aca58'
[2026-09-23T14:10:49.256+0000] {subprocess.py:106} INFO - 
[2026-09-23T14:10:49.257+0000] {subprocess.py:106} INFO - The above exception was the direct cause of the following exception:
[2026-09-23T14:10:49.259+0000] {subprocess.py:106} INFO - 
[2026-09-23T14:10:49.261+0000] {subprocess.py:106} INFO - Traceback (most recent call last):
[2026-09-23T14:10:49.262+0000] {subprocess.py:106} INFO -   File "<frozen runpy>", line 198, in _run_module_as_main
[2026-09-23T14:10:49.264+0000] {subprocess.py:106} INFO -   File "<frozen runpy>", line 88, in _run_code
[2026-09-23T14:10:49.266+0000] {subprocess.py:106} INFO -   File "/opt/airflow/project/src/cli.py", line 50, in <module>
[2026-09-23T14:10:49.267+0000] {subprocess.py:106} INFO -     main()
[2026-09-23T14:10:49.268+0000] {subprocess.py:106} INFO -   File "/opt/airflow/project/src/cli.py", line 34, in main
[2026-09-23T14:10:49.269+0000] {subprocess.py:106} INFO -     transform_data(raw_dir, run_id)
[2026-09-23T14:10:49.270+0000] {subprocess.py:106} INFO -   File "/opt/airflow/project/src/transform/transformer.py", line 122, in transform_data
[2026-09-23T14:10:49.271+0000] {subprocess.py:106} INFO -     raise RuntimeError(f"Transformation stage failed: {str(e)}") from e
[2026-09-23T14:10:49.272+0000] {subprocess.py:106} INFO - RuntimeError: Transformation stage failed: [Errno 13] Permission denied: 'data/curated/run_id=run_c891f96aca58'
[2026-09-23T14:10:49.306+0000] {subprocess.py:110} INFO - Command exited with return code 1
[2026-09-23T14:10:49.317+0000] {taskinstance.py:3313} ERROR - Task failed with exception
Traceback (most recent call last):
  File "/home/airflow/.local/lib/python3.11/site-packages/airflow/models/taskinstance.py", line 768, in _execute_task
    result = _execute_callable(context=context, **execute_callable_kwargs)
             ^^^^^^^^^^^^^^^^^^^^^^^^^^^^^^^^^^^^^^^^^^^^^^^^^^^^^^^^^^^^^
  File "/home/airflow/.local/lib/python3.11/site-packages/airflow/models/taskinstance.py", line 734, in _execute_callable
    return ExecutionCallableRunner(
           ^^^^^^^^^^^^^^^^^^^^^^^^
  File "/home/airflow/.local/lib/python3.11/site-packages/airflow/utils/operator_helpers.py", line 252, in run
    return self.func(*args, **kwargs)
           ^^^^^^^^^^^^^^^^^^^^^^^^^^
  File "/home/airflow/.local/lib/python3.11/site-packages/airflow/models/baseoperator.py", line 424, in wrapper
    return func(self, *args, **kwargs)
           ^^^^^^^^^^^^^^^^^^^^^^^^^^^
  File "/home/airflow/.local/lib/python3.11/site-packages/airflow/operators/bash.py", line 276, in execute
    raise AirflowException(
airflow.exceptions.AirflowException: Bash command failed. The command returned a non-zero exit code 1.
[2026-09-23T14:10:49.321+0000] {taskinstance.py:1226} INFO - Marking task as FAILED. dag_id=dss150p_sales_pipeline, task_id=transform, run_id=manual__2026-09-23T14:08:35+00:00, execution_date=20260923T140835, start_date=20260923T141048, end_date=20260923T141049
[2026-09-23T14:10:49.322+0000] {taskinstance.py:1564} INFO - Executing callback at index 0: failure_callback
[2026-09-23T14:10:49.324+0000] {logging_mixin.py:190} INFO - TASK FAILED: transform
[2026-09-23T14:10:49.347+0000] {taskinstance.py:341} INFO - ::group::Post task execution logs
[2026-09-23T14:10:49.350+0000] {standard_task_runner.py:124} ERROR - Failed to execute job 9 for task transform (Bash command failed. The command returned a non-zero exit code 1.; 376)
Traceback (most recent call last):
  File "/home/airflow/.local/lib/python3.11/site-packages/airflow/task/task_runner/standard_task_runner.py", line 117, in _start_by_fork
    ret = args.func(args, dag=self.dag)
          ^^^^^^^^^^^^^^^^^^^^^^^^^^^^^
  File "/home/airflow/.local/lib/python3.11/site-packages/airflow/cli/cli_config.py", line 49, in command
    return func(*args, **kwargs)
           ^^^^^^^^^^^^^^^^^^^^^
  File "/home/airflow/.local/lib/python3.11/site-packages/airflow/utils/cli.py", line 116, in wrapper
    return f(*args, **kwargs)
           ^^^^^^^^^^^^^^^^^^
  File "/home/airflow/.local/lib/python3.11/site-packages/airflow/cli/commands/task_command.py", line 483, in task_run
    task_return_code = _run_task_by_selected_method(args, _dag, ti)
                       ^^^^^^^^^^^^^^^^^^^^^^^^^^^^^^^^^^^^^^^^^^^^
  File "/home/airflow/.local/lib/python3.11/site-packages/airflow/cli/commands/task_command.py", line 256, in _run_task_by_selected_method
    return _run_raw_task(args, ti)
           ^^^^^^^^^^^^^^^^^^^^^^^
  File "/home/airflow/.local/lib/python3.11/site-packages/airflow/cli/commands/task_command.py", line 341, in _run_raw_task
    return ti._run_raw_task(
           ^^^^^^^^^^^^^^^^^
  File "/home/airflow/.local/lib/python3.11/site-packages/airflow/utils/session.py", line 97, in wrapper
    return func(*args, session=session, **kwargs)
           ^^^^^^^^^^^^^^^^^^^^^^^^^^^^^^^^^^^^^^
  File "/home/airflow/.local/lib/python3.11/site-packages/airflow/models/taskinstance.py", line 3006, in _run_raw_task
    return _run_raw_task(
           ^^^^^^^^^^^^^^
  File "/home/airflow/.local/lib/python3.11/site-packages/airflow/models/taskinstance.py", line 274, in _run_raw_task
    TaskInstance._execute_task_with_callbacks(
  File "/home/airflow/.local/lib/python3.11/site-packages/airflow/models/taskinstance.py", line 3161, in _execute_task_with_callbacks
    result = self._execute_task(context, task_orig)
             ^^^^^^^^^^^^^^^^^^^^^^^^^^^^^^^^^^^^^^
  File "/home/airflow/.local/lib/python3.11/site-packages/airflow/models/taskinstance.py", line 3185, in _execute_task
    return _execute_task(self, context, task_orig)
           ^^^^^^^^^^^^^^^^^^^^^^^^^^^^^^^^^^^^^^^
  File "/home/airflow/.local/lib/python3.11/site-packages/airflow/models/taskinstance.py", line 768, in _execute_task
    result = _execute_callable(context=context, **execute_callable_kwargs)
             ^^^^^^^^^^^^^^^^^^^^^^^^^^^^^^^^^^^^^^^^^^^^^^^^^^^^^^^^^^^^^
  File "/home/airflow/.local/lib/python3.11/site-packages/airflow/models/taskinstance.py", line 734, in _execute_callable
    return ExecutionCallableRunner(
           ^^^^^^^^^^^^^^^^^^^^^^^^
  File "/home/airflow/.local/lib/python3.11/site-packages/airflow/utils/operator_helpers.py", line 252, in run
    return self.func(*args, **kwargs)
           ^^^^^^^^^^^^^^^^^^^^^^^^^^
  File "/home/airflow/.local/lib/python3.11/site-packages/airflow/models/baseoperator.py", line 424, in wrapper
    return func(self, *args, **kwargs)
           ^^^^^^^^^^^^^^^^^^^^^^^^^^^
  File "/home/airflow/.local/lib/python3.11/site-packages/airflow/operators/bash.py", line 276, in execute
    raise AirflowException(
airflow.exceptions.AirflowException: Bash command failed. The command returned a non-zero exit code 1.
[2026-09-23T14:10:49.359+0000] {local_task_job_runner.py:266} INFO - Task exited with return code 1
[2026-09-23T14:10:49.376+0000] {taskinstance.py:3901} INFO - 0 downstream tasks scheduled from follow-on schedule check
[2026-09-23T14:10:49.381+0000] {local_task_job_runner.py:245} INFO - ::endgroup::
