[2026-09-23T14:32:55.189+0000] {local_task_job_runner.py:123} INFO - ::group::Pre task execution logs
[2026-09-23T14:32:55.203+0000] {taskinstance.py:2614} INFO - Dependencies all met for dep_context=non-requeueable deps ti=<TaskInstance: dss150p_sales_pipeline.transform manual__2026-09-23T14:27:15+00:00 [queued]>
[2026-09-23T14:32:55.209+0000] {taskinstance.py:2614} INFO - Dependencies all met for dep_context=requeueable deps ti=<TaskInstance: dss150p_sales_pipeline.transform manual__2026-09-23T14:27:15+00:00 [queued]>
[2026-09-23T14:32:55.211+0000] {taskinstance.py:2867} INFO - Starting attempt 1 of 3
[2026-09-23T14:32:55.221+0000] {taskinstance.py:2890} INFO - Executing <Task(BashOperator): transform> on 2026-09-23 14:27:15+00:00
[2026-09-23T14:32:55.227+0000] {standard_task_runner.py:72} INFO - Started process 1210 to run task
[2026-09-23T14:32:55.229+0000] {standard_task_runner.py:104} INFO - Running: ['airflow', 'tasks', 'run', 'dss150p_sales_pipeline', 'transform', 'manual__2026-09-23T14:27:15+00:00', '--job-id', '34', '--raw', '--subdir', 'DAGS_FOLDER/dss150p_pipeline.py', '--cfg-path', '/tmp/tmpb5hhjp9m']
[2026-09-23T14:32:55.233+0000] {standard_task_runner.py:105} INFO - Job 34: Subtask transform
[2026-09-23T14:32:55.268+0000] {task_command.py:467} INFO - Running <TaskInstance: dss150p_sales_pipeline.transform manual__2026-09-23T14:27:15+00:00 [running]> on host d86c79f1ad0d
[2026-09-23T14:32:55.324+0000] {taskinstance.py:3134} INFO - Exporting env vars: AIRFLOW_CTX_DAG_OWNER='dss150p' AIRFLOW_CTX_DAG_ID='dss150p_sales_pipeline' AIRFLOW_CTX_TASK_ID='transform' AIRFLOW_CTX_EXECUTION_DATE='2026-09-23T14:27:15+00:00' AIRFLOW_CTX_TRY_NUMBER='1' AIRFLOW_CTX_DAG_RUN_ID='manual__2026-09-23T14:27:15+00:00'
[2026-09-23T14:32:55.326+0000] {taskinstance.py:732} INFO - ::endgroup::
[2026-09-23T14:32:55.336+0000] {subprocess.py:78} INFO - Tmp dir root location: /tmp
[2026-09-23T14:32:55.339+0000] {subprocess.py:88} INFO - Running command: ['/usr/bin/bash', '-c', 'cd /opt/airflow/project && PIPELINE_RUN_ID="manual__2026-09-23T14:27:15+00:00" python -m src.cli transform']
[2026-09-23T14:32:55.347+0000] {subprocess.py:99} INFO - Output:
[2026-09-23T14:32:56.053+0000] {subprocess.py:106} INFO - Transformation stage failed for run_id run_7e412ba31872: [Errno 2] No such file or directory: 'data/raw/run_id=run_ff2f449f3e4d/orders.csv'
[2026-09-23T14:32:56.054+0000] {subprocess.py:106} INFO - Traceback (most recent call last):
[2026-09-23T14:32:56.057+0000] {subprocess.py:106} INFO -   File "/opt/airflow/project/src/transform/transformer.py", line 17, in transform_data
[2026-09-23T14:32:56.058+0000] {subprocess.py:106} INFO -     orders = pd.read_csv(raw_dir / "orders.csv")
[2026-09-23T14:32:56.060+0000] {subprocess.py:106} INFO -              ^^^^^^^^^^^^^^^^^^^^^^^^^^^^^^^^^^^
[2026-09-23T14:32:56.061+0000] {subprocess.py:106} INFO -   File "/home/airflow/.local/lib/python3.11/site-packages/pandas/io/parsers/readers.py", line 872, in read_csv
[2026-09-23T14:32:56.061+0000] {subprocess.py:106} INFO -     return _read(filepath_or_buffer, kwds)
[2026-09-23T14:32:56.062+0000] {subprocess.py:106} INFO -            ^^^^^^^^^^^^^^^^^^^^^^^^^^^^^^^
[2026-09-23T14:32:56.063+0000] {subprocess.py:106} INFO -   File "/home/airflow/.local/lib/python3.11/site-packages/pandas/io/parsers/readers.py", line 300, in _read
[2026-09-23T14:32:56.065+0000] {subprocess.py:106} INFO -     parser = TextFileReader(filepath_or_buffer, **kwds)
[2026-09-23T14:32:56.066+0000] {subprocess.py:106} INFO -              ^^^^^^^^^^^^^^^^^^^^^^^^^^^^^^^^^^^^^^^^^^
[2026-09-23T14:32:56.067+0000] {subprocess.py:106} INFO -   File "/home/airflow/.local/lib/python3.11/site-packages/pandas/io/parsers/readers.py", line 1643, in __init__
[2026-09-23T14:32:56.068+0000] {subprocess.py:106} INFO -     self._engine = self._make_engine(f, self.engine)
[2026-09-23T14:32:56.069+0000] {subprocess.py:106} INFO -                    ^^^^^^^^^^^^^^^^^^^^^^^^^^^^^^^^^
[2026-09-23T14:32:56.069+0000] {subprocess.py:106} INFO -   File "/home/airflow/.local/lib/python3.11/site-packages/pandas/io/parsers/readers.py", line 1907, in _make_engine
[2026-09-23T14:32:56.070+0000] {subprocess.py:106} INFO -     self.handles = get_handle(
[2026-09-23T14:32:56.072+0000] {subprocess.py:106} INFO -                    ^^^^^^^^^^^
[2026-09-23T14:32:56.074+0000] {subprocess.py:106} INFO -   File "/home/airflow/.local/lib/python3.11/site-packages/pandas/io/common.py", line 930, in get_handle
[2026-09-23T14:32:56.075+0000] {subprocess.py:106} INFO -     handle = open(
[2026-09-23T14:32:56.076+0000] {subprocess.py:106} INFO -              ^^^^^
[2026-09-23T14:32:56.077+0000] {subprocess.py:106} INFO - FileNotFoundError: [Errno 2] No such file or directory: 'data/raw/run_id=run_ff2f449f3e4d/orders.csv'
[2026-09-23T14:32:56.079+0000] {subprocess.py:106} INFO - 
[2026-09-23T14:32:56.080+0000] {subprocess.py:106} INFO - The above exception was the direct cause of the following exception:
[2026-09-23T14:32:56.080+0000] {subprocess.py:106} INFO - 
[2026-09-23T14:32:56.083+0000] {subprocess.py:106} INFO - Traceback (most recent call last):
[2026-09-23T14:32:56.084+0000] {subprocess.py:106} INFO -   File "<frozen runpy>", line 198, in _run_module_as_main
[2026-09-23T14:32:56.085+0000] {subprocess.py:106} INFO -   File "<frozen runpy>", line 88, in _run_code
[2026-09-23T14:32:56.086+0000] {subprocess.py:106} INFO -   File "/opt/airflow/project/src/cli.py", line 50, in <module>
[2026-09-23T14:32:56.087+0000] {subprocess.py:106} INFO -     main()
[2026-09-23T14:32:56.088+0000] {subprocess.py:106} INFO -   File "/opt/airflow/project/src/cli.py", line 34, in main
[2026-09-23T14:32:56.088+0000] {subprocess.py:106} INFO -     transform_data(raw_dir, run_id)
[2026-09-23T14:32:56.090+0000] {subprocess.py:106} INFO -   File "/opt/airflow/project/src/transform/transformer.py", line 122, in transform_data
[2026-09-23T14:32:56.092+0000] {subprocess.py:106} INFO -     raise RuntimeError(f"Transformation stage failed: {str(e)}") from e
[2026-09-23T14:32:56.093+0000] {subprocess.py:106} INFO - RuntimeError: Transformation stage failed: [Errno 2] No such file or directory: 'data/raw/run_id=run_ff2f449f3e4d/orders.csv'
[2026-09-23T14:32:56.112+0000] {subprocess.py:110} INFO - Command exited with return code 1
[2026-09-23T14:32:56.122+0000] {taskinstance.py:3313} ERROR - Task failed with exception
Traceback (most recent call last):
  File "/home/airflow/.local/lib/python3.11/site-packages/airflow/models/taskinstance.py", line 768, in _execute_task
    result = _execute_callable(context=context, **execute_callable_kwargs)
             ^^^^^^^^^^^^^^^^^^^^^^^^^^^^^^^^^^^^^^^^^^^^^^^^^^^^^^^^^^^^^
  File "/home/airflow/.local/lib/python3.11/site-packages/airflow/models/taskinstance.py", line 734, in _execute_callable
    return ExecutionCallableRunner(
           ^^^^^^^^^^^^^^^^^^^^^^^^
  File "/home/airflow/.local/lib/python3.11/site-packages/airflow/utils/operator_helpers.py", line 252, in run
    return self.func(*args, **kwargs)
           ^^^^^^^^^^^^^^^^^^^^^^^^^^
  File "/home/airflow/.local/lib/python3.11/site-packages/airflow/models/baseoperator.py", line 424, in wrapper
    return func(self, *args, **kwargs)
           ^^^^^^^^^^^^^^^^^^^^^^^^^^^
  File "/home/airflow/.local/lib/python3.11/site-packages/airflow/operators/bash.py", line 276, in execute
    raise AirflowException(
airflow.exceptions.AirflowException: Bash command failed. The command returned a non-zero exit code 1.
[2026-09-23T14:32:56.128+0000] {taskinstance.py:1226} INFO - Marking task as UP_FOR_RETRY. dag_id=dss150p_sales_pipeline, task_id=transform, run_id=manual__2026-09-23T14:27:15+00:00, execution_date=20260923T142715, start_date=20260923T143255, end_date=20260923T143256
[2026-09-23T14:32:56.150+0000] {taskinstance.py:341} INFO - ::group::Post task execution logs
[2026-09-23T14:32:56.151+0000] {standard_task_runner.py:124} ERROR - Failed to execute job 34 for task transform (Bash command failed. The command returned a non-zero exit code 1.; 1210)
Traceback (most recent call last):
  File "/home/airflow/.local/lib/python3.11/site-packages/airflow/task/task_runner/standard_task_runner.py", line 117, in _start_by_fork
    ret = args.func(args, dag=self.dag)
          ^^^^^^^^^^^^^^^^^^^^^^^^^^^^^
  File "/home/airflow/.local/lib/python3.11/site-packages/airflow/cli/cli_config.py", line 49, in command
    return func(*args, **kwargs)
           ^^^^^^^^^^^^^^^^^^^^^
  File "/home/airflow/.local/lib/python3.11/site-packages/airflow/utils/cli.py", line 116, in wrapper
    return f(*args, **kwargs)
           ^^^^^^^^^^^^^^^^^^
  File "/home/airflow/.local/lib/python3.11/site-packages/airflow/cli/commands/task_command.py", line 483, in task_run
    task_return_code = _run_task_by_selected_method(args, _dag, ti)
                       ^^^^^^^^^^^^^^^^^^^^^^^^^^^^^^^^^^^^^^^^^^^^
  File "/home/airflow/.local/lib/python3.11/site-packages/airflow/cli/commands/task_command.py", line 256, in _run_task_by_selected_method
    return _run_raw_task(args, ti)
           ^^^^^^^^^^^^^^^^^^^^^^^
  File "/home/airflow/.local/lib/python3.11/site-packages/airflow/cli/commands/task_command.py", line 341, in _run_raw_task
    return ti._run_raw_task(
           ^^^^^^^^^^^^^^^^^
  File "/home/airflow/.local/lib/python3.11/site-packages/airflow/utils/session.py", line 97, in wrapper
    return func(*args, session=session, **kwargs)
           ^^^^^^^^^^^^^^^^^^^^^^^^^^^^^^^^^^^^^^
  File "/home/airflow/.local/lib/python3.11/site-packages/airflow/models/taskinstance.py", line 3006, in _run_raw_task
    return _run_raw_task(
           ^^^^^^^^^^^^^^
  File "/home/airflow/.local/lib/python3.11/site-packages/airflow/models/taskinstance.py", line 274, in _run_raw_task
    TaskInstance._execute_task_with_callbacks(
  File "/home/airflow/.local/lib/python3.11/site-packages/airflow/models/taskinstance.py", line 3161, in _execute_task_with_callbacks
    result = self._execute_task(context, task_orig)
             ^^^^^^^^^^^^^^^^^^^^^^^^^^^^^^^^^^^^^^
  File "/home/airflow/.local/lib/python3.11/site-packages/airflow/models/taskinstance.py", line 3185, in _execute_task
    return _execute_task(self, context, task_orig)
           ^^^^^^^^^^^^^^^^^^^^^^^^^^^^^^^^^^^^^^^
  File "/home/airflow/.local/lib/python3.11/site-packages/airflow/models/taskinstance.py", line 768, in _execute_task
    result = _execute_callable(context=context, **execute_callable_kwargs)
             ^^^^^^^^^^^^^^^^^^^^^^^^^^^^^^^^^^^^^^^^^^^^^^^^^^^^^^^^^^^^^
  File "/home/airflow/.local/lib/python3.11/site-packages/airflow/models/taskinstance.py", line 734, in _execute_callable
    return ExecutionCallableRunner(
           ^^^^^^^^^^^^^^^^^^^^^^^^
  File "/home/airflow/.local/lib/python3.11/site-packages/airflow/utils/operator_helpers.py", line 252, in run
    return self.func(*args, **kwargs)
           ^^^^^^^^^^^^^^^^^^^^^^^^^^
  File "/home/airflow/.local/lib/python3.11/site-packages/airflow/models/baseoperator.py", line 424, in wrapper
    return func(self, *args, **kwargs)
           ^^^^^^^^^^^^^^^^^^^^^^^^^^^
  File "/home/airflow/.local/lib/python3.11/site-packages/airflow/operators/bash.py", line 276, in execute
    raise AirflowException(
airflow.exceptions.AirflowException: Bash command failed. The command returned a non-zero exit code 1.
[2026-09-23T14:32:56.166+0000] {local_task_job_runner.py:266} INFO - Task exited with return code 1
[2026-09-23T14:32:56.181+0000] {taskinstance.py:3901} INFO - 0 downstream tasks scheduled from follow-on schedule check
[2026-09-23T14:32:56.184+0000] {local_task_job_runner.py:245} INFO - ::endgroup::
