[2026-09-23T14:34:58.436+0000] {local_task_job_runner.py:123} INFO - ::group::Pre task execution logs
[2026-09-23T14:34:58.451+0000] {taskinstance.py:2614} INFO - Dependencies all met for dep_context=non-requeueable deps ti=<TaskInstance: dss150p_sales_pipeline.transform manual__2026-09-23T14:27:15+00:00 [queued]>
[2026-09-23T14:34:58.460+0000] {taskinstance.py:2614} INFO - Dependencies all met for dep_context=requeueable deps ti=<TaskInstance: dss150p_sales_pipeline.transform manual__2026-09-23T14:27:15+00:00 [queued]>
[2026-09-23T14:34:58.463+0000] {taskinstance.py:2867} INFO - Starting attempt 3 of 3
[2026-09-23T14:34:58.473+0000] {taskinstance.py:2890} INFO - Executing <Task(BashOperator): transform> on 2026-09-23 14:27:15+00:00
[2026-09-23T14:34:58.477+0000] {standard_task_runner.py:72} INFO - Started process 1330 to run task
[2026-09-23T14:34:58.480+0000] {standard_task_runner.py:104} INFO - Running: ['airflow', 'tasks', 'run', 'dss150p_sales_pipeline', 'transform', 'manual__2026-09-23T14:27:15+00:00', '--job-id', '39', '--raw', '--subdir', 'DAGS_FOLDER/dss150p_pipeline.py', '--cfg-path', '/tmp/tmpwnzifzjr']
[2026-09-23T14:34:58.484+0000] {standard_task_runner.py:105} INFO - Job 39: Subtask transform
[2026-09-23T14:34:58.524+0000] {task_command.py:467} INFO - Running <TaskInstance: dss150p_sales_pipeline.transform manual__2026-09-23T14:27:15+00:00 [running]> on host d86c79f1ad0d
[2026-09-23T14:34:58.583+0000] {taskinstance.py:3134} INFO - Exporting env vars: AIRFLOW_CTX_DAG_OWNER='dss150p' AIRFLOW_CTX_DAG_ID='dss150p_sales_pipeline' AIRFLOW_CTX_TASK_ID='transform' AIRFLOW_CTX_EXECUTION_DATE='2026-09-23T14:27:15+00:00' AIRFLOW_CTX_TRY_NUMBER='3' AIRFLOW_CTX_DAG_RUN_ID='manual__2026-09-23T14:27:15+00:00'
[2026-09-23T14:34:58.584+0000] {taskinstance.py:732} INFO - ::endgroup::
[2026-09-23T14:34:58.595+0000] {subprocess.py:78} INFO - Tmp dir root location: /tmp
[2026-09-23T14:34:58.597+0000] {subprocess.py:88} INFO - Running command: ['/usr/bin/bash', '-c', 'cd /opt/airflow/project && PIPELINE_RUN_ID="manual__2026-09-23T14:27:15+00:00" python -m src.cli transform']
[2026-09-23T14:34:58.604+0000] {subprocess.py:99} INFO - Output:
[2026-09-23T14:34:59.332+0000] {subprocess.py:106} INFO - Traceback (most recent call last):
[2026-09-23T14:34:59.334+0000] {subprocess.py:106} INFO -   File "<frozen runpy>", line 198, in _run_module_as_main
[2026-09-23T14:34:59.336+0000] {subprocess.py:106} INFO -   File "<frozen runpy>", line 88, in _run_code
[2026-09-23T14:34:59.337+0000] {subprocess.py:106} INFO -   File "/opt/airflow/project/src/cli.py", line 88, in <module>
[2026-09-23T14:34:59.338+0000] {subprocess.py:106} INFO -     main()
[2026-09-23T14:34:59.340+0000] {subprocess.py:106} INFO -   File "/opt/airflow/project/src/cli.py", line 54, in main
[2026-09-23T14:34:59.342+0000] {subprocess.py:106} INFO -     raise FileNotFoundError(
[2026-09-23T14:34:59.343+0000] {subprocess.py:106} INFO - FileNotFoundError: Raw snapshot for run_id=manual__2026-09-23T14:27:15+00:00 not found at data/raw/run_id=manual__2026-09-23T14:27:15+00:00. Did extract succeed for this same run_id?
[2026-09-23T14:34:59.384+0000] {subprocess.py:110} INFO - Command exited with return code 1
[2026-09-23T14:34:59.393+0000] {taskinstance.py:3313} ERROR - Task failed with exception
Traceback (most recent call last):
  File "/home/airflow/.local/lib/python3.11/site-packages/airflow/models/taskinstance.py", line 768, in _execute_task
    result = _execute_callable(context=context, **execute_callable_kwargs)
             ^^^^^^^^^^^^^^^^^^^^^^^^^^^^^^^^^^^^^^^^^^^^^^^^^^^^^^^^^^^^^
  File "/home/airflow/.local/lib/python3.11/site-packages/airflow/models/taskinstance.py", line 734, in _execute_callable
    return ExecutionCallableRunner(
           ^^^^^^^^^^^^^^^^^^^^^^^^
  File "/home/airflow/.local/lib/python3.11/site-packages/airflow/utils/operator_helpers.py", line 252, in run
    return self.func(*args, **kwargs)
           ^^^^^^^^^^^^^^^^^^^^^^^^^^
  File "/home/airflow/.local/lib/python3.11/site-packages/airflow/models/baseoperator.py", line 424, in wrapper
    return func(self, *args, **kwargs)
           ^^^^^^^^^^^^^^^^^^^^^^^^^^^
  File "/home/airflow/.local/lib/python3.11/site-packages/airflow/operators/bash.py", line 276, in execute
    raise AirflowException(
airflow.exceptions.AirflowException: Bash command failed. The command returned a non-zero exit code 1.
[2026-09-23T14:34:59.398+0000] {taskinstance.py:1226} INFO - Marking task as FAILED. dag_id=dss150p_sales_pipeline, task_id=transform, run_id=manual__2026-09-23T14:27:15+00:00, execution_date=20260923T142715, start_date=20260923T143458, end_date=20260923T143459
[2026-09-23T14:34:59.400+0000] {taskinstance.py:1564} INFO - Executing callback at index 0: failure_callback
[2026-09-23T14:34:59.401+0000] {logging_mixin.py:190} INFO - TASK FAILED: transform
[2026-09-23T14:34:59.423+0000] {taskinstance.py:341} INFO - ::group::Post task execution logs
[2026-09-23T14:34:59.425+0000] {standard_task_runner.py:124} ERROR - Failed to execute job 39 for task transform (Bash command failed. The command returned a non-zero exit code 1.; 1330)
Traceback (most recent call last):
  File "/home/airflow/.local/lib/python3.11/site-packages/airflow/task/task_runner/standard_task_runner.py", line 117, in _start_by_fork
    ret = args.func(args, dag=self.dag)
          ^^^^^^^^^^^^^^^^^^^^^^^^^^^^^
  File "/home/airflow/.local/lib/python3.11/site-packages/airflow/cli/cli_config.py", line 49, in command
    return func(*args, **kwargs)
           ^^^^^^^^^^^^^^^^^^^^^
  File "/home/airflow/.local/lib/python3.11/site-packages/airflow/utils/cli.py", line 116, in wrapper
    return f(*args, **kwargs)
           ^^^^^^^^^^^^^^^^^^
  File "/home/airflow/.local/lib/python3.11/site-packages/airflow/cli/commands/task_command.py", line 483, in task_run
    task_return_code = _run_task_by_selected_method(args, _dag, ti)
                       ^^^^^^^^^^^^^^^^^^^^^^^^^^^^^^^^^^^^^^^^^^^^
  File "/home/airflow/.local/lib/python3.11/site-packages/airflow/cli/commands/task_command.py", line 256, in _run_task_by_selected_method
    return _run_raw_task(args, ti)
           ^^^^^^^^^^^^^^^^^^^^^^^
  File "/home/airflow/.local/lib/python3.11/site-packages/airflow/cli/commands/task_command.py", line 341, in _run_raw_task
    return ti._run_raw_task(
           ^^^^^^^^^^^^^^^^^
  File "/home/airflow/.local/lib/python3.11/site-packages/airflow/utils/session.py", line 97, in wrapper
    return func(*args, session=session, **kwargs)
           ^^^^^^^^^^^^^^^^^^^^^^^^^^^^^^^^^^^^^^
  File "/home/airflow/.local/lib/python3.11/site-packages/airflow/models/taskinstance.py", line 3006, in _run_raw_task
    return _run_raw_task(
           ^^^^^^^^^^^^^^
  File "/home/airflow/.local/lib/python3.11/site-packages/airflow/models/taskinstance.py", line 274, in _run_raw_task
    TaskInstance._execute_task_with_callbacks(
  File "/home/airflow/.local/lib/python3.11/site-packages/airflow/models/taskinstance.py", line 3161, in _execute_task_with_callbacks
    result = self._execute_task(context, task_orig)
             ^^^^^^^^^^^^^^^^^^^^^^^^^^^^^^^^^^^^^^
  File "/home/airflow/.local/lib/python3.11/site-packages/airflow/models/taskinstance.py", line 3185, in _execute_task
    return _execute_task(self, context, task_orig)
           ^^^^^^^^^^^^^^^^^^^^^^^^^^^^^^^^^^^^^^^
  File "/home/airflow/.local/lib/python3.11/site-packages/airflow/models/taskinstance.py", line 768, in _execute_task
    result = _execute_callable(context=context, **execute_callable_kwargs)
             ^^^^^^^^^^^^^^^^^^^^^^^^^^^^^^^^^^^^^^^^^^^^^^^^^^^^^^^^^^^^^
  File "/home/airflow/.local/lib/python3.11/site-packages/airflow/models/taskinstance.py", line 734, in _execute_callable
    return ExecutionCallableRunner(
           ^^^^^^^^^^^^^^^^^^^^^^^^
  File "/home/airflow/.local/lib/python3.11/site-packages/airflow/utils/operator_helpers.py", line 252, in run
    return self.func(*args, **kwargs)
           ^^^^^^^^^^^^^^^^^^^^^^^^^^
  File "/home/airflow/.local/lib/python3.11/site-packages/airflow/models/baseoperator.py", line 424, in wrapper
    return func(self, *args, **kwargs)
           ^^^^^^^^^^^^^^^^^^^^^^^^^^^
  File "/home/airflow/.local/lib/python3.11/site-packages/airflow/operators/bash.py", line 276, in execute
    raise AirflowException(
airflow.exceptions.AirflowException: Bash command failed. The command returned a non-zero exit code 1.
[2026-09-23T14:34:59.457+0000] {local_task_job_runner.py:266} INFO - Task exited with return code 1
[2026-09-23T14:34:59.473+0000] {taskinstance.py:3901} INFO - 0 downstream tasks scheduled from follow-on schedule check
[2026-09-23T14:34:59.478+0000] {local_task_job_runner.py:245} INFO - ::endgroup::
