[2026-09-23T14:15:13.224+0000] {local_task_job_runner.py:123} INFO - ::group::Pre task execution logs
[2026-09-23T14:15:13.239+0000] {taskinstance.py:2614} INFO - Dependencies all met for dep_context=non-requeueable deps ti=<TaskInstance: dss150p_sales_pipeline.transform manual__2026-09-23T14:14:42+00:00 [queued]>
[2026-09-23T14:15:13.248+0000] {taskinstance.py:2614} INFO - Dependencies all met for dep_context=requeueable deps ti=<TaskInstance: dss150p_sales_pipeline.transform manual__2026-09-23T14:14:42+00:00 [queued]>
[2026-09-23T14:15:13.251+0000] {taskinstance.py:2867} INFO - Starting attempt 1 of 3
[2026-09-23T14:15:13.262+0000] {taskinstance.py:2890} INFO - Executing <Task(BashOperator): transform> on 2026-09-23 14:14:42+00:00
[2026-09-23T14:15:13.268+0000] {standard_task_runner.py:72} INFO - Started process 555 to run task
[2026-09-23T14:15:13.270+0000] {standard_task_runner.py:104} INFO - Running: ['airflow', 'tasks', 'run', 'dss150p_sales_pipeline', 'transform', 'manual__2026-09-23T14:14:42+00:00', '--job-id', '14', '--raw', '--subdir', 'DAGS_FOLDER/dss150p_pipeline.py', '--cfg-path', '/tmp/tmp_4jdka16']
[2026-09-23T14:15:13.273+0000] {standard_task_runner.py:105} INFO - Job 14: Subtask transform
[2026-09-23T14:15:13.317+0000] {task_command.py:467} INFO - Running <TaskInstance: dss150p_sales_pipeline.transform manual__2026-09-23T14:14:42+00:00 [running]> on host d86c79f1ad0d
[2026-09-23T14:15:13.381+0000] {taskinstance.py:3134} INFO - Exporting env vars: AIRFLOW_CTX_DAG_OWNER='dss150p' AIRFLOW_CTX_DAG_ID='dss150p_sales_pipeline' AIRFLOW_CTX_TASK_ID='transform' AIRFLOW_CTX_EXECUTION_DATE='2026-09-23T14:14:42+00:00' AIRFLOW_CTX_TRY_NUMBER='1' AIRFLOW_CTX_DAG_RUN_ID='manual__2026-09-23T14:14:42+00:00'
[2026-09-23T14:15:13.384+0000] {taskinstance.py:732} INFO - ::endgroup::
[2026-09-23T14:15:13.397+0000] {subprocess.py:78} INFO - Tmp dir root location: /tmp
[2026-09-23T14:15:13.400+0000] {subprocess.py:88} INFO - Running command: ['/usr/bin/bash', '-c', 'cd /opt/airflow/project && PIPELINE_RUN_ID="manual__2026-09-23T14:14:42+00:00" python -m src.cli transform']
[2026-09-23T14:15:13.409+0000] {subprocess.py:99} INFO - Output:
[2026-09-23T14:15:16.338+0000] {subprocess.py:110} INFO - Command exited with return code 0
[2026-09-23T14:15:16.365+0000] {taskinstance.py:341} INFO - ::group::Post task execution logs
[2026-09-23T14:15:16.368+0000] {taskinstance.py:353} INFO - Marking task as SUCCESS. dag_id=dss150p_sales_pipeline, task_id=transform, run_id=manual__2026-09-23T14:14:42+00:00, execution_date=20260923T141442, start_date=20260923T141513, end_date=20260923T141516
[2026-09-23T14:15:16.419+0000] {local_task_job_runner.py:266} INFO - Task exited with return code 0
[2026-09-23T14:15:16.440+0000] {taskinstance.py:3901} INFO - 1 downstream tasks scheduled from follow-on schedule check
[2026-09-23T14:15:16.444+0000] {local_task_job_runner.py:245} INFO - ::endgroup::
